<?xml version="1.0" encoding="ISO-8859-1" ?>
<link_info>
   <banner>TMS320C2000 Linker PC v20.2.4.LTS</banner>
   <copyright>Copyright (c) 1996-2018 Texas Instruments Incorporated</copyright>
   <link_time>0x6251972e</link_time>
   <link_errors>0x0</link_errors>
   <output_file>Example_2806xSci_Echoback.out</output_file>
   <entry_point>
      <name>code_start</name>
      <address>0x0</address>
   </entry_point>
   <input_file_list>
      <input_file id="fl-4">
         <path>.\</path>
         <kind>object</kind>
         <file>APWM_utils.obj</file>
         <name>APWM_utils.obj</name>
      </input_file>
      <input_file id="fl-5">
         <path>.\</path>
         <kind>object</kind>
         <file>F2806x_Adc.obj</file>
         <name>F2806x_Adc.obj</name>
      </input_file>
      <input_file id="fl-6">
         <path>.\</path>
         <kind>object</kind>
         <file>F2806x_CodeStartBranch.obj</file>
         <name>F2806x_CodeStartBranch.obj</name>
      </input_file>
      <input_file id="fl-7">
         <path>.\</path>
         <kind>object</kind>
         <file>F2806x_CpuTimers.obj</file>
         <name>F2806x_CpuTimers.obj</name>
      </input_file>
      <input_file id="fl-8">
         <path>.\</path>
         <kind>object</kind>
         <file>F2806x_DefaultIsr.obj</file>
         <name>F2806x_DefaultIsr.obj</name>
      </input_file>
      <input_file id="fl-9">
         <path>.\</path>
         <kind>object</kind>
         <file>F2806x_ECap.obj</file>
         <name>F2806x_ECap.obj</name>
      </input_file>
      <input_file id="fl-a">
         <path>.\</path>
         <kind>object</kind>
         <file>F2806x_EPwm.obj</file>
         <name>F2806x_EPwm.obj</name>
      </input_file>
      <input_file id="fl-b">
         <path>.\</path>
         <kind>object</kind>
         <file>F2806x_GlobalVariableDefs.obj</file>
         <name>F2806x_GlobalVariableDefs.obj</name>
      </input_file>
      <input_file id="fl-c">
         <path>.\</path>
         <kind>object</kind>
         <file>F2806x_PieCtrl.obj</file>
         <name>F2806x_PieCtrl.obj</name>
      </input_file>
      <input_file id="fl-d">
         <path>.\</path>
         <kind>object</kind>
         <file>F2806x_PieVect.obj</file>
         <name>F2806x_PieVect.obj</name>
      </input_file>
      <input_file id="fl-e">
         <path>.\</path>
         <kind>object</kind>
         <file>F2806x_Sci.obj</file>
         <name>F2806x_Sci.obj</name>
      </input_file>
      <input_file id="fl-f">
         <path>.\</path>
         <kind>object</kind>
         <file>F2806x_SysCtrl.obj</file>
         <name>F2806x_SysCtrl.obj</name>
      </input_file>
      <input_file id="fl-10">
         <path>.\</path>
         <kind>object</kind>
         <file>F2806x_usDelay.obj</file>
         <name>F2806x_usDelay.obj</name>
      </input_file>
      <input_file id="fl-11">
         <path>.\</path>
         <kind>object</kind>
         <file>global_funcs.obj</file>
         <name>global_funcs.obj</name>
      </input_file>
      <input_file id="fl-12">
         <path>.\</path>
         <kind>object</kind>
         <file>global_variables.obj</file>
         <name>global_variables.obj</name>
      </input_file>
      <input_file id="fl-13">
         <path>.\</path>
         <kind>object</kind>
         <file>isr.obj</file>
         <name>isr.obj</name>
      </input_file>
      <input_file id="fl-14">
         <path>.\</path>
         <kind>object</kind>
         <file>main.obj</file>
         <name>main.obj</name>
      </input_file>
      <input_file id="fl-15">
         <path>.\</path>
         <kind>object</kind>
         <file>multiple_pulse.obj</file>
         <name>multiple_pulse.obj</name>
      </input_file>
      <input_file id="fl-16">
         <path>.\</path>
         <kind>object</kind>
         <file>sci_utils.obj</file>
         <name>sci_utils.obj</name>
      </input_file>
      <input_file id="fl-1b">
         <kind>object</kind>
         <file>&lt;internal&gt;</file>
         <name>&lt;internal&gt;</name>
      </input_file>
      <input_file id="fl-1c">
         <path>C:\ti\controlSUITE\libs\math\FPUfastRTS\V100\lib\</path>
         <kind>archive</kind>
         <file>rts2800_fpu32_fast_supplement.lib</file>
         <name>div_f32.obj</name>
      </input_file>
      <input_file id="fl-1d">
         <path>C:\ti\ccs1030\ccs\tools\compiler\ti-cgt-c2000_20.2.4.LTS\lib\</path>
         <kind>archive</kind>
         <file>rts2800_fpu32.lib</file>
         <name>sprintf.c.obj</name>
      </input_file>
      <input_file id="fl-1e">
         <path>C:\ti\ccs1030\ccs\tools\compiler\ti-cgt-c2000_20.2.4.LTS\lib\</path>
         <kind>archive</kind>
         <file>rts2800_fpu32.lib</file>
         <name>sscanf.c.obj</name>
      </input_file>
      <input_file id="fl-1f">
         <path>C:\ti\ccs1030\ccs\tools\compiler\ti-cgt-c2000_20.2.4.LTS\lib\</path>
         <kind>archive</kind>
         <file>rts2800_fpu32.lib</file>
         <name>boot28.asm.obj</name>
      </input_file>
      <input_file id="fl-20">
         <path>C:\ti\ccs1030\ccs\tools\compiler\ti-cgt-c2000_20.2.4.LTS\lib\</path>
         <kind>archive</kind>
         <file>rts2800_fpu32.lib</file>
         <name>cpy_tbl.c.obj</name>
      </input_file>
      <input_file id="fl-21">
         <path>C:\ti\ccs1030\ccs\tools\compiler\ti-cgt-c2000_20.2.4.LTS\lib\</path>
         <kind>archive</kind>
         <file>rts2800_fpu32.lib</file>
         <name>memcpy.c.obj</name>
      </input_file>
      <input_file id="fl-22">
         <path>C:\ti\ccs1030\ccs\tools\compiler\ti-cgt-c2000_20.2.4.LTS\lib\</path>
         <kind>archive</kind>
         <file>rts2800_fpu32.lib</file>
         <name>pre_init.c.obj</name>
      </input_file>
      <input_file id="fl-23">
         <path>C:\ti\ccs1030\ccs\tools\compiler\ti-cgt-c2000_20.2.4.LTS\lib\</path>
         <kind>archive</kind>
         <file>rts2800_fpu32.lib</file>
         <name>startup.c.obj</name>
      </input_file>
      <input_file id="fl-24">
         <path>C:\ti\ccs1030\ccs\tools\compiler\ti-cgt-c2000_20.2.4.LTS\lib\</path>
         <kind>archive</kind>
         <file>rts2800_fpu32.lib</file>
         <name>exit.c.obj</name>
      </input_file>
      <input_file id="fl-25">
         <path>C:\ti\ccs1030\ccs\tools\compiler\ti-cgt-c2000_20.2.4.LTS\lib\</path>
         <kind>archive</kind>
         <file>rts2800_fpu32.lib</file>
         <name>_lock.c.obj</name>
      </input_file>
      <input_file id="fl-26">
         <path>C:\ti\ccs1030\ccs\tools\compiler\ti-cgt-c2000_20.2.4.LTS\lib\</path>
         <kind>archive</kind>
         <file>rts2800_fpu32.lib</file>
         <name>args_main.c.obj</name>
      </input_file>
      <input_file id="fl-27">
         <path>C:\ti\ccs1030\ccs\tools\compiler\ti-cgt-c2000_20.2.4.LTS\lib\</path>
         <kind>archive</kind>
         <file>rts2800_fpu32.lib</file>
         <name>ctype.c.obj</name>
      </input_file>
      <input_file id="fl-28">
         <path>C:\ti\ccs1030\ccs\tools\compiler\ti-cgt-c2000_20.2.4.LTS\lib\</path>
         <kind>archive</kind>
         <file>rts2800_fpu32.lib</file>
         <name>memory.c.obj</name>
      </input_file>
      <input_file id="fl-29">
         <path>C:\ti\ccs1030\ccs\tools\compiler\ti-cgt-c2000_20.2.4.LTS\lib\</path>
         <kind>archive</kind>
         <file>rts2800_fpu32.lib</file>
         <name>memset.c.obj</name>
      </input_file>
      <input_file id="fl-2a">
         <path>C:\ti\ccs1030\ccs\tools\compiler\ti-cgt-c2000_20.2.4.LTS\lib\</path>
         <kind>archive</kind>
         <file>rts2800_fpu32.lib</file>
         <name>strlen.c.obj</name>
      </input_file>
      <input_file id="fl-2b">
         <path>C:\ti\ccs1030\ccs\tools\compiler\ti-cgt-c2000_20.2.4.LTS\lib\</path>
         <kind>archive</kind>
         <file>rts2800_fpu32.lib</file>
         <name>_printfi.c.obj</name>
      </input_file>
      <input_file id="fl-2c">
         <path>C:\ti\ccs1030\ccs\tools\compiler\ti-cgt-c2000_20.2.4.LTS\lib\</path>
         <kind>archive</kind>
         <file>rts2800_fpu32.lib</file>
         <name>_scanfi.c.obj</name>
      </input_file>
      <input_file id="fl-2d">
         <path>C:\ti\ccs1030\ccs\tools\compiler\ti-cgt-c2000_20.2.4.LTS\lib\</path>
         <kind>archive</kind>
         <file>rts2800_fpu32.lib</file>
         <name>wcslen.c.obj</name>
      </input_file>
      <input_file id="fl-2e">
         <path>C:\ti\ccs1030\ccs\tools\compiler\ti-cgt-c2000_20.2.4.LTS\lib\</path>
         <kind>archive</kind>
         <file>rts2800_fpu32.lib</file>
         <name>s_frexp.c.obj</name>
      </input_file>
      <input_file id="fl-2f">
         <path>C:\ti\ccs1030\ccs\tools\compiler\ti-cgt-c2000_20.2.4.LTS\lib\</path>
         <kind>archive</kind>
         <file>rts2800_fpu32.lib</file>
         <name>s_scalbn.c.obj</name>
      </input_file>
      <input_file id="fl-30">
         <path>C:\ti\ccs1030\ccs\tools\compiler\ti-cgt-c2000_20.2.4.LTS\lib\</path>
         <kind>archive</kind>
         <file>rts2800_fpu32.lib</file>
         <name>fd_add28.asm.obj</name>
      </input_file>
      <input_file id="fl-31">
         <path>C:\ti\ccs1030\ccs\tools\compiler\ti-cgt-c2000_20.2.4.LTS\lib\</path>
         <kind>archive</kind>
         <file>rts2800_fpu32.lib</file>
         <name>fd_cmp28.asm.obj</name>
      </input_file>
      <input_file id="fl-32">
         <path>C:\ti\ccs1030\ccs\tools\compiler\ti-cgt-c2000_20.2.4.LTS\lib\</path>
         <kind>archive</kind>
         <file>rts2800_fpu32.lib</file>
         <name>fd_mpy28.asm.obj</name>
      </input_file>
      <input_file id="fl-33">
         <path>C:\ti\ccs1030\ccs\tools\compiler\ti-cgt-c2000_20.2.4.LTS\lib\</path>
         <kind>archive</kind>
         <file>rts2800_fpu32.lib</file>
         <name>fd_neg28.asm.obj</name>
      </input_file>
      <input_file id="fl-34">
         <path>C:\ti\ccs1030\ccs\tools\compiler\ti-cgt-c2000_20.2.4.LTS\lib\</path>
         <kind>archive</kind>
         <file>rts2800_fpu32.lib</file>
         <name>fd_sub28.asm.obj</name>
      </input_file>
      <input_file id="fl-35">
         <path>C:\ti\ccs1030\ccs\tools\compiler\ti-cgt-c2000_20.2.4.LTS\lib\</path>
         <kind>archive</kind>
         <file>rts2800_fpu32.lib</file>
         <name>fd_toi28.asm.obj</name>
      </input_file>
      <input_file id="fl-36">
         <path>C:\ti\ccs1030\ccs\tools\compiler\ti-cgt-c2000_20.2.4.LTS\lib\</path>
         <kind>archive</kind>
         <file>rts2800_fpu32.lib</file>
         <name>fd_tol28.asm.obj</name>
      </input_file>
      <input_file id="fl-37">
         <path>C:\ti\ccs1030\ccs\tools\compiler\ti-cgt-c2000_20.2.4.LTS\lib\</path>
         <kind>archive</kind>
         <file>rts2800_fpu32.lib</file>
         <name>ll_aox28.asm.obj</name>
      </input_file>
      <input_file id="fl-38">
         <path>C:\ti\ccs1030\ccs\tools\compiler\ti-cgt-c2000_20.2.4.LTS\lib\</path>
         <kind>archive</kind>
         <file>rts2800_fpu32.lib</file>
         <name>ll_cmp28.asm.obj</name>
      </input_file>
      <input_file id="fl-39">
         <path>C:\ti\ccs1030\ccs\tools\compiler\ti-cgt-c2000_20.2.4.LTS\lib\</path>
         <kind>archive</kind>
         <file>rts2800_fpu32.lib</file>
         <name>ll_div28.asm.obj</name>
      </input_file>
      <input_file id="fl-3a">
         <path>C:\ti\ccs1030\ccs\tools\compiler\ti-cgt-c2000_20.2.4.LTS\lib\</path>
         <kind>archive</kind>
         <file>rts2800_fpu32.lib</file>
         <name>i_tofd28.asm.obj</name>
      </input_file>
      <input_file id="fl-3b">
         <path>C:\ti\ccs1030\ccs\tools\compiler\ti-cgt-c2000_20.2.4.LTS\lib\</path>
         <kind>archive</kind>
         <file>rts2800_fpu32.lib</file>
         <name>l_tofd28.asm.obj</name>
      </input_file>
      <input_file id="fl-3c">
         <path>C:\ti\ccs1030\ccs\tools\compiler\ti-cgt-c2000_20.2.4.LTS\lib\</path>
         <kind>archive</kind>
         <file>rts2800_fpu32.lib</file>
         <name>fs_tofdfpu32.asm.obj</name>
      </input_file>
      <input_file id="fl-3d">
         <path>C:\ti\ccs1030\ccs\tools\compiler\ti-cgt-c2000_20.2.4.LTS\lib\</path>
         <kind>archive</kind>
         <file>rts2800_fpu32.lib</file>
         <name>fd_div28.asm.obj</name>
      </input_file>
      <input_file id="fl-3e">
         <path>C:\ti\ccs1030\ccs\tools\compiler\ti-cgt-c2000_20.2.4.LTS\lib\</path>
         <kind>archive</kind>
         <file>rts2800_fpu32.lib</file>
         <name>_ltoa.c.obj</name>
      </input_file>
      <input_file id="fl-3f">
         <path>C:\ti\ccs1030\ccs\tools\compiler\ti-cgt-c2000_20.2.4.LTS\lib\</path>
         <kind>archive</kind>
         <file>rts2800_fpu32.lib</file>
         <name>atoi.c.obj</name>
      </input_file>
      <input_file id="fl-40">
         <path>C:\ti\ccs1030\ccs\tools\compiler\ti-cgt-c2000_20.2.4.LTS\lib\</path>
         <kind>archive</kind>
         <file>rts2800_fpu32.lib</file>
         <name>memccpy.c.obj</name>
      </input_file>
      <input_file id="fl-41">
         <path>C:\ti\ccs1030\ccs\tools\compiler\ti-cgt-c2000_20.2.4.LTS\lib\</path>
         <kind>archive</kind>
         <file>rts2800_fpu32.lib</file>
         <name>strchr.c.obj</name>
      </input_file>
      <input_file id="fl-42">
         <path>C:\ti\ccs1030\ccs\tools\compiler\ti-cgt-c2000_20.2.4.LTS\lib\</path>
         <kind>archive</kind>
         <file>rts2800_fpu32.lib</file>
         <name>strcpy.c.obj</name>
      </input_file>
      <input_file id="fl-43">
         <path>C:\ti\ccs1030\ccs\tools\compiler\ti-cgt-c2000_20.2.4.LTS\lib\</path>
         <kind>archive</kind>
         <file>rts2800_fpu32.lib</file>
         <name>strrchr.c.obj</name>
      </input_file>
      <input_file id="fl-44">
         <path>C:\ti\ccs1030\ccs\tools\compiler\ti-cgt-c2000_20.2.4.LTS\lib\</path>
         <kind>archive</kind>
         <file>rts2800_fpu32.lib</file>
         <name>strtod.c.obj</name>
      </input_file>
      <input_file id="fl-45">
         <path>C:\ti\ccs1030\ccs\tools\compiler\ti-cgt-c2000_20.2.4.LTS\lib\</path>
         <kind>archive</kind>
         <file>rts2800_fpu32.lib</file>
         <name>strtol.c.obj</name>
      </input_file>
      <input_file id="fl-46">
         <path>C:\ti\ccs1030\ccs\tools\compiler\ti-cgt-c2000_20.2.4.LTS\lib\</path>
         <kind>archive</kind>
         <file>rts2800_fpu32.lib</file>
         <name>strtold.c.obj</name>
      </input_file>
      <input_file id="fl-47">
         <path>C:\ti\ccs1030\ccs\tools\compiler\ti-cgt-c2000_20.2.4.LTS\lib\</path>
         <kind>archive</kind>
         <file>rts2800_fpu32.lib</file>
         <name>strtoll.c.obj</name>
      </input_file>
      <input_file id="fl-48">
         <path>C:\ti\ccs1030\ccs\tools\compiler\ti-cgt-c2000_20.2.4.LTS\lib\</path>
         <kind>archive</kind>
         <file>rts2800_fpu32.lib</file>
         <name>strtoul.c.obj</name>
      </input_file>
      <input_file id="fl-49">
         <path>C:\ti\ccs1030\ccs\tools\compiler\ti-cgt-c2000_20.2.4.LTS\lib\</path>
         <kind>archive</kind>
         <file>rts2800_fpu32.lib</file>
         <name>strtoull.c.obj</name>
      </input_file>
      <input_file id="fl-4a">
         <path>C:\ti\ccs1030\ccs\tools\compiler\ti-cgt-c2000_20.2.4.LTS\lib\</path>
         <kind>archive</kind>
         <file>rts2800_fpu32.lib</file>
         <name>errno.c.obj</name>
      </input_file>
      <input_file id="fl-4b">
         <path>C:\ti\ccs1030\ccs\tools\compiler\ti-cgt-c2000_20.2.4.LTS\lib\</path>
         <kind>archive</kind>
         <file>rts2800_fpu32.lib</file>
         <name>s_copysign.c.obj</name>
      </input_file>
      <input_file id="fl-4c">
         <path>C:\ti\ccs1030\ccs\tools\compiler\ti-cgt-c2000_20.2.4.LTS\lib\</path>
         <kind>archive</kind>
         <file>rts2800_fpu32.lib</file>
         <name>s_scalbnf.c.obj</name>
      </input_file>
      <input_file id="fl-4d">
         <path>C:\ti\ccs1030\ccs\tools\compiler\ti-cgt-c2000_20.2.4.LTS\lib\</path>
         <kind>archive</kind>
         <file>rts2800_fpu32.lib</file>
         <name>s_copysignf.c.obj</name>
      </input_file>
      <input_file id="fl-4e">
         <path>C:\ti\ccs1030\ccs\tools\compiler\ti-cgt-c2000_20.2.4.LTS\lib\</path>
         <kind>archive</kind>
         <file>rts2800_fpu32.lib</file>
         <name>ll_mpy28.asm.obj</name>
      </input_file>
      <input_file id="fl-4f">
         <path>C:\ti\ccs1030\ccs\tools\compiler\ti-cgt-c2000_20.2.4.LTS\lib\</path>
         <kind>archive</kind>
         <file>rts2800_fpu32.lib</file>
         <name>l_div28.asm.obj</name>
      </input_file>
   </input_file_list>
   <object_component_list>
      <object_component id="oc-50">
         <name>codestart</name>
         <load_address>0x0</load_address>
         <run_address>0x0</run_address>
         <size>0x2</size>
         <input_file_ref idref="fl-6"/>
      </object_component>
      <object_component id="oc-c5">
         <name>ramfuncs</name>
         <load_address>0x1a1</load_address>
         <run_address>0x1a1</run_address>
         <size>0x4</size>
         <input_file_ref idref="fl-10"/>
      </object_component>
      <object_component id="oc-23f">
         <name>.text</name>
         <load_address>0x8000</load_address>
         <run_address>0x8000</run_address>
         <size>0xce4</size>
         <input_file_ref idref="fl-2b"/>
      </object_component>
      <object_component id="oc-23a">
         <name>.text</name>
         <load_address>0x8ce4</load_address>
         <run_address>0x8ce4</run_address>
         <size>0x7b5</size>
         <input_file_ref idref="fl-2c"/>
      </object_component>
      <object_component id="oc-1fc">
         <name>.text</name>
         <load_address>0x9499</load_address>
         <run_address>0x9499</run_address>
         <size>0x4d9</size>
         <input_file_ref idref="fl-16"/>
      </object_component>
      <object_component id="oc-1fe">
         <name>.text</name>
         <load_address>0x9972</load_address>
         <run_address>0x9972</run_address>
         <size>0x451</size>
         <input_file_ref idref="fl-14"/>
      </object_component>
      <object_component id="oc-67">
         <name>.text:retain</name>
         <load_address>0x9dc3</load_address>
         <run_address>0x9dc3</run_address>
         <size>0x39b</size>
         <input_file_ref idref="fl-8"/>
      </object_component>
      <object_component id="oc-218">
         <name>.text</name>
         <load_address>0xa15e</load_address>
         <run_address>0xa15e</run_address>
         <size>0x28c</size>
         <input_file_ref idref="fl-28"/>
      </object_component>
      <object_component id="oc-249">
         <name>.text</name>
         <load_address>0xa3ea</load_address>
         <run_address>0xa3ea</run_address>
         <size>0x283</size>
         <input_file_ref idref="fl-46"/>
      </object_component>
      <object_component id="oc-d4">
         <name>.text:retain</name>
         <load_address>0xa66d</load_address>
         <run_address>0xa66d</run_address>
         <size>0x268</size>
         <input_file_ref idref="fl-13"/>
      </object_component>
      <object_component id="oc-233">
         <name>.text</name>
         <load_address>0xa8d5</load_address>
         <run_address>0xa8d5</run_address>
         <size>0x211</size>
         <input_file_ref idref="fl-5"/>
      </object_component>
      <object_component id="oc-24a">
         <name>.text</name>
         <load_address>0xaae6</load_address>
         <run_address>0xaae6</run_address>
         <size>0x1ff</size>
         <input_file_ref idref="fl-44"/>
      </object_component>
      <object_component id="oc-22f">
         <name>.text</name>
         <load_address>0xace5</load_address>
         <run_address>0xace5</run_address>
         <size>0x18c</size>
         <input_file_ref idref="fl-f"/>
      </object_component>
      <object_component id="oc-1ff">
         <name>.text</name>
         <load_address>0xae71</load_address>
         <run_address>0xae71</run_address>
         <size>0x17d</size>
         <input_file_ref idref="fl-15"/>
      </object_component>
      <object_component id="oc-24b">
         <name>.text</name>
         <load_address>0xafee</load_address>
         <run_address>0xafee</run_address>
         <size>0x13f</size>
         <input_file_ref idref="fl-47"/>
      </object_component>
      <object_component id="oc-187">
         <name>.text</name>
         <load_address>0xb12d</load_address>
         <run_address>0xb12d</run_address>
         <size>0x107</size>
         <input_file_ref idref="fl-39"/>
      </object_component>
      <object_component id="oc-247">
         <name>.text</name>
         <load_address>0xb234</load_address>
         <run_address>0xb234</run_address>
         <size>0x103</size>
         <input_file_ref idref="fl-49"/>
      </object_component>
      <object_component id="oc-24c">
         <name>.text</name>
         <load_address>0xb337</load_address>
         <run_address>0xb337</run_address>
         <size>0xd3</size>
         <input_file_ref idref="fl-45"/>
      </object_component>
      <object_component id="oc-248">
         <name>.text</name>
         <load_address>0xb40a</load_address>
         <run_address>0xb40a</run_address>
         <size>0xb1</size>
         <input_file_ref idref="fl-48"/>
      </object_component>
      <object_component id="oc-250">
         <name>.text</name>
         <load_address>0xb4bb</load_address>
         <run_address>0xb4bb</run_address>
         <size>0xae</size>
         <input_file_ref idref="fl-2f"/>
      </object_component>
      <object_component id="oc-15a">
         <name>.text</name>
         <load_address>0xb569</load_address>
         <run_address>0xb569</run_address>
         <size>0x9c</size>
         <input_file_ref idref="fl-30"/>
      </object_component>
      <object_component id="oc-19b">
         <name>.text</name>
         <load_address>0xb605</load_address>
         <run_address>0xb605</run_address>
         <size>0x8b</size>
         <input_file_ref idref="fl-3d"/>
      </object_component>
      <object_component id="oc-164">
         <name>.text</name>
         <load_address>0xb690</load_address>
         <run_address>0xb690</run_address>
         <size>0x83</size>
         <input_file_ref idref="fl-32"/>
      </object_component>
      <object_component id="oc-207">
         <name>.text</name>
         <load_address>0xb713</load_address>
         <run_address>0xb713</run_address>
         <size>0x76</size>
         <input_file_ref idref="fl-7"/>
      </object_component>
      <object_component id="oc-206">
         <name>.text</name>
         <load_address>0xb789</load_address>
         <run_address>0xb789</run_address>
         <size>0x6d</size>
         <input_file_ref idref="fl-1e"/>
      </object_component>
      <object_component id="oc-24f">
         <name>.text</name>
         <load_address>0xb7f6</load_address>
         <run_address>0xb7f6</run_address>
         <size>0x5a</size>
         <input_file_ref idref="fl-2e"/>
      </object_component>
      <object_component id="oc-257">
         <name>.text</name>
         <load_address>0xb850</load_address>
         <run_address>0xb850</run_address>
         <size>0x58</size>
         <input_file_ref idref="fl-4c"/>
      </object_component>
      <object_component id="oc-fc">
         <name>.text</name>
         <load_address>0xb8a8</load_address>
         <run_address>0xb8a8</run_address>
         <size>0x56</size>
         <input_file_ref idref="fl-1f"/>
      </object_component>
      <object_component id="oc-219">
         <name>.text</name>
         <load_address>0xb8fe</load_address>
         <run_address>0xb8fe</run_address>
         <size>0x32</size>
         <input_file_ref idref="fl-1d"/>
      </object_component>
      <object_component id="oc-242">
         <name>.text</name>
         <load_address>0xb930</load_address>
         <run_address>0xb930</run_address>
         <size>0x31</size>
         <input_file_ref idref="fl-3f"/>
      </object_component>
      <object_component id="oc-230">
         <name>.text</name>
         <load_address>0xb961</load_address>
         <run_address>0xb961</run_address>
         <size>0x30</size>
         <input_file_ref idref="fl-e"/>
      </object_component>
      <object_component id="oc-24e">
         <name>.text</name>
         <load_address>0xb991</load_address>
         <run_address>0xb991</run_address>
         <size>0x30</size>
         <input_file_ref idref="fl-3e"/>
      </object_component>
      <object_component id="oc-15f">
         <name>.text</name>
         <load_address>0xb9c1</load_address>
         <run_address>0xb9c1</run_address>
         <size>0x2a</size>
         <input_file_ref idref="fl-31"/>
      </object_component>
      <object_component id="oc-1f6">
         <name>.text</name>
         <load_address>0xb9eb</load_address>
         <run_address>0xb9eb</run_address>
         <size>0x2a</size>
         <input_file_ref idref="fl-4f"/>
      </object_component>
      <object_component id="oc-205">
         <name>.text</name>
         <load_address>0xba15</load_address>
         <run_address>0xba15</run_address>
         <size>0x29</size>
         <input_file_ref idref="fl-24"/>
      </object_component>
      <object_component id="oc-231">
         <name>.text</name>
         <load_address>0xba3e</load_address>
         <run_address>0xba3e</run_address>
         <size>0x28</size>
         <input_file_ref idref="fl-c"/>
      </object_component>
      <object_component id="oc-232">
         <name>.text</name>
         <load_address>0xba66</load_address>
         <run_address>0xba66</run_address>
         <size>0x26</size>
         <input_file_ref idref="fl-d"/>
      </object_component>
      <object_component id="oc-258">
         <name>.text</name>
         <load_address>0xba8c</load_address>
         <run_address>0xba8c</run_address>
         <size>0x25</size>
         <input_file_ref idref="fl-4b"/>
      </object_component>
      <object_component id="oc-202">
         <name>.text</name>
         <load_address>0xbab1</load_address>
         <run_address>0xbab1</run_address>
         <size>0x24</size>
         <input_file_ref idref="fl-20"/>
      </object_component>
      <object_component id="oc-200">
         <name>.text</name>
         <load_address>0xbad5</load_address>
         <run_address>0xbad5</run_address>
         <size>0x22</size>
         <input_file_ref idref="fl-4"/>
      </object_component>
      <object_component id="oc-173">
         <name>.text</name>
         <load_address>0xbaf7</load_address>
         <run_address>0xbaf7</run_address>
         <size>0x21</size>
         <input_file_ref idref="fl-35"/>
      </object_component>
      <object_component id="oc-178">
         <name>.text</name>
         <load_address>0xbb18</load_address>
         <run_address>0xbb18</run_address>
         <size>0x1f</size>
         <input_file_ref idref="fl-36"/>
      </object_component>
      <object_component id="oc-182">
         <name>.text</name>
         <load_address>0xbb37</load_address>
         <run_address>0xbb37</run_address>
         <size>0x1e</size>
         <input_file_ref idref="fl-38"/>
      </object_component>
      <object_component id="oc-18c">
         <name>.text</name>
         <load_address>0xbb55</load_address>
         <run_address>0xbb55</run_address>
         <size>0x1d</size>
         <input_file_ref idref="fl-3a"/>
      </object_component>
      <object_component id="oc-237">
         <name>.text</name>
         <load_address>0xbb72</load_address>
         <run_address>0xbb72</run_address>
         <size>0x1d</size>
         <input_file_ref idref="fl-21"/>
      </object_component>
      <object_component id="oc-196">
         <name>.text</name>
         <load_address>0xbb8f</load_address>
         <run_address>0xbb8f</run_address>
         <size>0x1c</size>
         <input_file_ref idref="fl-3c"/>
      </object_component>
      <object_component id="oc-191">
         <name>.text</name>
         <load_address>0xbbab</load_address>
         <run_address>0xbbab</run_address>
         <size>0x1c</size>
         <input_file_ref idref="fl-3b"/>
      </object_component>
      <object_component id="oc-ee">
         <name>.text</name>
         <load_address>0xbbc7</load_address>
         <run_address>0xbbc7</run_address>
         <size>0x19</size>
         <input_file_ref idref="fl-1c"/>
      </object_component>
      <object_component id="oc-17d">
         <name>.text</name>
         <load_address>0xbbe0</load_address>
         <run_address>0xbbe0</run_address>
         <size>0x18</size>
         <input_file_ref idref="fl-37"/>
      </object_component>
      <object_component id="oc-1f1">
         <name>.text</name>
         <load_address>0xbbf8</load_address>
         <run_address>0xbbf8</run_address>
         <size>0x14</size>
         <input_file_ref idref="fl-4e"/>
      </object_component>
      <object_component id="oc-204">
         <name>.text</name>
         <load_address>0xbc0c</load_address>
         <run_address>0xbc0c</run_address>
         <size>0x12</size>
         <input_file_ref idref="fl-26"/>
      </object_component>
      <object_component id="oc-259">
         <name>.text</name>
         <load_address>0xbc1e</load_address>
         <run_address>0xbc1e</run_address>
         <size>0x11</size>
         <input_file_ref idref="fl-4d"/>
      </object_component>
      <object_component id="oc-251">
         <name>.text</name>
         <load_address>0xbc2f</load_address>
         <run_address>0xbc2f</run_address>
         <size>0x10</size>
         <input_file_ref idref="fl-40"/>
      </object_component>
      <object_component id="oc-16e">
         <name>.text</name>
         <load_address>0xbc3f</load_address>
         <run_address>0xbc3f</run_address>
         <size>0xe</size>
         <input_file_ref idref="fl-34"/>
      </object_component>
      <object_component id="oc-245">
         <name>.text</name>
         <load_address>0xbc4d</load_address>
         <run_address>0xbc4d</run_address>
         <size>0xc</size>
         <input_file_ref idref="fl-41"/>
      </object_component>
      <object_component id="oc-243">
         <name>.text</name>
         <load_address>0xbc59</load_address>
         <run_address>0xbc59</run_address>
         <size>0xb</size>
         <input_file_ref idref="fl-43"/>
      </object_component>
      <object_component id="oc-241">
         <name>.text</name>
         <load_address>0xbc64</load_address>
         <run_address>0xbc64</run_address>
         <size>0x9</size>
         <input_file_ref idref="fl-25"/>
      </object_component>
      <object_component id="oc-169">
         <name>.text</name>
         <load_address>0xbc6d</load_address>
         <run_address>0xbc6d</run_address>
         <size>0x9</size>
         <input_file_ref idref="fl-33"/>
      </object_component>
      <object_component id="oc-252">
         <name>.text</name>
         <load_address>0xbc76</load_address>
         <run_address>0xbc76</run_address>
         <size>0x9</size>
         <input_file_ref idref="fl-2d"/>
      </object_component>
      <object_component id="oc-5b">
         <name>.text</name>
         <load_address>0xbc7f</load_address>
         <run_address>0xbc7f</run_address>
         <size>0x8</size>
         <input_file_ref idref="fl-6"/>
      </object_component>
      <object_component id="oc-21c">
         <name>.text</name>
         <load_address>0xbc87</load_address>
         <run_address>0xbc87</run_address>
         <size>0x8</size>
         <input_file_ref idref="fl-2a"/>
      </object_component>
      <object_component id="oc-23e">
         <name>.text</name>
         <load_address>0xbc8f</load_address>
         <run_address>0xbc8f</run_address>
         <size>0x7</size>
         <input_file_ref idref="fl-29"/>
      </object_component>
      <object_component id="oc-24d">
         <name>.text</name>
         <load_address>0xbc96</load_address>
         <run_address>0xbc96</run_address>
         <size>0x5</size>
         <input_file_ref idref="fl-42"/>
      </object_component>
      <object_component id="oc-201">
         <name>.text</name>
         <load_address>0xbc9b</load_address>
         <run_address>0xbc9b</run_address>
         <size>0x2</size>
         <input_file_ref idref="fl-22"/>
      </object_component>
      <object_component id="oc-203">
         <name>.text</name>
         <load_address>0xbc9d</load_address>
         <run_address>0xbc9d</run_address>
         <size>0x1</size>
         <input_file_ref idref="fl-23"/>
      </object_component>
      <object_component id="oc-cd">
         <name>.cinit</name>
         <load_address>0x50</load_address>
         <run_address>0x50</run_address>
         <size>0x81</size>
         <input_file_ref idref="fl-12"/>
      </object_component>
      <object_component id="oc-d2">
         <name>.cinit</name>
         <load_address>0xd1</load_address>
         <run_address>0xd1</run_address>
         <size>0x18</size>
         <input_file_ref idref="fl-13"/>
      </object_component>
      <object_component id="oc-20d">
         <name>.cinit:_start_timer</name>
         <load_address>0xe9</load_address>
         <run_address>0xe9</run_address>
         <size>0xe</size>
         <input_file_ref idref="fl-16"/>
      </object_component>
      <object_component id="oc-118">
         <name>.cinit</name>
         <load_address>0xf7</load_address>
         <run_address>0xf7</run_address>
         <size>0xe</size>
         <input_file_ref idref="fl-24"/>
      </object_component>
      <object_component id="oc-da">
         <name>.cinit</name>
         <load_address>0x105</load_address>
         <run_address>0x105</run_address>
         <size>0xc</size>
         <input_file_ref idref="fl-14"/>
      </object_component>
      <object_component id="oc-e7">
         <name>.cinit</name>
         <load_address>0x111</load_address>
         <run_address>0x111</run_address>
         <size>0xc</size>
         <input_file_ref idref="fl-16"/>
      </object_component>
      <object_component id="oc-236">
         <name>.cinit:_pin_array</name>
         <load_address>0x11d</load_address>
         <run_address>0x11d</run_address>
         <size>0xa</size>
         <input_file_ref idref="fl-15"/>
      </object_component>
      <object_component id="oc-209">
         <name>.cinit:_set_timer</name>
         <load_address>0x127</load_address>
         <run_address>0x127</run_address>
         <size>0xa</size>
         <input_file_ref idref="fl-16"/>
      </object_component>
      <object_component id="oc-20f">
         <name>.cinit:_stop_timer</name>
         <load_address>0x131</load_address>
         <run_address>0x131</run_address>
         <size>0xa</size>
         <input_file_ref idref="fl-16"/>
      </object_component>
      <object_component id="oc-215">
         <name>.cinit:_phase_us</name>
         <load_address>0x13b</load_address>
         <run_address>0x13b</run_address>
         <size>0x9</size>
         <input_file_ref idref="fl-12"/>
      </object_component>
      <object_component id="oc-211">
         <name>.cinit:_width1_us</name>
         <load_address>0x144</load_address>
         <run_address>0x144</run_address>
         <size>0x9</size>
         <input_file_ref idref="fl-12"/>
      </object_component>
      <object_component id="oc-213">
         <name>.cinit:_width2_us</name>
         <load_address>0x14d</load_address>
         <run_address>0x14d</run_address>
         <size>0x9</size>
         <input_file_ref idref="fl-12"/>
      </object_component>
      <object_component id="oc-20b">
         <name>.cinit:_send_end</name>
         <load_address>0x156</load_address>
         <run_address>0x156</run_address>
         <size>0x7</size>
         <input_file_ref idref="fl-16"/>
      </object_component>
      <object_component id="oc-217">
         <name>.cinit:_frequency</name>
         <load_address>0x15d</load_address>
         <run_address>0x15d</run_address>
         <size>0x6</size>
         <input_file_ref idref="fl-12"/>
      </object_component>
      <object_component id="oc-21b">
         <name>.cinit:_send_begin</name>
         <load_address>0x163</load_address>
         <run_address>0x163</run_address>
         <size>0x6</size>
         <input_file_ref idref="fl-16"/>
      </object_component>
      <object_component id="oc-21e">
         <name>.cinit:_send_begin_hide</name>
         <load_address>0x169</load_address>
         <run_address>0x169</run_address>
         <size>0x6</size>
         <input_file_ref idref="fl-16"/>
      </object_component>
      <object_component id="oc-239">
         <name>.cinit:__lock</name>
         <load_address>0x16f</load_address>
         <run_address>0x16f</run_address>
         <size>0x5</size>
         <input_file_ref idref="fl-25"/>
      </object_component>
      <object_component id="oc-23d">
         <name>.cinit:__unlock</name>
         <load_address>0x174</load_address>
         <run_address>0x174</run_address>
         <size>0x5</size>
         <input_file_ref idref="fl-25"/>
      </object_component>
      <object_component id="oc-223">
         <name>.cinit:_graph_id</name>
         <load_address>0x179</load_address>
         <run_address>0x179</run_address>
         <size>0x5</size>
         <input_file_ref idref="fl-16"/>
      </object_component>
      <object_component id="oc-220">
         <name>.cinit:_screen_id0</name>
         <load_address>0x17e</load_address>
         <run_address>0x17e</run_address>
         <size>0x5</size>
         <input_file_ref idref="fl-16"/>
      </object_component>
      <object_component id="oc-22a">
         <name>.cinit:_start_off_icon</name>
         <load_address>0x183</load_address>
         <run_address>0x183</run_address>
         <size>0x5</size>
         <input_file_ref idref="fl-16"/>
      </object_component>
      <object_component id="oc-228">
         <name>.cinit:_start_on_icon</name>
         <load_address>0x188</load_address>
         <run_address>0x188</run_address>
         <size>0x5</size>
         <input_file_ref idref="fl-16"/>
      </object_component>
      <object_component id="oc-22e">
         <name>.cinit:_stop_off_icon</name>
         <load_address>0x18d</load_address>
         <run_address>0x18d</run_address>
         <size>0x5</size>
         <input_file_ref idref="fl-16"/>
      </object_component>
      <object_component id="oc-22c">
         <name>.cinit:_stop_on_icon</name>
         <load_address>0x192</load_address>
         <run_address>0x192</run_address>
         <size>0x5</size>
         <input_file_ref idref="fl-16"/>
      </object_component>
      <object_component id="oc-1de">
         <name>.cinit</name>
         <load_address>0x197</load_address>
         <run_address>0x197</run_address>
         <size>0x4</size>
         <input_file_ref idref="fl-4a"/>
      </object_component>
      <object_component id="oc-12b">
         <name>.cinit</name>
         <load_address>0x19b</load_address>
         <run_address>0x19b</run_address>
         <size>0x4</size>
         <input_file_ref idref="fl-28"/>
      </object_component>
      <object_component id="oc-fe">
         <name>.reset</name>
         <load_address>0x3fffc0</load_address>
         <run_address>0x3fffc0</run_address>
         <size>0x2</size>
         <input_file_ref idref="fl-1f"/>
      </object_component>
      <object_component id="oc-fd">
         <name>.stack</name>
         <uninitialized>true</uninitialized>
         <run_address>0xe000</run_address>
         <size>0x0</size>
         <input_file_ref idref="fl-1f"/>
      </object_component>
      <object_component id="oc-2b1">
         <name>.stack</name>
         <uninitialized>true</uninitialized>
         <run_address>0xe000</run_address>
         <size>0x0</size>
      </object_component>
      <object_component id="oc-61">
         <name>.ebss</name>
         <uninitialized>true</uninitialized>
         <run_address>0xc764</run_address>
         <size>0x18</size>
         <input_file_ref idref="fl-7"/>
      </object_component>
      <object_component id="oc-cf">
         <name>.ebss</name>
         <uninitialized>true</uninitialized>
         <run_address>0xc800</run_address>
         <size>0x32</size>
         <input_file_ref idref="fl-12"/>
      </object_component>
      <object_component id="oc-216">
         <name>.ebss:_frequency</name>
         <uninitialized>true</uninitialized>
         <run_address>0xc7bd</run_address>
         <size>0x3</size>
         <input_file_ref idref="fl-12"/>
      </object_component>
      <object_component id="oc-210">
         <name>.ebss:_width1_us</name>
         <uninitialized>true</uninitialized>
         <run_address>0xc86a</run_address>
         <size>0x6</size>
         <input_file_ref idref="fl-12"/>
      </object_component>
      <object_component id="oc-212">
         <name>.ebss:_width2_us</name>
         <uninitialized>true</uninitialized>
         <run_address>0xc870</run_address>
         <size>0x6</size>
         <input_file_ref idref="fl-12"/>
      </object_component>
      <object_component id="oc-214">
         <name>.ebss:_phase_us</name>
         <uninitialized>true</uninitialized>
         <run_address>0xc83a</run_address>
         <size>0x6</size>
         <input_file_ref idref="fl-12"/>
      </object_component>
      <object_component id="oc-1fb">
         <name>.ebss:_rdataA</name>
         <uninitialized>true</uninitialized>
         <run_address>0xc780</run_address>
         <size>0x32</size>
         <input_file_ref idref="fl-12"/>
      </object_component>
      <object_component id="oc-1fd">
         <name>.ebss:_rdataB</name>
         <uninitialized>true</uninitialized>
         <run_address>0xc7c0</run_address>
         <size>0x32</size>
         <input_file_ref idref="fl-12"/>
      </object_component>
      <object_component id="oc-d3">
         <name>.ebss</name>
         <uninitialized>true</uninitialized>
         <run_address>0xc876</run_address>
         <size>0x6</size>
         <input_file_ref idref="fl-13"/>
      </object_component>
      <object_component id="oc-db">
         <name>.ebss</name>
         <uninitialized>true</uninitialized>
         <run_address>0xc88c</run_address>
         <size>0x3</size>
         <input_file_ref idref="fl-14"/>
      </object_component>
      <object_component id="oc-235">
         <name>.ebss:_pin_array</name>
         <uninitialized>true</uninitialized>
         <run_address>0xc7f2</run_address>
         <size>0x7</size>
         <input_file_ref idref="fl-15"/>
      </object_component>
      <object_component id="oc-234">
         <name>.ebss:_operation</name>
         <uninitialized>true</uninitialized>
         <run_address>0xc840</run_address>
         <size>0x2a</size>
         <input_file_ref idref="fl-15"/>
      </object_component>
      <object_component id="oc-e8">
         <name>.ebss</name>
         <uninitialized>true</uninitialized>
         <run_address>0xc88f</run_address>
         <size>0x3</size>
         <input_file_ref idref="fl-16"/>
      </object_component>
      <object_component id="oc-21f">
         <name>.ebss:_screen_id0</name>
         <uninitialized>true</uninitialized>
         <run_address>0xc898</run_address>
         <size>0x2</size>
         <input_file_ref idref="fl-16"/>
      </object_component>
      <object_component id="oc-229">
         <name>.ebss:_start_off_icon</name>
         <uninitialized>true</uninitialized>
         <run_address>0xc89a</run_address>
         <size>0x2</size>
         <input_file_ref idref="fl-16"/>
      </object_component>
      <object_component id="oc-227">
         <name>.ebss:_start_on_icon</name>
         <uninitialized>true</uninitialized>
         <run_address>0xc89c</run_address>
         <size>0x2</size>
         <input_file_ref idref="fl-16"/>
      </object_component>
      <object_component id="oc-22d">
         <name>.ebss:_stop_off_icon</name>
         <uninitialized>true</uninitialized>
         <run_address>0xc89e</run_address>
         <size>0x2</size>
         <input_file_ref idref="fl-16"/>
      </object_component>
      <object_component id="oc-22b">
         <name>.ebss:_stop_on_icon</name>
         <uninitialized>true</uninitialized>
         <run_address>0xc8a0</run_address>
         <size>0x2</size>
         <input_file_ref idref="fl-16"/>
      </object_component>
      <object_component id="oc-222">
         <name>.ebss:_graph_id</name>
         <uninitialized>true</uninitialized>
         <run_address>0xc896</run_address>
         <size>0x2</size>
         <input_file_ref idref="fl-16"/>
      </object_component>
      <object_component id="oc-21a">
         <name>.ebss:_send_begin</name>
         <uninitialized>true</uninitialized>
         <run_address>0xc886</run_address>
         <size>0x3</size>
         <input_file_ref idref="fl-16"/>
      </object_component>
      <object_component id="oc-21d">
         <name>.ebss:_send_begin_hide</name>
         <uninitialized>true</uninitialized>
         <run_address>0xc889</run_address>
         <size>0x3</size>
         <input_file_ref idref="fl-16"/>
      </object_component>
      <object_component id="oc-20a">
         <name>.ebss:_send_end</name>
         <uninitialized>true</uninitialized>
         <run_address>0xc77c</run_address>
         <size>0x4</size>
         <input_file_ref idref="fl-16"/>
      </object_component>
      <object_component id="oc-208">
         <name>.ebss:_set_timer</name>
         <uninitialized>true</uninitialized>
         <run_address>0xc7f9</run_address>
         <size>0x7</size>
         <input_file_ref idref="fl-16"/>
      </object_component>
      <object_component id="oc-20e">
         <name>.ebss:_stop_timer</name>
         <uninitialized>true</uninitialized>
         <run_address>0xc832</run_address>
         <size>0x7</size>
         <input_file_ref idref="fl-16"/>
      </object_component>
      <object_component id="oc-20c">
         <name>.ebss:_start_timer</name>
         <uninitialized>true</uninitialized>
         <run_address>0xc7b2</run_address>
         <size>0xb</size>
         <input_file_ref idref="fl-16"/>
      </object_component>
      <object_component id="oc-119">
         <name>.ebss</name>
         <uninitialized>true</uninitialized>
         <run_address>0xc880</run_address>
         <size>0x6</size>
         <input_file_ref idref="fl-24"/>
      </object_component>
      <object_component id="oc-238">
         <name>.ebss:__lock</name>
         <uninitialized>true</uninitialized>
         <run_address>0xc892</run_address>
         <size>0x2</size>
         <input_file_ref idref="fl-25"/>
      </object_component>
      <object_component id="oc-23c">
         <name>.ebss:__unlock</name>
         <uninitialized>true</uninitialized>
         <run_address>0xc894</run_address>
         <size>0x2</size>
         <input_file_ref idref="fl-25"/>
      </object_component>
      <object_component id="oc-12c">
         <name>.ebss</name>
         <uninitialized>true</uninitialized>
         <run_address>0xc87c</run_address>
         <size>0x4</size>
         <input_file_ref idref="fl-28"/>
      </object_component>
      <object_component id="oc-1df">
         <name>.ebss</name>
         <uninitialized>true</uninitialized>
         <run_address>0xc839</run_address>
         <size>0x1</size>
         <input_file_ref idref="fl-4a"/>
      </object_component>
      <object_component id="oc-23b">
         <name>.econst:.string:__ctypes_</name>
         <load_address>0xc400</load_address>
         <run_address>0xc400</run_address>
         <size>0x101</size>
         <input_file_ref idref="fl-27"/>
      </object_component>
      <object_component id="oc-240">
         <name>.econst:_PieVectTableInit</name>
         <load_address>0xc502</load_address>
         <run_address>0xc502</run_address>
         <size>0x100</size>
         <input_file_ref idref="fl-d"/>
      </object_component>
      <object_component id="oc-253">
         <name>.econst:_digits</name>
         <load_address>0xc602</load_address>
         <run_address>0xc602</run_address>
         <size>0x40</size>
         <input_file_ref idref="fl-46"/>
      </object_component>
      <object_component id="oc-13e">
         <name>.econst:.string</name>
         <load_address>0xc642</load_address>
         <run_address>0xc642</run_address>
         <size>0x26</size>
         <input_file_ref idref="fl-2b"/>
      </object_component>
      <object_component id="oc-254">
         <name>.econst:_powerof10</name>
         <load_address>0xc668</load_address>
         <run_address>0xc668</run_address>
         <size>0x24</size>
         <input_file_ref idref="fl-46"/>
      </object_component>
      <object_component id="oc-255">
         <name>.econst:_digits</name>
         <load_address>0xc68c</load_address>
         <run_address>0xc68c</run_address>
         <size>0x20</size>
         <input_file_ref idref="fl-44"/>
      </object_component>
      <object_component id="oc-13d">
         <name>.econst</name>
         <load_address>0xc6ac</load_address>
         <run_address>0xc6ac</run_address>
         <size>0x1c</size>
         <input_file_ref idref="fl-2b"/>
      </object_component>
      <object_component id="oc-155">
         <name>.econst</name>
         <load_address>0xc6c8</load_address>
         <run_address>0xc6c8</run_address>
         <size>0x1c</size>
         <input_file_ref idref="fl-2f"/>
      </object_component>
      <object_component id="oc-ce">
         <name>.econst</name>
         <load_address>0xc6e4</load_address>
         <run_address>0xc6e4</run_address>
         <size>0x15</size>
         <input_file_ref idref="fl-12"/>
      </object_component>
      <object_component id="oc-dc">
         <name>.econst:.string</name>
         <load_address>0xc6fa</load_address>
         <run_address>0xc6fa</run_address>
         <size>0xf</size>
         <input_file_ref idref="fl-14"/>
      </object_component>
      <object_component id="oc-144">
         <name>.econst:.string</name>
         <load_address>0xc70a</load_address>
         <run_address>0xc70a</run_address>
         <size>0xe</size>
         <input_file_ref idref="fl-2c"/>
      </object_component>
      <object_component id="oc-e9">
         <name>.econst:.string</name>
         <load_address>0xc718</load_address>
         <run_address>0xc718</run_address>
         <size>0xd</size>
         <input_file_ref idref="fl-16"/>
      </object_component>
      <object_component id="oc-256">
         <name>.econst:_powerof10</name>
         <load_address>0xc726</load_address>
         <run_address>0xc726</run_address>
         <size>0xc</size>
         <input_file_ref idref="fl-44"/>
      </object_component>
      <object_component id="oc-1c9">
         <name>.econst</name>
         <load_address>0xc732</load_address>
         <run_address>0xc732</run_address>
         <size>0xc</size>
         <input_file_ref idref="fl-46"/>
      </object_component>
      <object_component id="oc-14f">
         <name>.econst</name>
         <load_address>0xc73e</load_address>
         <run_address>0xc73e</run_address>
         <size>0x8</size>
         <input_file_ref idref="fl-2e"/>
      </object_component>
      <object_component id="oc-244">
         <name>.econst:.string:_flit$1</name>
         <load_address>0xc746</load_address>
         <run_address>0xc746</run_address>
         <size>0x7</size>
         <input_file_ref idref="fl-2c"/>
      </object_component>
      <object_component id="oc-246">
         <name>.econst:.string:_barr$2</name>
         <load_address>0xc74d</load_address>
         <run_address>0xc74d</run_address>
         <size>0x6</size>
         <input_file_ref idref="fl-2c"/>
      </object_component>
      <object_component id="oc-1e7">
         <name>.econst</name>
         <load_address>0xc754</load_address>
         <run_address>0xc754</run_address>
         <size>0x6</size>
         <input_file_ref idref="fl-4c"/>
      </object_component>
      <object_component id="oc-221">
         <name>.econst:.string:_$P$T0$1</name>
         <load_address>0xc75a</load_address>
         <run_address>0xc75a</run_address>
         <size>0x3</size>
         <input_file_ref idref="fl-16"/>
      </object_component>
      <object_component id="oc-225">
         <name>.econst:.string:_$P$T2$3</name>
         <load_address>0xc75d</load_address>
         <run_address>0xc75d</run_address>
         <size>0x3</size>
         <input_file_ref idref="fl-16"/>
      </object_component>
      <object_component id="oc-224">
         <name>.econst:.string:_$P$T1$2</name>
         <load_address>0xc760</load_address>
         <run_address>0xc760</run_address>
         <size>0x2</size>
         <input_file_ref idref="fl-16"/>
      </object_component>
      <object_component id="oc-226">
         <name>.econst:.string:_$P$T3$4</name>
         <load_address>0xc762</load_address>
         <run_address>0xc762</run_address>
         <size>0x2</size>
         <input_file_ref idref="fl-16"/>
      </object_component>
      <object_component id="oc-12d">
         <name>.esysmem</name>
         <uninitialized>true</uninitialized>
         <run_address>0xc000</run_address>
         <size>0x4</size>
         <input_file_ref idref="fl-28"/>
      </object_component>
      <object_component id="oc-2b2">
         <name>.esysmem</name>
         <uninitialized>true</uninitialized>
         <run_address>0xc000</run_address>
         <size>0x0</size>
      </object_component>
      <object_component id="oc-ae">
         <name>PieVectTableFile</name>
         <uninitialized>true</uninitialized>
         <run_address>0xd00</run_address>
         <size>0x100</size>
         <input_file_ref idref="fl-b"/>
      </object_component>
      <object_component id="oc-78">
         <name>EmuKeyVar</name>
         <uninitialized>true</uninitialized>
         <run_address>0xd00</run_address>
         <size>0x1</size>
         <input_file_ref idref="fl-b"/>
      </object_component>
      <object_component id="oc-79">
         <name>EmuBModeVar</name>
         <uninitialized>true</uninitialized>
         <run_address>0xd01</run_address>
         <size>0x1</size>
         <input_file_ref idref="fl-b"/>
      </object_component>
      <object_component id="oc-7b">
         <name>FlashCallbackVar</name>
         <uninitialized>true</uninitialized>
         <run_address>0xd02</run_address>
         <size>0x2</size>
         <input_file_ref idref="fl-b"/>
      </object_component>
      <object_component id="oc-7a">
         <name>FlashScalingVar</name>
         <uninitialized>true</uninitialized>
         <run_address>0xd04</run_address>
         <size>0x2</size>
         <input_file_ref idref="fl-b"/>
      </object_component>
      <object_component id="oc-7d">
         <name>DevEmuRegsFile</name>
         <uninitialized>true</uninitialized>
         <run_address>0x880</run_address>
         <size>0x4</size>
         <input_file_ref idref="fl-b"/>
      </object_component>
      <object_component id="oc-7c">
         <name>SysPwrCtrlRegsFile</name>
         <uninitialized>true</uninitialized>
         <run_address>0x985</run_address>
         <size>0x3</size>
         <input_file_ref idref="fl-b"/>
      </object_component>
      <object_component id="oc-82">
         <name>FlashRegsFile</name>
         <uninitialized>true</uninitialized>
         <run_address>0xa80</run_address>
         <size>0x8</size>
         <input_file_ref idref="fl-b"/>
      </object_component>
      <object_component id="oc-84">
         <name>CsmRegsFile</name>
         <uninitialized>true</uninitialized>
         <run_address>0xae0</run_address>
         <size>0x10</size>
         <input_file_ref idref="fl-b"/>
      </object_component>
      <object_component id="oc-83">
         <name>AdcResultFile</name>
         <uninitialized>true</uninitialized>
         <run_address>0xb00</run_address>
         <size>0x10</size>
         <input_file_ref idref="fl-b"/>
      </object_component>
      <object_component id="oc-7e">
         <name>CpuTimer0RegsFile</name>
         <uninitialized>true</uninitialized>
         <run_address>0xc00</run_address>
         <size>0x8</size>
         <input_file_ref idref="fl-b"/>
      </object_component>
      <object_component id="oc-7f">
         <name>CpuTimer1RegsFile</name>
         <uninitialized>true</uninitialized>
         <run_address>0xc08</run_address>
         <size>0x8</size>
         <input_file_ref idref="fl-b"/>
      </object_component>
      <object_component id="oc-80">
         <name>CpuTimer2RegsFile</name>
         <uninitialized>true</uninitialized>
         <run_address>0xc10</run_address>
         <size>0x8</size>
         <input_file_ref idref="fl-b"/>
      </object_component>
      <object_component id="oc-8e">
         <name>PieCtrlRegsFile</name>
         <uninitialized>true</uninitialized>
         <run_address>0xce0</run_address>
         <size>0x1a</size>
         <input_file_ref idref="fl-b"/>
      </object_component>
      <object_component id="oc-9e">
         <name>Cla1RegsFile</name>
         <uninitialized>true</uninitialized>
         <run_address>0x1400</run_address>
         <size>0x40</size>
         <input_file_ref idref="fl-b"/>
      </object_component>
      <object_component id="oc-ac">
         <name>DmaRegsFile</name>
         <uninitialized>true</uninitialized>
         <run_address>0x1000</run_address>
         <size>0xe0</size>
         <input_file_ref idref="fl-b"/>
      </object_component>
      <object_component id="oc-9d">
         <name>ECanaRegsFile</name>
         <uninitialized>true</uninitialized>
         <run_address>0x6000</run_address>
         <size>0x34</size>
         <input_file_ref idref="fl-b"/>
      </object_component>
      <object_component id="oc-9f">
         <name>ECanaLAMRegsFile</name>
         <uninitialized>true</uninitialized>
         <run_address>0x6040</run_address>
         <size>0x40</size>
         <input_file_ref idref="fl-b"/>
      </object_component>
      <object_component id="oc-ad">
         <name>ECanaMboxesFile</name>
         <uninitialized>true</uninitialized>
         <run_address>0x6100</run_address>
         <size>0x100</size>
         <input_file_ref idref="fl-b"/>
      </object_component>
      <object_component id="oc-a0">
         <name>ECanaMOTSRegsFile</name>
         <uninitialized>true</uninitialized>
         <run_address>0x6080</run_address>
         <size>0x40</size>
         <input_file_ref idref="fl-b"/>
      </object_component>
      <object_component id="oc-a1">
         <name>ECanaMOTORegsFile</name>
         <uninitialized>true</uninitialized>
         <run_address>0x60c0</run_address>
         <size>0x40</size>
         <input_file_ref idref="fl-b"/>
      </object_component>
      <object_component id="oc-8f">
         <name>ECap1RegsFile</name>
         <uninitialized>true</uninitialized>
         <run_address>0x6a00</run_address>
         <size>0x20</size>
         <input_file_ref idref="fl-b"/>
      </object_component>
      <object_component id="oc-90">
         <name>ECap2RegsFile</name>
         <uninitialized>true</uninitialized>
         <run_address>0x6a20</run_address>
         <size>0x20</size>
         <input_file_ref idref="fl-b"/>
      </object_component>
      <object_component id="oc-91">
         <name>ECap3RegsFile</name>
         <uninitialized>true</uninitialized>
         <run_address>0x6a40</run_address>
         <size>0x20</size>
         <input_file_ref idref="fl-b"/>
      </object_component>
      <object_component id="oc-98">
         <name>EQep1RegsFile</name>
         <uninitialized>true</uninitialized>
         <run_address>0x6b00</run_address>
         <size>0x22</size>
         <input_file_ref idref="fl-b"/>
      </object_component>
      <object_component id="oc-99">
         <name>EQep2RegsFile</name>
         <uninitialized>true</uninitialized>
         <run_address>0x6b40</run_address>
         <size>0x22</size>
         <input_file_ref idref="fl-b"/>
      </object_component>
      <object_component id="oc-aa">
         <name>GpioCtrlRegsFile</name>
         <uninitialized>true</uninitialized>
         <run_address>0x6f80</run_address>
         <size>0x40</size>
         <input_file_ref idref="fl-b"/>
      </object_component>
      <object_component id="oc-92">
         <name>GpioDataRegsFile</name>
         <uninitialized>true</uninitialized>
         <run_address>0x6fc0</run_address>
         <size>0x20</size>
         <input_file_ref idref="fl-b"/>
      </object_component>
      <object_component id="oc-93">
         <name>GpioIntRegsFile</name>
         <uninitialized>true</uninitialized>
         <run_address>0x6fe0</run_address>
         <size>0x20</size>
         <input_file_ref idref="fl-b"/>
      </object_component>
      <object_component id="oc-94">
         <name>HRCap1RegsFile</name>
         <uninitialized>true</uninitialized>
         <run_address>0x6ac0</run_address>
         <size>0x20</size>
         <input_file_ref idref="fl-b"/>
      </object_component>
      <object_component id="oc-95">
         <name>HRCap2RegsFile</name>
         <uninitialized>true</uninitialized>
         <run_address>0x6ae0</run_address>
         <size>0x20</size>
         <input_file_ref idref="fl-b"/>
      </object_component>
      <object_component id="oc-96">
         <name>HRCap3RegsFile</name>
         <uninitialized>true</uninitialized>
         <run_address>0x6c80</run_address>
         <size>0x20</size>
         <input_file_ref idref="fl-b"/>
      </object_component>
      <object_component id="oc-97">
         <name>HRCap4RegsFile</name>
         <uninitialized>true</uninitialized>
         <run_address>0x6ca0</run_address>
         <size>0x20</size>
         <input_file_ref idref="fl-b"/>
      </object_component>
      <object_component id="oc-9c">
         <name>SysCtrlRegsFile</name>
         <uninitialized>true</uninitialized>
         <run_address>0x7010</run_address>
         <size>0x30</size>
         <input_file_ref idref="fl-b"/>
      </object_component>
      <object_component id="oc-88">
         <name>SpiaRegsFile</name>
         <uninitialized>true</uninitialized>
         <run_address>0x7040</run_address>
         <size>0x10</size>
         <input_file_ref idref="fl-b"/>
      </object_component>
      <object_component id="oc-89">
         <name>SpibRegsFile</name>
         <uninitialized>true</uninitialized>
         <run_address>0x7740</run_address>
         <size>0x10</size>
         <input_file_ref idref="fl-b"/>
      </object_component>
      <object_component id="oc-86">
         <name>SciaRegsFile</name>
         <uninitialized>true</uninitialized>
         <run_address>0x7050</run_address>
         <size>0x10</size>
         <input_file_ref idref="fl-b"/>
      </object_component>
      <object_component id="oc-87">
         <name>ScibRegsFile</name>
         <uninitialized>true</uninitialized>
         <run_address>0x7750</run_address>
         <size>0x10</size>
         <input_file_ref idref="fl-b"/>
      </object_component>
      <object_component id="oc-85">
         <name>NmiIntruptRegsFile</name>
         <uninitialized>true</uninitialized>
         <run_address>0x7060</run_address>
         <size>0x10</size>
         <input_file_ref idref="fl-b"/>
      </object_component>
      <object_component id="oc-8a">
         <name>XIntruptRegsFile</name>
         <uninitialized>true</uninitialized>
         <run_address>0x7070</run_address>
         <size>0x10</size>
         <input_file_ref idref="fl-b"/>
      </object_component>
      <object_component id="oc-ab">
         <name>AdcRegsFile</name>
         <uninitialized>true</uninitialized>
         <run_address>0x7100</run_address>
         <size>0x50</size>
         <input_file_ref idref="fl-b"/>
      </object_component>
      <object_component id="oc-9a">
         <name>I2caRegsFile</name>
         <uninitialized>true</uninitialized>
         <run_address>0x7900</run_address>
         <size>0x22</size>
         <input_file_ref idref="fl-b"/>
      </object_component>
      <object_component id="oc-8b">
         <name>Comp1RegsFile</name>
         <uninitialized>true</uninitialized>
         <run_address>0x6400</run_address>
         <size>0x14</size>
         <input_file_ref idref="fl-b"/>
      </object_component>
      <object_component id="oc-8c">
         <name>Comp2RegsFile</name>
         <uninitialized>true</uninitialized>
         <run_address>0x6420</run_address>
         <size>0x14</size>
         <input_file_ref idref="fl-b"/>
      </object_component>
      <object_component id="oc-8d">
         <name>Comp3RegsFile</name>
         <uninitialized>true</uninitialized>
         <run_address>0x6440</run_address>
         <size>0x14</size>
         <input_file_ref idref="fl-b"/>
      </object_component>
      <object_component id="oc-a2">
         <name>EPwm1RegsFile</name>
         <uninitialized>true</uninitialized>
         <run_address>0x6800</run_address>
         <size>0x40</size>
         <input_file_ref idref="fl-b"/>
      </object_component>
      <object_component id="oc-a3">
         <name>EPwm2RegsFile</name>
         <uninitialized>true</uninitialized>
         <run_address>0x6840</run_address>
         <size>0x40</size>
         <input_file_ref idref="fl-b"/>
      </object_component>
      <object_component id="oc-a4">
         <name>EPwm3RegsFile</name>
         <uninitialized>true</uninitialized>
         <run_address>0x6880</run_address>
         <size>0x40</size>
         <input_file_ref idref="fl-b"/>
      </object_component>
      <object_component id="oc-a5">
         <name>EPwm4RegsFile</name>
         <uninitialized>true</uninitialized>
         <run_address>0x68c0</run_address>
         <size>0x40</size>
         <input_file_ref idref="fl-b"/>
      </object_component>
      <object_component id="oc-a6">
         <name>EPwm5RegsFile</name>
         <uninitialized>true</uninitialized>
         <run_address>0x6900</run_address>
         <size>0x40</size>
         <input_file_ref idref="fl-b"/>
      </object_component>
      <object_component id="oc-a7">
         <name>EPwm6RegsFile</name>
         <uninitialized>true</uninitialized>
         <run_address>0x6940</run_address>
         <size>0x40</size>
         <input_file_ref idref="fl-b"/>
      </object_component>
      <object_component id="oc-a8">
         <name>EPwm7RegsFile</name>
         <uninitialized>true</uninitialized>
         <run_address>0x6980</run_address>
         <size>0x40</size>
         <input_file_ref idref="fl-b"/>
      </object_component>
      <object_component id="oc-a9">
         <name>EPwm8RegsFile</name>
         <uninitialized>true</uninitialized>
         <run_address>0x69c0</run_address>
         <size>0x40</size>
         <input_file_ref idref="fl-b"/>
      </object_component>
      <object_component id="oc-9b">
         <name>McbspaRegsFile</name>
         <uninitialized>true</uninitialized>
         <run_address>0x5000</run_address>
         <size>0x24</size>
         <input_file_ref idref="fl-b"/>
      </object_component>
      <object_component id="oc-af">
         <name>Usb0RegsFile</name>
         <uninitialized>true</uninitialized>
         <run_address>0x4000</run_address>
         <size>0x454</size>
         <input_file_ref idref="fl-b"/>
      </object_component>
      <object_component id="oc-81">
         <name>CsmPwlFile</name>
         <uninitialized>true</uninitialized>
         <run_address>0x3f7ff8</run_address>
         <size>0x8</size>
         <input_file_ref idref="fl-b"/>
      </object_component>
      <object_component id="oc-77">
         <name>PartIdRegsFile</name>
         <uninitialized>true</uninitialized>
         <run_address>0x3d7e80</run_address>
         <size>0x1</size>
         <input_file_ref idref="fl-b"/>
      </object_component>
      <object_component id="oc-51">
         <name>.debug_info</name>
         <load_address>0x0</load_address>
         <run_address>0x0</run_address>
         <size>0x1ae2</size>
         <input_file_ref idref="fl-4"/>
      </object_component>
      <object_component id="oc-56">
         <name>.debug_info</name>
         <load_address>0x1ae2</load_address>
         <run_address>0x1ae2</run_address>
         <size>0x4ef6</size>
         <input_file_ref idref="fl-5"/>
      </object_component>
      <object_component id="oc-5d">
         <name>.debug_info</name>
         <load_address>0x69d8</load_address>
         <run_address>0x69d8</run_address>
         <size>0x1f3</size>
         <input_file_ref idref="fl-6"/>
      </object_component>
      <object_component id="oc-60">
         <name>.debug_info</name>
         <load_address>0x6bcb</load_address>
         <run_address>0x6bcb</run_address>
         <size>0xad9</size>
         <input_file_ref idref="fl-7"/>
      </object_component>
      <object_component id="oc-66">
         <name>.debug_info</name>
         <load_address>0x76a4</load_address>
         <run_address>0x76a4</run_address>
         <size>0x51dc</size>
         <input_file_ref idref="fl-8"/>
      </object_component>
      <object_component id="oc-6c">
         <name>.debug_info</name>
         <load_address>0xc880</load_address>
         <run_address>0xc880</run_address>
         <size>0x18cb</size>
         <input_file_ref idref="fl-9"/>
      </object_component>
      <object_component id="oc-71">
         <name>.debug_info</name>
         <load_address>0xe14b</load_address>
         <run_address>0xe14b</run_address>
         <size>0x18cb</size>
         <input_file_ref idref="fl-a"/>
      </object_component>
      <object_component id="oc-76">
         <name>.debug_info</name>
         <load_address>0xfa16</load_address>
         <run_address>0xfa16</run_address>
         <size>0x1b084</size>
         <input_file_ref idref="fl-b"/>
      </object_component>
      <object_component id="oc-b1">
         <name>.debug_info</name>
         <load_address>0x2aa9a</load_address>
         <run_address>0x2aa9a</run_address>
         <size>0xc73</size>
         <input_file_ref idref="fl-c"/>
      </object_component>
      <object_component id="oc-b6">
         <name>.debug_info</name>
         <load_address>0x2b70d</load_address>
         <run_address>0x2b70d</run_address>
         <size>0x2533</size>
         <input_file_ref idref="fl-d"/>
      </object_component>
      <object_component id="oc-bb">
         <name>.debug_info</name>
         <load_address>0x2dc40</load_address>
         <run_address>0x2dc40</run_address>
         <size>0x1c3a</size>
         <input_file_ref idref="fl-e"/>
      </object_component>
      <object_component id="oc-c0">
         <name>.debug_info</name>
         <load_address>0x2f87a</load_address>
         <run_address>0x2f87a</run_address>
         <size>0x2e6a</size>
         <input_file_ref idref="fl-f"/>
      </object_component>
      <object_component id="oc-c7">
         <name>.debug_info</name>
         <load_address>0x326e4</load_address>
         <run_address>0x326e4</run_address>
         <size>0x17e</size>
         <input_file_ref idref="fl-10"/>
      </object_component>
      <object_component id="oc-ca">
         <name>.debug_info</name>
         <load_address>0x32862</load_address>
         <run_address>0x32862</run_address>
         <size>0x197</size>
         <input_file_ref idref="fl-11"/>
      </object_component>
      <object_component id="oc-cc">
         <name>.debug_info</name>
         <load_address>0x329f9</load_address>
         <run_address>0x329f9</run_address>
         <size>0xaaf</size>
         <input_file_ref idref="fl-12"/>
      </object_component>
      <object_component id="oc-d1">
         <name>.debug_info</name>
         <load_address>0x334a8</load_address>
         <run_address>0x334a8</run_address>
         <size>0x45a1</size>
         <input_file_ref idref="fl-13"/>
      </object_component>
      <object_component id="oc-d9">
         <name>.debug_info</name>
         <load_address>0x37a49</load_address>
         <run_address>0x37a49</run_address>
         <size>0x9047</size>
         <input_file_ref idref="fl-14"/>
      </object_component>
      <object_component id="oc-e1">
         <name>.debug_info</name>
         <load_address>0x40a90</load_address>
         <run_address>0x40a90</run_address>
         <size>0x141c</size>
         <input_file_ref idref="fl-15"/>
      </object_component>
      <object_component id="oc-e6">
         <name>.debug_info</name>
         <load_address>0x41eac</load_address>
         <run_address>0x41eac</run_address>
         <size>0x2e5d</size>
         <input_file_ref idref="fl-16"/>
      </object_component>
      <object_component id="oc-ef">
         <name>.debug_info</name>
         <load_address>0x44d09</load_address>
         <run_address>0x44d09</run_address>
         <size>0x142</size>
         <input_file_ref idref="fl-1c"/>
      </object_component>
      <object_component id="oc-f2">
         <name>.debug_info</name>
         <load_address>0x44e4b</load_address>
         <run_address>0x44e4b</run_address>
         <size>0x64c</size>
         <input_file_ref idref="fl-1d"/>
      </object_component>
      <object_component id="oc-f7">
         <name>.debug_info</name>
         <load_address>0x45497</load_address>
         <run_address>0x45497</run_address>
         <size>0x7bc</size>
         <input_file_ref idref="fl-1e"/>
      </object_component>
      <object_component id="oc-ff">
         <name>.debug_info</name>
         <load_address>0x45c53</load_address>
         <run_address>0x45c53</run_address>
         <size>0x173</size>
         <input_file_ref idref="fl-1f"/>
      </object_component>
      <object_component id="oc-103">
         <name>.debug_info</name>
         <load_address>0x45dc6</load_address>
         <run_address>0x45dc6</run_address>
         <size>0x561</size>
         <input_file_ref idref="fl-20"/>
      </object_component>
      <object_component id="oc-108">
         <name>.debug_info</name>
         <load_address>0x46327</load_address>
         <run_address>0x46327</run_address>
         <size>0x43a</size>
         <input_file_ref idref="fl-21"/>
      </object_component>
      <object_component id="oc-10d">
         <name>.debug_info</name>
         <load_address>0x46761</load_address>
         <run_address>0x46761</run_address>
         <size>0x3ad</size>
         <input_file_ref idref="fl-22"/>
      </object_component>
      <object_component id="oc-112">
         <name>.debug_info</name>
         <load_address>0x46b0e</load_address>
         <run_address>0x46b0e</run_address>
         <size>0x3aa</size>
         <input_file_ref idref="fl-23"/>
      </object_component>
      <object_component id="oc-117">
         <name>.debug_info</name>
         <load_address>0x46eb8</load_address>
         <run_address>0x46eb8</run_address>
         <size>0x544</size>
         <input_file_ref idref="fl-24"/>
      </object_component>
      <object_component id="oc-11e">
         <name>.debug_info</name>
         <load_address>0x473fc</load_address>
         <run_address>0x473fc</run_address>
         <size>0x4cc</size>
         <input_file_ref idref="fl-25"/>
      </object_component>
      <object_component id="oc-123">
         <name>.debug_info</name>
         <load_address>0x478c8</load_address>
         <run_address>0x478c8</run_address>
         <size>0x467</size>
         <input_file_ref idref="fl-26"/>
      </object_component>
      <object_component id="oc-128">
         <name>.debug_info</name>
         <load_address>0x47d2f</load_address>
         <run_address>0x47d2f</run_address>
         <size>0x1e7</size>
         <input_file_ref idref="fl-27"/>
      </object_component>
      <object_component id="oc-12a">
         <name>.debug_info</name>
         <load_address>0x47f16</load_address>
         <run_address>0x47f16</run_address>
         <size>0xf62</size>
         <input_file_ref idref="fl-28"/>
      </object_component>
      <object_component id="oc-132">
         <name>.debug_info</name>
         <load_address>0x48e78</load_address>
         <run_address>0x48e78</run_address>
         <size>0x502</size>
         <input_file_ref idref="fl-29"/>
      </object_component>
      <object_component id="oc-137">
         <name>.debug_info</name>
         <load_address>0x4937a</load_address>
         <run_address>0x4937a</run_address>
         <size>0x4aa</size>
         <input_file_ref idref="fl-2a"/>
      </object_component>
      <object_component id="oc-13c">
         <name>.debug_info</name>
         <load_address>0x49824</load_address>
         <run_address>0x49824</run_address>
         <size>0x26e8</size>
         <input_file_ref idref="fl-2b"/>
      </object_component>
      <object_component id="oc-143">
         <name>.debug_info</name>
         <load_address>0x4bf0c</load_address>
         <run_address>0x4bf0c</run_address>
         <size>0x19dc</size>
         <input_file_ref idref="fl-2c"/>
      </object_component>
      <object_component id="oc-149">
         <name>.debug_info</name>
         <load_address>0x4d8e8</load_address>
         <run_address>0x4d8e8</run_address>
         <size>0x40c</size>
         <input_file_ref idref="fl-2d"/>
      </object_component>
      <object_component id="oc-14e">
         <name>.debug_info</name>
         <load_address>0x4dcf4</load_address>
         <run_address>0x4dcf4</run_address>
         <size>0x4a6</size>
         <input_file_ref idref="fl-2e"/>
      </object_component>
      <object_component id="oc-154">
         <name>.debug_info</name>
         <load_address>0x4e19a</load_address>
         <run_address>0x4e19a</run_address>
         <size>0x532</size>
         <input_file_ref idref="fl-2f"/>
      </object_component>
      <object_component id="oc-15b">
         <name>.debug_info</name>
         <load_address>0x4e6cc</load_address>
         <run_address>0x4e6cc</run_address>
         <size>0x114</size>
         <input_file_ref idref="fl-30"/>
      </object_component>
      <object_component id="oc-160">
         <name>.debug_info</name>
         <load_address>0x4e7e0</load_address>
         <run_address>0x4e7e0</run_address>
         <size>0x120</size>
         <input_file_ref idref="fl-31"/>
      </object_component>
      <object_component id="oc-165">
         <name>.debug_info</name>
         <load_address>0x4e900</load_address>
         <run_address>0x4e900</run_address>
         <size>0x114</size>
         <input_file_ref idref="fl-32"/>
      </object_component>
      <object_component id="oc-16a">
         <name>.debug_info</name>
         <load_address>0x4ea14</load_address>
         <run_address>0x4ea14</run_address>
         <size>0x114</size>
         <input_file_ref idref="fl-33"/>
      </object_component>
      <object_component id="oc-16f">
         <name>.debug_info</name>
         <load_address>0x4eb28</load_address>
         <run_address>0x4eb28</run_address>
         <size>0x122</size>
         <input_file_ref idref="fl-34"/>
      </object_component>
      <object_component id="oc-174">
         <name>.debug_info</name>
         <load_address>0x4ec4a</load_address>
         <run_address>0x4ec4a</run_address>
         <size>0x114</size>
         <input_file_ref idref="fl-35"/>
      </object_component>
      <object_component id="oc-179">
         <name>.debug_info</name>
         <load_address>0x4ed5e</load_address>
         <run_address>0x4ed5e</run_address>
         <size>0x114</size>
         <input_file_ref idref="fl-36"/>
      </object_component>
      <object_component id="oc-17e">
[...]
      </symbol>
      <symbol id="sm-440">
         <name>_GPA_SET</name>
         <value>0xae7d</value>
         <object_component_ref idref="oc-1ff"/>
      </symbol>
      <symbol id="sm-442">
         <name>_sort_operation</name>
         <value>0xaf4e</value>
         <object_component_ref idref="oc-1ff"/>
      </symbol>
      <symbol id="sm-444">
         <name>_operation</name>
         <value>0xc840</value>
         <object_component_ref idref="oc-234"/>
      </symbol>
      <symbol id="sm-445">
         <name>_init_operation</name>
         <value>0xae93</value>
         <object_component_ref idref="oc-1ff"/>
      </symbol>
      <symbol id="sm-447">
         <name>_GPA_CLEAR</name>
         <value>0xae88</value>
         <object_component_ref idref="oc-1ff"/>
      </symbol>
      <symbol id="sm-449">
         <name>_swap_operation</name>
         <value>0xaf29</value>
         <object_component_ref idref="oc-1ff"/>
      </symbol>
      <symbol id="sm-4eb">
         <name>_test_uart_flag</name>
         <value>0xc891</value>
         <object_component_ref idref="oc-e8"/>
      </symbol>
      <symbol id="sm-4ec">
         <name>_stop_off_icon</name>
         <value>0xc89e</value>
         <object_component_ref idref="oc-22d"/>
      </symbol>
      <symbol id="sm-4ed">
         <name>_add_data</name>
         <value>0x9902</value>
         <object_component_ref idref="oc-1fc"/>
      </symbol>
      <symbol id="sm-4ef">
         <name>_icon_off_state</name>
         <value>0x9959</value>
         <object_component_ref idref="oc-1fc"/>
      </symbol>
      <symbol id="sm-4f1">
         <name>_stop_on_icon</name>
         <value>0xc8a0</value>
         <object_component_ref idref="oc-22b"/>
      </symbol>
      <symbol id="sm-4f2">
         <name>_update_touch_int</name>
         <value>0x97f9</value>
         <object_component_ref idref="oc-1fc"/>
      </symbol>
      <symbol id="sm-4f4">
         <name>_send_begin_hide</name>
         <value>0xc889</value>
         <object_component_ref idref="oc-21d"/>
      </symbol>
      <symbol id="sm-4f5">
         <name>_graph_id</name>
         <value>0xc896</value>
         <object_component_ref idref="oc-222"/>
      </symbol>
      <symbol id="sm-4f6">
         <name>_send_end</name>
         <value>0xc77c</value>
         <object_component_ref idref="oc-20a"/>
      </symbol>
      <symbol id="sm-4f7">
         <name>_substring</name>
         <value>0x9774</value>
         <object_component_ref idref="oc-1fc"/>
      </symbol>
      <symbol id="sm-4f9">
         <name>_stop_timer</name>
         <value>0xc832</value>
         <object_component_ref idref="oc-20e"/>
      </symbol>
      <symbol id="sm-4fa">
         <name>_screen_id0</name>
         <value>0xc898</value>
         <object_component_ref idref="oc-21f"/>
      </symbol>
      <symbol id="sm-4fb">
         <name>_set_timer</name>
         <value>0xc7f9</value>
         <object_component_ref idref="oc-208"/>
      </symbol>
      <symbol id="sm-4fc">
         <name>_sci_msg</name>
         <value>0x9759</value>
         <object_component_ref idref="oc-1fc"/>
      </symbol>
      <symbol id="sm-4fe">
         <name>_start_on_icon</name>
         <value>0xc89c</value>
         <object_component_ref idref="oc-227"/>
      </symbol>
      <symbol id="sm-4ff">
         <name>_change_icon_state</name>
         <value>0x98aa</value>
         <object_component_ref idref="oc-1fc"/>
      </symbol>
      <symbol id="sm-501">
         <name>_valid_cmd</name>
         <value>0x979b</value>
         <object_component_ref idref="oc-1fc"/>
      </symbol>
      <symbol id="sm-503">
         <name>_icon_on_state</name>
         <value>0x9940</value>
         <object_component_ref idref="oc-1fc"/>
      </symbol>
      <symbol id="sm-505">
         <name>_sci_xmit</name>
         <value>0x9713</value>
         <object_component_ref idref="oc-1fc"/>
      </symbol>
      <symbol id="sm-507">
         <name>_start_timer</name>
         <value>0xc7b2</value>
         <object_component_ref idref="oc-20c"/>
      </symbol>
      <symbol id="sm-508">
         <name>_wait_flag</name>
         <value>0xc890</value>
         <object_component_ref idref="oc-e8"/>
      </symbol>
      <symbol id="sm-509">
         <name>_scia_echoback_init</name>
         <value>0x96dd</value>
         <object_component_ref idref="oc-1fc"/>
      </symbol>
      <symbol id="sm-50b">
         <name>_scib_echoback_init</name>
         <value>0x96f8</value>
         <object_component_ref idref="oc-1fc"/>
      </symbol>
      <symbol id="sm-50d">
         <name>_update_PC_data</name>
         <value>0x981a</value>
         <object_component_ref idref="oc-1fc"/>
      </symbol>
      <symbol id="sm-50f">
         <name>_cmd_len</name>
         <value>0xc88f</value>
         <object_component_ref idref="oc-e8"/>
      </symbol>
      <symbol id="sm-510">
         <name>_send_two_byte_data</name>
         <value>0x9842</value>
         <object_component_ref idref="oc-1fc"/>
      </symbol>
      <symbol id="sm-512">
         <name>_sci_xmit_2byte</name>
         <value>0x9730</value>
         <object_component_ref idref="oc-1fc"/>
      </symbol>
      <symbol id="sm-514">
         <name>_update_touch_data</name>
         <value>0x97c6</value>
         <object_component_ref idref="oc-1fc"/>
      </symbol>
      <symbol id="sm-516">
         <name>_update_progress</name>
         <value>0x9863</value>
         <object_component_ref idref="oc-1fc"/>
      </symbol>
      <symbol id="sm-518">
         <name>_update_channel</name>
         <value>0x988b</value>
         <object_component_ref idref="oc-1fc"/>
      </symbol>
      <symbol id="sm-51a">
         <name>_start_off_icon</name>
         <value>0xc89a</value>
         <object_component_ref idref="oc-229"/>
      </symbol>
      <symbol id="sm-51b">
         <name>_process_cmd</name>
         <value>0x9499</value>
         <object_component_ref idref="oc-1fc"/>
      </symbol>
      <symbol id="sm-51d">
         <name>_send_begin</name>
         <value>0xc886</value>
         <object_component_ref idref="oc-21a"/>
      </symbol>
      <symbol id="sm-51e">
         <name>_add_data_channel</name>
         <value>0x98d1</value>
         <object_component_ref idref="oc-1fc"/>
      </symbol>
      <symbol id="sm-527">
         <name>FS$$DIV</name>
         <value>0xbbc7</value>
         <object_component_ref idref="oc-ee"/>
      </symbol>
      <symbol id="sm-535">
         <name>_sprintf</name>
         <value>0xb8fe</value>
         <object_component_ref idref="oc-219"/>
      </symbol>
      <symbol id="sm-550">
         <name>_sscanf</name>
         <value>0xb799</value>
         <object_component_ref idref="oc-206"/>
      </symbol>
      <symbol id="sm-552">
         <name>_vsscanf</name>
         <value>0xb789</value>
         <object_component_ref idref="oc-206"/>
      </symbol>
      <symbol id="sm-56e">
         <name>_c_int00</name>
         <value>0xb8a8</value>
         <object_component_ref idref="oc-fc"/>
      </symbol>
      <symbol id="sm-56f">
         <name>__stack</name>
         <value>0xe000</value>
         <object_component_ref idref="oc-fd"/>
      </symbol>
      <symbol id="sm-57e">
         <name>_copy_in</name>
         <value>0xbab1</value>
         <object_component_ref idref="oc-202"/>
      </symbol>
      <symbol id="sm-590">
         <name>_memcpy</name>
         <value>0xbb72</value>
         <object_component_ref idref="oc-237"/>
      </symbol>
      <symbol id="sm-59d">
         <name>__system_pre_init</name>
         <value>0xbc9b</value>
         <object_component_ref idref="oc-201"/>
      </symbol>
      <symbol id="sm-5ab">
         <name>__system_post_cinit</name>
         <value>0xbc9d</value>
         <object_component_ref idref="oc-203"/>
      </symbol>
      <symbol id="sm-5c0">
         <name>C$$EXIT</name>
         <value>0xba15</value>
         <object_component_ref idref="oc-205"/>
      </symbol>
      <symbol id="sm-5c1">
         <name>_exit</name>
         <value>0xba17</value>
         <object_component_ref idref="oc-205"/>
      </symbol>
      <symbol id="sm-5c3">
         <name>___TI_cleanup_ptr</name>
         <value>0xc882</value>
         <object_component_ref idref="oc-119"/>
      </symbol>
      <symbol id="sm-5c4">
         <name>___TI_enable_exit_profile_output</name>
         <value>0xc880</value>
         <object_component_ref idref="oc-119"/>
      </symbol>
      <symbol id="sm-5c5">
         <name>_abort</name>
         <value>0xba15</value>
         <object_component_ref idref="oc-205"/>
      </symbol>
      <symbol id="sm-5c7">
         <name>___TI_dtors_ptr</name>
         <value>0xc884</value>
         <object_component_ref idref="oc-119"/>
      </symbol>
      <symbol id="sm-5db">
         <name>__unlock</name>
         <value>0xc894</value>
         <object_component_ref idref="oc-23c"/>
      </symbol>
      <symbol id="sm-5dc">
         <name>__lock</name>
         <value>0xc892</value>
         <object_component_ref idref="oc-238"/>
      </symbol>
      <symbol id="sm-5dd">
         <name>__register_lock</name>
         <value>0xbc68</value>
         <object_component_ref idref="oc-241"/>
      </symbol>
      <symbol id="sm-5df">
         <name>__nop</name>
         <value>0xbc6c</value>
         <object_component_ref idref="oc-241"/>
      </symbol>
      <symbol id="sm-5e1">
         <name>__register_unlock</name>
         <value>0xbc64</value>
         <object_component_ref idref="oc-241"/>
      </symbol>
      <symbol id="sm-5f1">
         <name>__args_main</name>
         <value>0xbc0c</value>
         <object_component_ref idref="oc-204"/>
      </symbol>
      <symbol id="sm-5fa">
         <name>__ctypes_</name>
         <value>0xc400</value>
         <object_component_ref idref="oc-23b"/>
      </symbol>
      <symbol id="sm-657">
         <name>__sys_memory</name>
         <value>0xc000</value>
         <object_component_ref idref="oc-12d"/>
      </symbol>
      <symbol id="sm-658">
         <name>___TI_heap_total_available</name>
         <value>0xa3ae</value>
         <object_component_ref idref="oc-218"/>
      </symbol>
      <symbol id="sm-65a">
         <name>_realloc</name>
         <value>0xa253</value>
         <object_component_ref idref="oc-218"/>
      </symbol>
      <symbol id="sm-65c">
         <name>___TI_heap_check</name>
         <value>0xa3e8</value>
         <object_component_ref idref="oc-218"/>
      </symbol>
      <symbol id="sm-65e">
         <name>_free</name>
         <value>0xa189</value>
         <object_component_ref idref="oc-218"/>
      </symbol>
      <symbol id="sm-660">
         <name>_memalign</name>
         <value>0xa308</value>
         <object_component_ref idref="oc-218"/>
      </symbol>
      <symbol id="sm-661">
         <name>_calloc</name>
         <value>0xa2db</value>
         <object_component_ref idref="oc-218"/>
      </symbol>
      <symbol id="sm-663">
         <name>_malloc</name>
         <value>0xa15e</value>
         <object_component_ref idref="oc-218"/>
      </symbol>
      <symbol id="sm-665">
         <name>_aligned_alloc</name>
         <value>0xa308</value>
         <object_component_ref idref="oc-218"/>
      </symbol>
      <symbol id="sm-667">
         <name>_minit</name>
         <value>0xa2d7</value>
         <object_component_ref idref="oc-218"/>
      </symbol>
      <symbol id="sm-669">
         <name>___TI_heap_largest_available</name>
         <value>0xa3cb</value>
         <object_component_ref idref="oc-218"/>
      </symbol>
      <symbol id="sm-678">
         <name>_memset</name>
         <value>0xbc8f</value>
         <object_component_ref idref="oc-23e"/>
      </symbol>
      <symbol id="sm-686">
         <name>_strlen</name>
         <value>0xbc87</value>
         <object_component_ref idref="oc-21c"/>
      </symbol>
      <symbol id="sm-7e7">
         <name>___TI_printfi</name>
         <value>0x8b53</value>
         <object_component_ref idref="oc-23f"/>
      </symbol>
      <symbol id="sm-8ee">
         <name>___TI_scanfi</name>
         <value>0x919f</value>
         <object_component_ref idref="oc-23a"/>
      </symbol>
      <symbol id="sm-8fd">
         <name>_wcslen</name>
         <value>0xbc76</value>
         <object_component_ref idref="oc-252"/>
      </symbol>
      <symbol id="sm-911">
         <name>_frexpl</name>
         <value>0xb7f6</value>
         <object_component_ref idref="oc-24f"/>
      </symbol>
      <symbol id="sm-930">
         <name>_scalbnl</name>
         <value>0xb4bb</value>
         <object_component_ref idref="oc-250"/>
      </symbol>
      <symbol id="sm-932">
         <name>_ldexpl</name>
         <value>0xb4bb</value>
         <object_component_ref idref="oc-250"/>
      </symbol>
      <symbol id="sm-94d">
         <name>FD$$ADD</name>
         <value>0xb569</value>
         <object_component_ref idref="oc-15a"/>
      </symbol>
      <symbol id="sm-95d">
         <name>FD$$CMP</name>
         <value>0xb9c1</value>
         <object_component_ref idref="oc-15f"/>
      </symbol>
      <symbol id="sm-96f">
         <name>FD$$MPY</name>
         <value>0xb690</value>
         <object_component_ref idref="oc-164"/>
      </symbol>
      <symbol id="sm-97c">
         <name>FD$$NEG</name>
         <value>0xbc6d</value>
         <object_component_ref idref="oc-169"/>
      </symbol>
      <symbol id="sm-988">
         <name>FD$$SUB</name>
         <value>0xbc3f</value>
         <object_component_ref idref="oc-16e"/>
      </symbol>
      <symbol id="sm-997">
         <name>FD$$TOI</name>
         <value>0xbaf7</value>
         <object_component_ref idref="oc-173"/>
      </symbol>
      <symbol id="sm-9a6">
         <name>FD$$TOL</name>
         <value>0xbb18</value>
         <object_component_ref idref="oc-178"/>
      </symbol>
      <symbol id="sm-9b2">
         <name>LL$$AND</name>
         <value>0xbbe0</value>
         <object_component_ref idref="oc-17d"/>
      </symbol>
      <symbol id="sm-9b3">
         <name>LL$$OR</name>
         <value>0xbbe8</value>
         <object_component_ref idref="oc-17d"/>
      </symbol>
      <symbol id="sm-9b4">
         <name>LL$$XOR</name>
         <value>0xbbf0</value>
         <object_component_ref idref="oc-17d"/>
      </symbol>
      <symbol id="sm-9c2">
         <name>ULL$$CMP</name>
         <value>0xbb49</value>
         <object_component_ref idref="oc-182"/>
      </symbol>
      <symbol id="sm-9c3">
         <name>LL$$CMP</name>
         <value>0xbb37</value>
         <object_component_ref idref="oc-182"/>
      </symbol>
      <symbol id="sm-9ef">
         <name>ULL$$MOD</name>
         <value>0xb1d2</value>
         <object_component_ref idref="oc-187"/>
      </symbol>
      <symbol id="sm-9f0">
         <name>ULL$$DIV</name>
         <value>0xb1a3</value>
         <object_component_ref idref="oc-187"/>
      </symbol>
      <symbol id="sm-9f1">
         <name>LL$$MOD</name>
         <value>0xb169</value>
         <object_component_ref idref="oc-187"/>
      </symbol>
      <symbol id="sm-9f2">
         <name>LL$$DIV</name>
         <value>0xb12d</value>
         <object_component_ref idref="oc-187"/>
      </symbol>
      <symbol id="sm-a02">
         <name>I$$TOFD</name>
         <value>0xbb55</value>
         <object_component_ref idref="oc-18c"/>
      </symbol>
      <symbol id="sm-a12">
         <name>L$$TOFD</name>
         <value>0xbbab</value>
         <object_component_ref idref="oc-191"/>
      </symbol>
      <symbol id="sm-a22">
         <name>FS$$TOFD</name>
         <value>0xbb8f</value>
         <object_component_ref idref="oc-196"/>
      </symbol>
      <symbol id="sm-a39">
         <name>FD$$DIV</name>
         <value>0xb605</value>
         <object_component_ref idref="oc-19b"/>
      </symbol>
      <symbol id="sm-a47">
         <name>___TI_ltoa</name>
         <value>0xb991</value>
         <object_component_ref idref="oc-24e"/>
      </symbol>
      <symbol id="sm-a5c">
         <name>_atoi</name>
         <value>0xb930</value>
         <object_component_ref idref="oc-242"/>
      </symbol>
      <symbol id="sm-a6c">
         <name>_memccpy</name>
         <value>0xbc2f</value>
         <object_component_ref idref="oc-251"/>
      </symbol>
      <symbol id="sm-a7c">
         <name>_strchr</name>
         <value>0xbc4d</value>
         <object_component_ref idref="oc-245"/>
      </symbol>
      <symbol id="sm-a8a">
         <name>_strcpy</name>
         <value>0xbc96</value>
         <object_component_ref idref="oc-24d"/>
      </symbol>
      <symbol id="sm-a9a">
         <name>_strrchr</name>
         <value>0xbc59</value>
         <object_component_ref idref="oc-243"/>
      </symbol>
      <symbol id="sm-af7">
         <name>_strtod</name>
         <value>0xaae6</value>
         <object_component_ref idref="oc-24a"/>
      </symbol>
      <symbol id="sm-af9">
         <name>_strtof</name>
         <value>0xaae6</value>
         <object_component_ref idref="oc-24a"/>
      </symbol>
      <symbol id="sm-b1e">
         <name>_strtol</name>
         <value>0xb337</value>
         <object_component_ref idref="oc-24c"/>
      </symbol>
      <symbol id="sm-b86">
         <name>_strtold</name>
         <value>0xa3ea</value>
         <object_component_ref idref="oc-249"/>
      </symbol>
      <symbol id="sm-bad">
         <name>_strtoll</name>
         <value>0xafee</value>
         <object_component_ref idref="oc-24b"/>
      </symbol>
      <symbol id="sm-bd1">
         <name>_strtoul</name>
         <value>0xb40a</value>
         <object_component_ref idref="oc-248"/>
      </symbol>
      <symbol id="sm-bf4">
         <name>_strtoull</name>
         <value>0xb234</value>
         <object_component_ref idref="oc-247"/>
      </symbol>
      <symbol id="sm-bff">
         <name>_errno</name>
         <value>0xc839</value>
         <object_component_ref idref="oc-1df"/>
      </symbol>
      <symbol id="sm-c0c">
         <name>_copysignl</name>
         <value>0xba8c</value>
         <object_component_ref idref="oc-258"/>
      </symbol>
      <symbol id="sm-c25">
         <name>_scalbn</name>
         <value>0xb850</value>
         <object_component_ref idref="oc-257"/>
      </symbol>
      <symbol id="sm-c26">
         <name>_ldexp</name>
         <value>0xb850</value>
         <object_component_ref idref="oc-257"/>
      </symbol>
      <symbol id="sm-c27">
         <name>_scalbnf</name>
         <value>0xb850</value>
         <object_component_ref idref="oc-257"/>
      </symbol>
      <symbol id="sm-c29">
         <name>_ldexpf</name>
         <value>0xb850</value>
         <object_component_ref idref="oc-257"/>
      </symbol>
      <symbol id="sm-c35">
         <name>_copysignf</name>
         <value>0xbc1e</value>
         <object_component_ref idref="oc-259"/>
      </symbol>
      <symbol id="sm-c37">
         <name>_copysign</name>
         <value>0xbc1e</value>
         <object_component_ref idref="oc-259"/>
      </symbol>
      <symbol id="sm-c43">
         <name>LL$$MPY</name>
         <value>0xbbf8</value>
         <object_component_ref idref="oc-1f1"/>
      </symbol>
      <symbol id="sm-c4f">
         <name>UL$$MOD</name>
         <value>0xba0f</value>
         <object_component_ref idref="oc-1f6"/>
      </symbol>
      <symbol id="sm-c50">
         <name>L$$MOD</name>
         <value>0xb9fa</value>
         <object_component_ref idref="oc-1f6"/>
      </symbol>
      <symbol id="sm-c51">
         <name>L$$DIV</name>
         <value>0xb9eb</value>
         <object_component_ref idref="oc-1f6"/>
      </symbol>
      <symbol id="sm-c52">
         <name>UL$$DIV</name>
         <value>0xba08</value>
         <object_component_ref idref="oc-1f6"/>
      </symbol>
   </symbol_table>
   <title>Link successful</title>
</link_info>
