<?xml version="1.0" encoding="ISO-8859-1" ?>
<link_info>
   <banner>TMS320C2000 Linker PC v20.2.5.LTS</banner>
   <copyright>Copyright (c) 1996-2018 Texas Instruments Incorporated</copyright>
   <link_time>0x637845a8</link_time>
   <link_errors>0x0</link_errors>
   <output_file>Example_2806xSci_Echoback.out</output_file>
   <entry_point>
      <name>code_start</name>
      <address>0x3f7ff6</address>
   </entry_point>
   <input_file_list>
      <input_file id="fl-4">
         <path>.\</path>
         <kind>object</kind>
         <file>APWM_utils.obj</file>
         <name>APWM_utils.obj</name>
      </input_file>
      <input_file id="fl-5">
         <path>.\</path>
         <kind>object</kind>
         <file>F2806x_Adc.obj</file>
         <name>F2806x_Adc.obj</name>
      </input_file>
      <input_file id="fl-6">
         <path>.\</path>
         <kind>object</kind>
         <file>F2806x_CodeStartBranch.obj</file>
         <name>F2806x_CodeStartBranch.obj</name>
      </input_file>
      <input_file id="fl-7">
         <path>.\</path>
         <kind>object</kind>
         <file>F2806x_CpuTimers.obj</file>
         <name>F2806x_CpuTimers.obj</name>
      </input_file>
      <input_file id="fl-8">
         <path>.\</path>
         <kind>object</kind>
         <file>F2806x_DefaultIsr.obj</file>
         <name>F2806x_DefaultIsr.obj</name>
      </input_file>
      <input_file id="fl-9">
         <path>.\</path>
         <kind>object</kind>
         <file>F2806x_ECap.obj</file>
         <name>F2806x_ECap.obj</name>
      </input_file>
      <input_file id="fl-a">
         <path>.\</path>
         <kind>object</kind>
         <file>F2806x_EPwm.obj</file>
         <name>F2806x_EPwm.obj</name>
      </input_file>
      <input_file id="fl-b">
         <path>.\</path>
         <kind>object</kind>
         <file>F2806x_GlobalVariableDefs.obj</file>
         <name>F2806x_GlobalVariableDefs.obj</name>
      </input_file>
      <input_file id="fl-c">
         <path>.\</path>
         <kind>object</kind>
         <file>F2806x_PieCtrl.obj</file>
         <name>F2806x_PieCtrl.obj</name>
      </input_file>
      <input_file id="fl-d">
         <path>.\</path>
         <kind>object</kind>
         <file>F2806x_PieVect.obj</file>
         <name>F2806x_PieVect.obj</name>
      </input_file>
      <input_file id="fl-e">
         <path>.\</path>
         <kind>object</kind>
         <file>F2806x_Sci.obj</file>
         <name>F2806x_Sci.obj</name>
      </input_file>
      <input_file id="fl-f">
         <path>.\</path>
         <kind>object</kind>
         <file>F2806x_SysCtrl.obj</file>
         <name>F2806x_SysCtrl.obj</name>
      </input_file>
      <input_file id="fl-10">
         <path>.\</path>
         <kind>object</kind>
         <file>F2806x_usDelay.obj</file>
         <name>F2806x_usDelay.obj</name>
      </input_file>
      <input_file id="fl-11">
         <path>.\</path>
         <kind>object</kind>
         <file>global_funcs.obj</file>
         <name>global_funcs.obj</name>
      </input_file>
      <input_file id="fl-12">
         <path>.\</path>
         <kind>object</kind>
         <file>global_variables.obj</file>
         <name>global_variables.obj</name>
      </input_file>
      <input_file id="fl-13">
         <path>.\</path>
         <kind>object</kind>
         <file>isr.obj</file>
         <name>isr.obj</name>
      </input_file>
      <input_file id="fl-14">
         <path>.\</path>
         <kind>object</kind>
         <file>main.obj</file>
         <name>main.obj</name>
      </input_file>
      <input_file id="fl-15">
         <path>.\</path>
         <kind>object</kind>
         <file>multiple_pulse.obj</file>
         <name>multiple_pulse.obj</name>
      </input_file>
      <input_file id="fl-16">
         <path>.\</path>
         <kind>object</kind>
         <file>sci_utils.obj</file>
         <name>sci_utils.obj</name>
      </input_file>
      <input_file id="fl-1b">
         <kind>object</kind>
         <file>&lt;internal&gt;</file>
         <name>&lt;internal&gt;</name>
      </input_file>
      <input_file id="fl-1c">
         <path>C:\ti\controlSUITE\libs\math\FPUfastRTS\V100\lib\</path>
         <kind>archive</kind>
         <file>rts2800_fpu32_fast_supplement.lib</file>
         <name>div_f32.obj</name>
      </input_file>
      <input_file id="fl-1d">
         <path>C:\ti\ccs1040\ccs\tools\compiler\ti-cgt-c2000_20.2.5.LTS\lib\</path>
         <kind>archive</kind>
         <file>rts2800_fpu32.lib</file>
         <name>sprintf.c.obj</name>
      </input_file>
      <input_file id="fl-1e">
         <path>C:\ti\ccs1040\ccs\tools\compiler\ti-cgt-c2000_20.2.5.LTS\lib\</path>
         <kind>archive</kind>
         <file>rts2800_fpu32.lib</file>
         <name>sscanf.c.obj</name>
      </input_file>
      <input_file id="fl-1f">
         <path>C:\ti\ccs1040\ccs\tools\compiler\ti-cgt-c2000_20.2.5.LTS\lib\</path>
         <kind>archive</kind>
         <file>rts2800_fpu32.lib</file>
         <name>boot28.asm.obj</name>
      </input_file>
      <input_file id="fl-20">
         <path>C:\ti\ccs1040\ccs\tools\compiler\ti-cgt-c2000_20.2.5.LTS\lib\</path>
         <kind>archive</kind>
         <file>rts2800_fpu32.lib</file>
         <name>cpy_tbl.c.obj</name>
      </input_file>
      <input_file id="fl-21">
         <path>C:\ti\ccs1040\ccs\tools\compiler\ti-cgt-c2000_20.2.5.LTS\lib\</path>
         <kind>archive</kind>
         <file>rts2800_fpu32.lib</file>
         <name>memcpy.c.obj</name>
      </input_file>
      <input_file id="fl-22">
         <path>C:\ti\ccs1040\ccs\tools\compiler\ti-cgt-c2000_20.2.5.LTS\lib\</path>
         <kind>archive</kind>
         <file>rts2800_fpu32.lib</file>
         <name>pre_init.c.obj</name>
      </input_file>
      <input_file id="fl-23">
         <path>C:\ti\ccs1040\ccs\tools\compiler\ti-cgt-c2000_20.2.5.LTS\lib\</path>
         <kind>archive</kind>
         <file>rts2800_fpu32.lib</file>
         <name>startup.c.obj</name>
      </input_file>
      <input_file id="fl-24">
         <path>C:\ti\ccs1040\ccs\tools\compiler\ti-cgt-c2000_20.2.5.LTS\lib\</path>
         <kind>archive</kind>
         <file>rts2800_fpu32.lib</file>
         <name>exit.c.obj</name>
      </input_file>
      <input_file id="fl-25">
         <path>C:\ti\ccs1040\ccs\tools\compiler\ti-cgt-c2000_20.2.5.LTS\lib\</path>
         <kind>archive</kind>
         <file>rts2800_fpu32.lib</file>
         <name>_lock.c.obj</name>
      </input_file>
      <input_file id="fl-26">
         <path>C:\ti\ccs1040\ccs\tools\compiler\ti-cgt-c2000_20.2.5.LTS\lib\</path>
         <kind>archive</kind>
         <file>rts2800_fpu32.lib</file>
         <name>args_main.c.obj</name>
      </input_file>
      <input_file id="fl-27">
         <path>C:\ti\ccs1040\ccs\tools\compiler\ti-cgt-c2000_20.2.5.LTS\lib\</path>
         <kind>archive</kind>
         <file>rts2800_fpu32.lib</file>
         <name>ctype.c.obj</name>
      </input_file>
      <input_file id="fl-28">
         <path>C:\ti\ccs1040\ccs\tools\compiler\ti-cgt-c2000_20.2.5.LTS\lib\</path>
         <kind>archive</kind>
         <file>rts2800_fpu32.lib</file>
         <name>memory.c.obj</name>
      </input_file>
      <input_file id="fl-29">
         <path>C:\ti\ccs1040\ccs\tools\compiler\ti-cgt-c2000_20.2.5.LTS\lib\</path>
         <kind>archive</kind>
         <file>rts2800_fpu32.lib</file>
         <name>memset.c.obj</name>
      </input_file>
      <input_file id="fl-2a">
         <path>C:\ti\ccs1040\ccs\tools\compiler\ti-cgt-c2000_20.2.5.LTS\lib\</path>
         <kind>archive</kind>
         <file>rts2800_fpu32.lib</file>
         <name>strlen.c.obj</name>
      </input_file>
      <input_file id="fl-2b">
         <path>C:\ti\ccs1040\ccs\tools\compiler\ti-cgt-c2000_20.2.5.LTS\lib\</path>
         <kind>archive</kind>
         <file>rts2800_fpu32.lib</file>
         <name>_printfi.c.obj</name>
      </input_file>
      <input_file id="fl-2c">
         <path>C:\ti\ccs1040\ccs\tools\compiler\ti-cgt-c2000_20.2.5.LTS\lib\</path>
         <kind>archive</kind>
         <file>rts2800_fpu32.lib</file>
         <name>_scanfi.c.obj</name>
      </input_file>
      <input_file id="fl-2d">
         <path>C:\ti\ccs1040\ccs\tools\compiler\ti-cgt-c2000_20.2.5.LTS\lib\</path>
         <kind>archive</kind>
         <file>rts2800_fpu32.lib</file>
         <name>s_frexp.c.obj</name>
      </input_file>
      <input_file id="fl-2e">
         <path>C:\ti\ccs1040\ccs\tools\compiler\ti-cgt-c2000_20.2.5.LTS\lib\</path>
         <kind>archive</kind>
         <file>rts2800_fpu32.lib</file>
         <name>s_scalbn.c.obj</name>
      </input_file>
      <input_file id="fl-2f">
         <path>C:\ti\ccs1040\ccs\tools\compiler\ti-cgt-c2000_20.2.5.LTS\lib\</path>
         <kind>archive</kind>
         <file>rts2800_fpu32.lib</file>
         <name>fd_add28.asm.obj</name>
      </input_file>
      <input_file id="fl-30">
         <path>C:\ti\ccs1040\ccs\tools\compiler\ti-cgt-c2000_20.2.5.LTS\lib\</path>
         <kind>archive</kind>
         <file>rts2800_fpu32.lib</file>
         <name>fd_cmp28.asm.obj</name>
      </input_file>
      <input_file id="fl-31">
         <path>C:\ti\ccs1040\ccs\tools\compiler\ti-cgt-c2000_20.2.5.LTS\lib\</path>
         <kind>archive</kind>
         <file>rts2800_fpu32.lib</file>
         <name>fd_mpy28.asm.obj</name>
      </input_file>
      <input_file id="fl-32">
         <path>C:\ti\ccs1040\ccs\tools\compiler\ti-cgt-c2000_20.2.5.LTS\lib\</path>
         <kind>archive</kind>
         <file>rts2800_fpu32.lib</file>
         <name>fd_neg28.asm.obj</name>
      </input_file>
      <input_file id="fl-33">
         <path>C:\ti\ccs1040\ccs\tools\compiler\ti-cgt-c2000_20.2.5.LTS\lib\</path>
         <kind>archive</kind>
         <file>rts2800_fpu32.lib</file>
         <name>fd_sub28.asm.obj</name>
      </input_file>
      <input_file id="fl-34">
         <path>C:\ti\ccs1040\ccs\tools\compiler\ti-cgt-c2000_20.2.5.LTS\lib\</path>
         <kind>archive</kind>
         <file>rts2800_fpu32.lib</file>
         <name>fd_toi28.asm.obj</name>
      </input_file>
      <input_file id="fl-35">
         <path>C:\ti\ccs1040\ccs\tools\compiler\ti-cgt-c2000_20.2.5.LTS\lib\</path>
         <kind>archive</kind>
         <file>rts2800_fpu32.lib</file>
         <name>fd_tol28.asm.obj</name>
      </input_file>
      <input_file id="fl-36">
         <path>C:\ti\ccs1040\ccs\tools\compiler\ti-cgt-c2000_20.2.5.LTS\lib\</path>
         <kind>archive</kind>
         <file>rts2800_fpu32.lib</file>
         <name>ll_aox28.asm.obj</name>
      </input_file>
      <input_file id="fl-37">
         <path>C:\ti\ccs1040\ccs\tools\compiler\ti-cgt-c2000_20.2.5.LTS\lib\</path>
         <kind>archive</kind>
         <file>rts2800_fpu32.lib</file>
         <name>ll_cmp28.asm.obj</name>
      </input_file>
      <input_file id="fl-38">
         <path>C:\ti\ccs1040\ccs\tools\compiler\ti-cgt-c2000_20.2.5.LTS\lib\</path>
         <kind>archive</kind>
         <file>rts2800_fpu32.lib</file>
         <name>ll_div28.asm.obj</name>
      </input_file>
      <input_file id="fl-39">
         <path>C:\ti\ccs1040\ccs\tools\compiler\ti-cgt-c2000_20.2.5.LTS\lib\</path>
         <kind>archive</kind>
         <file>rts2800_fpu32.lib</file>
         <name>i_tofd28.asm.obj</name>
      </input_file>
      <input_file id="fl-3a">
         <path>C:\ti\ccs1040\ccs\tools\compiler\ti-cgt-c2000_20.2.5.LTS\lib\</path>
         <kind>archive</kind>
         <file>rts2800_fpu32.lib</file>
         <name>l_tofd28.asm.obj</name>
      </input_file>
      <input_file id="fl-3b">
         <path>C:\ti\ccs1040\ccs\tools\compiler\ti-cgt-c2000_20.2.5.LTS\lib\</path>
         <kind>archive</kind>
         <file>rts2800_fpu32.lib</file>
         <name>fs_tofdfpu32.asm.obj</name>
      </input_file>
      <input_file id="fl-3c">
         <path>C:\ti\ccs1040\ccs\tools\compiler\ti-cgt-c2000_20.2.5.LTS\lib\</path>
         <kind>archive</kind>
         <file>rts2800_fpu32.lib</file>
         <name>fd_div28.asm.obj</name>
      </input_file>
      <input_file id="fl-3d">
         <path>C:\ti\ccs1040\ccs\tools\compiler\ti-cgt-c2000_20.2.5.LTS\lib\</path>
         <kind>archive</kind>
         <file>rts2800_fpu32.lib</file>
         <name>_ltoa.c.obj</name>
      </input_file>
      <input_file id="fl-3e">
         <path>C:\ti\ccs1040\ccs\tools\compiler\ti-cgt-c2000_20.2.5.LTS\lib\</path>
         <kind>archive</kind>
         <file>rts2800_fpu32.lib</file>
         <name>atoi.c.obj</name>
      </input_file>
      <input_file id="fl-3f">
         <path>C:\ti\ccs1040\ccs\tools\compiler\ti-cgt-c2000_20.2.5.LTS\lib\</path>
         <kind>archive</kind>
         <file>rts2800_fpu32.lib</file>
         <name>memccpy.c.obj</name>
      </input_file>
      <input_file id="fl-40">
         <path>C:\ti\ccs1040\ccs\tools\compiler\ti-cgt-c2000_20.2.5.LTS\lib\</path>
         <kind>archive</kind>
         <file>rts2800_fpu32.lib</file>
         <name>strchr.c.obj</name>
      </input_file>
      <input_file id="fl-41">
         <path>C:\ti\ccs1040\ccs\tools\compiler\ti-cgt-c2000_20.2.5.LTS\lib\</path>
         <kind>archive</kind>
         <file>rts2800_fpu32.lib</file>
         <name>strcpy.c.obj</name>
      </input_file>
      <input_file id="fl-42">
         <path>C:\ti\ccs1040\ccs\tools\compiler\ti-cgt-c2000_20.2.5.LTS\lib\</path>
         <kind>archive</kind>
         <file>rts2800_fpu32.lib</file>
         <name>strrchr.c.obj</name>
      </input_file>
      <input_file id="fl-43">
         <path>C:\ti\ccs1040\ccs\tools\compiler\ti-cgt-c2000_20.2.5.LTS\lib\</path>
         <kind>archive</kind>
         <file>rts2800_fpu32.lib</file>
         <name>strtod.c.obj</name>
      </input_file>
      <input_file id="fl-44">
         <path>C:\ti\ccs1040\ccs\tools\compiler\ti-cgt-c2000_20.2.5.LTS\lib\</path>
         <kind>archive</kind>
         <file>rts2800_fpu32.lib</file>
         <name>strtol.c.obj</name>
      </input_file>
      <input_file id="fl-45">
         <path>C:\ti\ccs1040\ccs\tools\compiler\ti-cgt-c2000_20.2.5.LTS\lib\</path>
         <kind>archive</kind>
         <file>rts2800_fpu32.lib</file>
         <name>strtold.c.obj</name>
      </input_file>
      <input_file id="fl-46">
         <path>C:\ti\ccs1040\ccs\tools\compiler\ti-cgt-c2000_20.2.5.LTS\lib\</path>
         <kind>archive</kind>
         <file>rts2800_fpu32.lib</file>
         <name>strtoll.c.obj</name>
      </input_file>
      <input_file id="fl-47">
         <path>C:\ti\ccs1040\ccs\tools\compiler\ti-cgt-c2000_20.2.5.LTS\lib\</path>
         <kind>archive</kind>
         <file>rts2800_fpu32.lib</file>
         <name>strtoul.c.obj</name>
      </input_file>
      <input_file id="fl-48">
         <path>C:\ti\ccs1040\ccs\tools\compiler\ti-cgt-c2000_20.2.5.LTS\lib\</path>
         <kind>archive</kind>
         <file>rts2800_fpu32.lib</file>
         <name>strtoull.c.obj</name>
      </input_file>
      <input_file id="fl-49">
         <path>C:\ti\ccs1040\ccs\tools\compiler\ti-cgt-c2000_20.2.5.LTS\lib\</path>
         <kind>archive</kind>
         <file>rts2800_fpu32.lib</file>
         <name>errno.c.obj</name>
      </input_file>
      <input_file id="fl-4a">
         <path>C:\ti\ccs1040\ccs\tools\compiler\ti-cgt-c2000_20.2.5.LTS\lib\</path>
         <kind>archive</kind>
         <file>rts2800_fpu32.lib</file>
         <name>s_copysign.c.obj</name>
      </input_file>
      <input_file id="fl-4b">
         <path>C:\ti\ccs1040\ccs\tools\compiler\ti-cgt-c2000_20.2.5.LTS\lib\</path>
         <kind>archive</kind>
         <file>rts2800_fpu32.lib</file>
         <name>wcslen.c.obj</name>
      </input_file>
      <input_file id="fl-4c">
         <path>C:\ti\ccs1040\ccs\tools\compiler\ti-cgt-c2000_20.2.5.LTS\lib\</path>
         <kind>archive</kind>
         <file>rts2800_fpu32.lib</file>
         <name>s_scalbnf.c.obj</name>
      </input_file>
      <input_file id="fl-4d">
         <path>C:\ti\ccs1040\ccs\tools\compiler\ti-cgt-c2000_20.2.5.LTS\lib\</path>
         <kind>archive</kind>
         <file>rts2800_fpu32.lib</file>
         <name>ll_mpy28.asm.obj</name>
      </input_file>
      <input_file id="fl-4e">
         <path>C:\ti\ccs1040\ccs\tools\compiler\ti-cgt-c2000_20.2.5.LTS\lib\</path>
         <kind>archive</kind>
         <file>rts2800_fpu32.lib</file>
         <name>l_div28.asm.obj</name>
      </input_file>
      <input_file id="fl-4f">
         <path>C:\ti\ccs1040\ccs\tools\compiler\ti-cgt-c2000_20.2.5.LTS\lib\</path>
         <kind>archive</kind>
         <file>rts2800_fpu32.lib</file>
         <name>s_copysignf.c.obj</name>
      </input_file>
   </input_file_list>
   <object_component_list>
      <object_component id="oc-d0">
         <name>.cinit</name>
         <load_address>0x3f7cc7</load_address>
         <run_address>0x3f7cc7</run_address>
         <size>0x81</size>
         <input_file_ref idref="fl-12"/>
      </object_component>
      <object_component id="oc-d5">
         <name>.cinit</name>
         <load_address>0x3f7d48</load_address>
         <run_address>0x3f7d48</run_address>
         <size>0x18</size>
         <input_file_ref idref="fl-13"/>
      </object_component>
      <object_component id="oc-210">
         <name>.cinit:_start_timer</name>
         <load_address>0x3f7d60</load_address>
         <run_address>0x3f7d60</run_address>
         <size>0xe</size>
         <input_file_ref idref="fl-16"/>
      </object_component>
      <object_component id="oc-11b">
         <name>.cinit</name>
         <load_address>0x3f7d6e</load_address>
         <run_address>0x3f7d6e</run_address>
         <size>0xe</size>
         <input_file_ref idref="fl-24"/>
      </object_component>
      <object_component id="oc-dd">
         <name>.cinit</name>
         <load_address>0x3f7d7c</load_address>
         <run_address>0x3f7d7c</run_address>
         <size>0xc</size>
         <input_file_ref idref="fl-14"/>
      </object_component>
      <object_component id="oc-ea">
         <name>.cinit</name>
         <load_address>0x3f7d88</load_address>
         <run_address>0x3f7d88</run_address>
         <size>0xc</size>
         <input_file_ref idref="fl-16"/>
      </object_component>
      <object_component id="oc-23b">
         <name>.cinit:_pin_array</name>
         <load_address>0x3f7d94</load_address>
         <run_address>0x3f7d94</run_address>
         <size>0xa</size>
         <input_file_ref idref="fl-15"/>
      </object_component>
      <object_component id="oc-20c">
         <name>.cinit:_set_timer</name>
         <load_address>0x3f7d9e</load_address>
         <run_address>0x3f7d9e</run_address>
         <size>0xa</size>
         <input_file_ref idref="fl-16"/>
      </object_component>
      <object_component id="oc-212">
         <name>.cinit:_stop_timer</name>
         <load_address>0x3f7da8</load_address>
         <run_address>0x3f7da8</run_address>
         <size>0xa</size>
         <input_file_ref idref="fl-16"/>
      </object_component>
      <object_component id="oc-218">
         <name>.cinit:_phase_us</name>
         <load_address>0x3f7db2</load_address>
         <run_address>0x3f7db2</run_address>
         <size>0x9</size>
         <input_file_ref idref="fl-12"/>
      </object_component>
      <object_component id="oc-214">
         <name>.cinit:_width1_us</name>
         <load_address>0x3f7dbb</load_address>
         <run_address>0x3f7dbb</run_address>
         <size>0x9</size>
         <input_file_ref idref="fl-12"/>
      </object_component>
      <object_component id="oc-216">
         <name>.cinit:_width2_us</name>
         <load_address>0x3f7dc4</load_address>
         <run_address>0x3f7dc4</run_address>
         <size>0x9</size>
         <input_file_ref idref="fl-12"/>
      </object_component>
      <object_component id="oc-20e">
         <name>.cinit:_send_end</name>
         <load_address>0x3f7dcd</load_address>
         <run_address>0x3f7dcd</run_address>
         <size>0x7</size>
         <input_file_ref idref="fl-16"/>
      </object_component>
      <object_component id="oc-21a">
         <name>.cinit:_frequency</name>
         <load_address>0x3f7dd4</load_address>
         <run_address>0x3f7dd4</run_address>
         <size>0x6</size>
         <input_file_ref idref="fl-12"/>
      </object_component>
      <object_component id="oc-21e">
         <name>.cinit:_send_begin</name>
         <load_address>0x3f7dda</load_address>
         <run_address>0x3f7dda</run_address>
         <size>0x6</size>
         <input_file_ref idref="fl-16"/>
      </object_component>
      <object_component id="oc-221">
         <name>.cinit:_send_begin_hide</name>
         <load_address>0x3f7de0</load_address>
         <run_address>0x3f7de0</run_address>
         <size>0x6</size>
         <input_file_ref idref="fl-16"/>
      </object_component>
      <object_component id="oc-23d">
         <name>.cinit:__lock</name>
         <load_address>0x3f7de6</load_address>
         <run_address>0x3f7de6</run_address>
         <size>0x5</size>
         <input_file_ref idref="fl-25"/>
      </object_component>
      <object_component id="oc-241">
         <name>.cinit:__unlock</name>
         <load_address>0x3f7deb</load_address>
         <run_address>0x3f7deb</run_address>
         <size>0x5</size>
         <input_file_ref idref="fl-25"/>
      </object_component>
      <object_component id="oc-226">
         <name>.cinit:_graph_id</name>
         <load_address>0x3f7df0</load_address>
         <run_address>0x3f7df0</run_address>
         <size>0x5</size>
         <input_file_ref idref="fl-16"/>
      </object_component>
      <object_component id="oc-223">
         <name>.cinit:_screen_id0</name>
         <load_address>0x3f7df5</load_address>
         <run_address>0x3f7df5</run_address>
         <size>0x5</size>
         <input_file_ref idref="fl-16"/>
      </object_component>
      <object_component id="oc-22d">
         <name>.cinit:_start_off_icon</name>
         <load_address>0x3f7dfa</load_address>
         <run_address>0x3f7dfa</run_address>
         <size>0x5</size>
         <input_file_ref idref="fl-16"/>
      </object_component>
      <object_component id="oc-22b">
         <name>.cinit:_start_on_icon</name>
         <load_address>0x3f7dff</load_address>
         <run_address>0x3f7dff</run_address>
         <size>0x5</size>
         <input_file_ref idref="fl-16"/>
      </object_component>
      <object_component id="oc-231">
         <name>.cinit:_stop_off_icon</name>
         <load_address>0x3f7e04</load_address>
         <run_address>0x3f7e04</run_address>
         <size>0x5</size>
         <input_file_ref idref="fl-16"/>
      </object_component>
      <object_component id="oc-22f">
         <name>.cinit:_stop_on_icon</name>
         <load_address>0x3f7e09</load_address>
         <run_address>0x3f7e09</run_address>
         <size>0x5</size>
         <input_file_ref idref="fl-16"/>
      </object_component>
      <object_component id="oc-1dc">
         <name>.cinit</name>
         <load_address>0x3f7e0e</load_address>
         <run_address>0x3f7e0e</run_address>
         <size>0x4</size>
         <input_file_ref idref="fl-49"/>
      </object_component>
      <object_component id="oc-12e">
         <name>.cinit</name>
         <load_address>0x3f7e12</load_address>
         <run_address>0x3f7e12</run_address>
         <size>0x4</size>
         <input_file_ref idref="fl-28"/>
      </object_component>
      <object_component id="oc-243">
         <name>.text</name>
         <load_address>0x3f4000</load_address>
         <run_address>0x3f4000</run_address>
         <size>0xce4</size>
         <input_file_ref idref="fl-2b"/>
      </object_component>
      <object_component id="oc-23e">
         <name>.text</name>
         <load_address>0x3f4ce4</load_address>
         <run_address>0x3f4ce4</run_address>
         <size>0x7d3</size>
         <input_file_ref idref="fl-2c"/>
      </object_component>
      <object_component id="oc-1ff">
         <name>.text</name>
         <load_address>0x3f54b7</load_address>
         <run_address>0x3f54b7</run_address>
         <size>0x4d2</size>
         <input_file_ref idref="fl-16"/>
      </object_component>
      <object_component id="oc-201">
         <name>.text</name>
         <load_address>0x3f5989</load_address>
         <run_address>0x3f5989</run_address>
         <size>0x46a</size>
         <input_file_ref idref="fl-14"/>
      </object_component>
      <object_component id="oc-6a">
         <name>.text:retain</name>
         <load_address>0x3f5df3</load_address>
         <run_address>0x3f5df3</run_address>
         <size>0x39b</size>
         <input_file_ref idref="fl-8"/>
      </object_component>
      <object_component id="oc-21b">
         <name>.text</name>
         <load_address>0x3f618e</load_address>
         <run_address>0x3f618e</run_address>
         <size>0x28c</size>
         <input_file_ref idref="fl-28"/>
      </object_component>
      <object_component id="oc-24d">
         <name>.text</name>
         <load_address>0x3f641a</load_address>
         <run_address>0x3f641a</run_address>
         <size>0x283</size>
         <input_file_ref idref="fl-45"/>
      </object_component>
      <object_component id="oc-d7">
         <name>.text:retain</name>
         <load_address>0x3f669d</load_address>
         <run_address>0x3f669d</run_address>
         <size>0x261</size>
         <input_file_ref idref="fl-13"/>
      </object_component>
      <object_component id="oc-238">
         <name>.text</name>
         <load_address>0x3f68fe</load_address>
         <run_address>0x3f68fe</run_address>
         <size>0x211</size>
         <input_file_ref idref="fl-5"/>
      </object_component>
      <object_component id="oc-24e">
         <name>.text</name>
         <load_address>0x3f6b0f</load_address>
         <run_address>0x3f6b0f</run_address>
         <size>0x1ff</size>
         <input_file_ref idref="fl-43"/>
      </object_component>
      <object_component id="oc-232">
         <name>.text</name>
         <load_address>0x3f6d0e</load_address>
         <run_address>0x3f6d0e</run_address>
         <size>0x18c</size>
         <input_file_ref idref="fl-f"/>
      </object_component>
      <object_component id="oc-202">
         <name>.text</name>
         <load_address>0x3f6e9a</load_address>
         <run_address>0x3f6e9a</run_address>
         <size>0x17d</size>
         <input_file_ref idref="fl-15"/>
      </object_component>
      <object_component id="oc-24f">
         <name>.text</name>
         <load_address>0x3f7017</load_address>
         <run_address>0x3f7017</run_address>
         <size>0x13f</size>
         <input_file_ref idref="fl-46"/>
      </object_component>
      <object_component id="oc-185">
         <name>.text</name>
         <load_address>0x3f7156</load_address>
         <run_address>0x3f7156</run_address>
         <size>0x107</size>
         <input_file_ref idref="fl-38"/>
      </object_component>
      <object_component id="oc-24b">
         <name>.text</name>
         <load_address>0x3f725d</load_address>
         <run_address>0x3f725d</run_address>
         <size>0x103</size>
         <input_file_ref idref="fl-48"/>
      </object_component>
      <object_component id="oc-250">
         <name>.text</name>
         <load_address>0x3f7360</load_address>
         <run_address>0x3f7360</run_address>
         <size>0xd3</size>
         <input_file_ref idref="fl-44"/>
      </object_component>
      <object_component id="oc-24c">
         <name>.text</name>
         <load_address>0x3f7433</load_address>
         <run_address>0x3f7433</run_address>
         <size>0xb1</size>
         <input_file_ref idref="fl-47"/>
      </object_component>
      <object_component id="oc-254">
         <name>.text</name>
         <load_address>0x3f74e4</load_address>
         <run_address>0x3f74e4</run_address>
         <size>0xae</size>
         <input_file_ref idref="fl-2e"/>
      </object_component>
      <object_component id="oc-158">
         <name>.text</name>
         <load_address>0x3f7592</load_address>
         <run_address>0x3f7592</run_address>
         <size>0x9c</size>
         <input_file_ref idref="fl-2f"/>
      </object_component>
      <object_component id="oc-199">
         <name>.text</name>
         <load_address>0x3f762e</load_address>
         <run_address>0x3f762e</run_address>
         <size>0x8b</size>
         <input_file_ref idref="fl-3c"/>
      </object_component>
      <object_component id="oc-162">
         <name>.text</name>
         <load_address>0x3f76b9</load_address>
         <run_address>0x3f76b9</run_address>
         <size>0x83</size>
         <input_file_ref idref="fl-31"/>
      </object_component>
      <object_component id="oc-20a">
         <name>.text</name>
         <load_address>0x3f773c</load_address>
         <run_address>0x3f773c</run_address>
         <size>0x76</size>
         <input_file_ref idref="fl-7"/>
      </object_component>
      <object_component id="oc-209">
         <name>.text</name>
         <load_address>0x3f77b2</load_address>
         <run_address>0x3f77b2</run_address>
         <size>0x6d</size>
         <input_file_ref idref="fl-1e"/>
      </object_component>
      <object_component id="oc-253">
         <name>.text</name>
         <load_address>0x3f781f</load_address>
         <run_address>0x3f781f</run_address>
         <size>0x5a</size>
         <input_file_ref idref="fl-2d"/>
      </object_component>
      <object_component id="oc-25b">
         <name>.text</name>
         <load_address>0x3f7879</load_address>
         <run_address>0x3f7879</run_address>
         <size>0x58</size>
         <input_file_ref idref="fl-4c"/>
      </object_component>
      <object_component id="oc-ff">
         <name>.text</name>
         <load_address>0x3f78d1</load_address>
         <run_address>0x3f78d1</run_address>
         <size>0x56</size>
         <input_file_ref idref="fl-1f"/>
      </object_component>
      <object_component id="oc-21c">
         <name>.text</name>
         <load_address>0x3f7927</load_address>
         <run_address>0x3f7927</run_address>
         <size>0x32</size>
         <input_file_ref idref="fl-1d"/>
      </object_component>
      <object_component id="oc-246">
         <name>.text</name>
         <load_address>0x3f7959</load_address>
         <run_address>0x3f7959</run_address>
         <size>0x31</size>
         <input_file_ref idref="fl-3e"/>
      </object_component>
      <object_component id="oc-233">
         <name>.text</name>
         <load_address>0x3f798a</load_address>
         <run_address>0x3f798a</run_address>
         <size>0x30</size>
         <input_file_ref idref="fl-e"/>
      </object_component>
      <object_component id="oc-252">
         <name>.text</name>
         <load_address>0x3f79ba</load_address>
         <run_address>0x3f79ba</run_address>
         <size>0x30</size>
         <input_file_ref idref="fl-3d"/>
      </object_component>
      <object_component id="oc-15d">
         <name>.text</name>
         <load_address>0x3f79ea</load_address>
         <run_address>0x3f79ea</run_address>
         <size>0x2a</size>
         <input_file_ref idref="fl-30"/>
      </object_component>
      <object_component id="oc-1f4">
         <name>.text</name>
         <load_address>0x3f7a14</load_address>
         <run_address>0x3f7a14</run_address>
         <size>0x2a</size>
         <input_file_ref idref="fl-4e"/>
      </object_component>
      <object_component id="oc-208">
         <name>.text</name>
         <load_address>0x3f7a3e</load_address>
         <run_address>0x3f7a3e</run_address>
         <size>0x29</size>
         <input_file_ref idref="fl-24"/>
      </object_component>
      <object_component id="oc-234">
         <name>.text</name>
         <load_address>0x3f7a67</load_address>
         <run_address>0x3f7a67</run_address>
         <size>0x28</size>
         <input_file_ref idref="fl-c"/>
      </object_component>
      <object_component id="oc-235">
         <name>.text</name>
         <load_address>0x3f7a8f</load_address>
         <run_address>0x3f7a8f</run_address>
         <size>0x26</size>
         <input_file_ref idref="fl-d"/>
      </object_component>
      <object_component id="oc-25c">
         <name>.text</name>
         <load_address>0x3f7ab5</load_address>
         <run_address>0x3f7ab5</run_address>
         <size>0x25</size>
         <input_file_ref idref="fl-4a"/>
      </object_component>
      <object_component id="oc-205">
         <name>.text</name>
         <load_address>0x3f7ada</load_address>
         <run_address>0x3f7ada</run_address>
         <size>0x24</size>
         <input_file_ref idref="fl-20"/>
      </object_component>
      <object_component id="oc-203">
         <name>.text</name>
         <load_address>0x3f7afe</load_address>
         <run_address>0x3f7afe</run_address>
         <size>0x22</size>
         <input_file_ref idref="fl-4"/>
      </object_component>
      <object_component id="oc-171">
         <name>.text</name>
         <load_address>0x3f7b20</load_address>
         <run_address>0x3f7b20</run_address>
         <size>0x21</size>
         <input_file_ref idref="fl-34"/>
      </object_component>
      <object_component id="oc-176">
         <name>.text</name>
         <load_address>0x3f7b41</load_address>
         <run_address>0x3f7b41</run_address>
         <size>0x1f</size>
         <input_file_ref idref="fl-35"/>
      </object_component>
      <object_component id="oc-180">
         <name>.text</name>
         <load_address>0x3f7b60</load_address>
         <run_address>0x3f7b60</run_address>
         <size>0x1e</size>
         <input_file_ref idref="fl-37"/>
      </object_component>
      <object_component id="oc-18a">
         <name>.text</name>
         <load_address>0x3f7b7e</load_address>
         <run_address>0x3f7b7e</run_address>
         <size>0x1d</size>
         <input_file_ref idref="fl-39"/>
      </object_component>
      <object_component id="oc-236">
         <name>.text</name>
         <load_address>0x3f7b9b</load_address>
         <run_address>0x3f7b9b</run_address>
         <size>0x1d</size>
         <input_file_ref idref="fl-21"/>
      </object_component>
      <object_component id="oc-194">
         <name>.text</name>
         <load_address>0x3f7bb8</load_address>
         <run_address>0x3f7bb8</run_address>
         <size>0x1c</size>
         <input_file_ref idref="fl-3b"/>
      </object_component>
      <object_component id="oc-18f">
         <name>.text</name>
         <load_address>0x3f7bd4</load_address>
         <run_address>0x3f7bd4</run_address>
         <size>0x1c</size>
         <input_file_ref idref="fl-3a"/>
      </object_component>
      <object_component id="oc-f1">
         <name>.text</name>
         <load_address>0x3f7bf0</load_address>
         <run_address>0x3f7bf0</run_address>
         <size>0x19</size>
         <input_file_ref idref="fl-1c"/>
      </object_component>
      <object_component id="oc-17b">
         <name>.text</name>
         <load_address>0x3f7c09</load_address>
         <run_address>0x3f7c09</run_address>
         <size>0x18</size>
         <input_file_ref idref="fl-36"/>
      </object_component>
      <object_component id="oc-1ef">
         <name>.text</name>
         <load_address>0x3f7c21</load_address>
         <run_address>0x3f7c21</run_address>
         <size>0x14</size>
         <input_file_ref idref="fl-4d"/>
      </object_component>
      <object_component id="oc-207">
         <name>.text</name>
         <load_address>0x3f7c35</load_address>
         <run_address>0x3f7c35</run_address>
         <size>0x12</size>
         <input_file_ref idref="fl-26"/>
      </object_component>
      <object_component id="oc-25d">
         <name>.text</name>
         <load_address>0x3f7c47</load_address>
         <run_address>0x3f7c47</run_address>
         <size>0x11</size>
         <input_file_ref idref="fl-4f"/>
      </object_component>
      <object_component id="oc-255">
         <name>.text</name>
         <load_address>0x3f7c58</load_address>
         <run_address>0x3f7c58</run_address>
         <size>0x10</size>
         <input_file_ref idref="fl-3f"/>
      </object_component>
      <object_component id="oc-16c">
         <name>.text</name>
         <load_address>0x3f7c68</load_address>
         <run_address>0x3f7c68</run_address>
         <size>0xe</size>
         <input_file_ref idref="fl-33"/>
      </object_component>
      <object_component id="oc-249">
         <name>.text</name>
         <load_address>0x3f7c76</load_address>
         <run_address>0x3f7c76</run_address>
         <size>0xc</size>
         <input_file_ref idref="fl-40"/>
      </object_component>
      <object_component id="oc-247">
         <name>.text</name>
         <load_address>0x3f7c82</load_address>
         <run_address>0x3f7c82</run_address>
         <size>0xb</size>
         <input_file_ref idref="fl-42"/>
      </object_component>
      <object_component id="oc-245">
         <name>.text</name>
         <load_address>0x3f7c8d</load_address>
         <run_address>0x3f7c8d</run_address>
         <size>0x9</size>
         <input_file_ref idref="fl-25"/>
      </object_component>
      <object_component id="oc-167">
         <name>.text</name>
         <load_address>0x3f7c96</load_address>
         <run_address>0x3f7c96</run_address>
         <size>0x9</size>
         <input_file_ref idref="fl-32"/>
      </object_component>
      <object_component id="oc-256">
         <name>.text</name>
         <load_address>0x3f7c9f</load_address>
         <run_address>0x3f7c9f</run_address>
         <size>0x9</size>
         <input_file_ref idref="fl-4b"/>
      </object_component>
      <object_component id="oc-5e">
         <name>.text</name>
         <load_address>0x3f7ca8</load_address>
         <run_address>0x3f7ca8</run_address>
         <size>0x8</size>
         <input_file_ref idref="fl-6"/>
      </object_component>
      <object_component id="oc-21f">
         <name>.text</name>
         <load_address>0x3f7cb0</load_address>
         <run_address>0x3f7cb0</run_address>
         <size>0x8</size>
         <input_file_ref idref="fl-2a"/>
      </object_component>
      <object_component id="oc-242">
         <name>.text</name>
         <load_address>0x3f7cb8</load_address>
         <run_address>0x3f7cb8</run_address>
         <size>0x7</size>
         <input_file_ref idref="fl-29"/>
      </object_component>
      <object_component id="oc-251">
         <name>.text</name>
         <load_address>0x3f7cbf</load_address>
         <run_address>0x3f7cbf</run_address>
         <size>0x5</size>
         <input_file_ref idref="fl-41"/>
      </object_component>
      <object_component id="oc-204">
         <name>.text</name>
         <load_address>0x3f7cc4</load_address>
         <run_address>0x3f7cc4</run_address>
         <size>0x2</size>
         <input_file_ref idref="fl-22"/>
      </object_component>
      <object_component id="oc-206">
         <name>.text</name>
         <load_address>0x3f7cc6</load_address>
         <run_address>0x3f7cc6</run_address>
         <size>0x1</size>
         <input_file_ref idref="fl-23"/>
      </object_component>
      <object_component id="oc-53">
         <name>codestart</name>
         <load_address>0x3f7ff6</load_address>
         <run_address>0x3f7ff6</run_address>
         <size>0x2</size>
         <input_file_ref idref="fl-6"/>
      </object_component>
      <object_component id="oc-237">
         <name>ramfuncs</name>
         <load_address>0x3e8000</load_address>
         <run_address>0x8000</run_address>
         <size>0x1b</size>
         <input_file_ref idref="fl-f"/>
      </object_component>
      <object_component id="oc-c8">
         <name>ramfuncs</name>
         <load_address>0x3e801b</load_address>
         <run_address>0x801b</run_address>
         <size>0x4</size>
         <input_file_ref idref="fl-10"/>
      </object_component>
      <object_component id="oc-100">
         <name>.stack</name>
         <uninitialized>true</uninitialized>
         <run_address>0x50</run_address>
         <size>0x0</size>
         <input_file_ref idref="fl-1f"/>
      </object_component>
      <object_component id="oc-2b8">
         <name>.stack</name>
         <uninitialized>true</uninitialized>
         <run_address>0x50</run_address>
         <size>0x0</size>
      </object_component>
      <object_component id="oc-64">
         <name>.ebss</name>
         <uninitialized>true</uninitialized>
         <run_address>0xa100</run_address>
         <size>0x18</size>
         <input_file_ref idref="fl-7"/>
      </object_component>
      <object_component id="oc-d2">
         <name>.ebss</name>
         <uninitialized>true</uninitialized>
         <run_address>0xa080</run_address>
         <size>0x32</size>
         <input_file_ref idref="fl-12"/>
      </object_component>
      <object_component id="oc-219">
         <name>.ebss:_frequency</name>
         <uninitialized>true</uninitialized>
         <run_address>0xa03d</run_address>
         <size>0x3</size>
         <input_file_ref idref="fl-12"/>
      </object_component>
      <object_component id="oc-213">
         <name>.ebss:_width1_us</name>
         <uninitialized>true</uninitialized>
         <run_address>0xa0ea</run_address>
         <size>0x6</size>
         <input_file_ref idref="fl-12"/>
      </object_component>
      <object_component id="oc-215">
         <name>.ebss:_width2_us</name>
         <uninitialized>true</uninitialized>
         <run_address>0xa0f0</run_address>
         <size>0x6</size>
         <input_file_ref idref="fl-12"/>
      </object_component>
      <object_component id="oc-217">
         <name>.ebss:_phase_us</name>
         <uninitialized>true</uninitialized>
         <run_address>0xa0ba</run_address>
         <size>0x6</size>
         <input_file_ref idref="fl-12"/>
      </object_component>
      <object_component id="oc-1fe">
         <name>.ebss:_rdataA</name>
         <uninitialized>true</uninitialized>
         <run_address>0xa000</run_address>
         <size>0x32</size>
         <input_file_ref idref="fl-12"/>
      </object_component>
      <object_component id="oc-200">
         <name>.ebss:_rdataB</name>
         <uninitialized>true</uninitialized>
         <run_address>0xa040</run_address>
         <size>0x32</size>
         <input_file_ref idref="fl-12"/>
      </object_component>
      <object_component id="oc-d6">
         <name>.ebss</name>
         <uninitialized>true</uninitialized>
         <run_address>0xa0f6</run_address>
         <size>0x6</size>
         <input_file_ref idref="fl-13"/>
      </object_component>
      <object_component id="oc-de">
         <name>.ebss</name>
         <uninitialized>true</uninitialized>
         <run_address>0xa128</run_address>
         <size>0x3</size>
         <input_file_ref idref="fl-14"/>
      </object_component>
      <object_component id="oc-23a">
         <name>.ebss:_pin_array</name>
         <uninitialized>true</uninitialized>
         <run_address>0xa072</run_address>
         <size>0x7</size>
         <input_file_ref idref="fl-15"/>
      </object_component>
      <object_component id="oc-239">
         <name>.ebss:_operation</name>
         <uninitialized>true</uninitialized>
         <run_address>0xa0c0</run_address>
         <size>0x2a</size>
         <input_file_ref idref="fl-15"/>
      </object_component>
      <object_component id="oc-eb">
         <name>.ebss</name>
         <uninitialized>true</uninitialized>
         <run_address>0xa12b</run_address>
         <size>0x3</size>
         <input_file_ref idref="fl-16"/>
      </object_component>
      <object_component id="oc-222">
         <name>.ebss:_screen_id0</name>
         <uninitialized>true</uninitialized>
         <run_address>0xa134</run_address>
         <size>0x2</size>
         <input_file_ref idref="fl-16"/>
      </object_component>
      <object_component id="oc-22c">
         <name>.ebss:_start_off_icon</name>
         <uninitialized>true</uninitialized>
         <run_address>0xa136</run_address>
         <size>0x2</size>
         <input_file_ref idref="fl-16"/>
      </object_component>
      <object_component id="oc-22a">
         <name>.ebss:_start_on_icon</name>
         <uninitialized>true</uninitialized>
         <run_address>0xa138</run_address>
         <size>0x2</size>
         <input_file_ref idref="fl-16"/>
      </object_component>
      <object_component id="oc-230">
         <name>.ebss:_stop_off_icon</name>
         <uninitialized>true</uninitialized>
         <run_address>0xa13a</run_address>
         <size>0x2</size>
         <input_file_ref idref="fl-16"/>
      </object_component>
      <object_component id="oc-22e">
         <name>.ebss:_stop_on_icon</name>
         <uninitialized>true</uninitialized>
         <run_address>0xa13c</run_address>
         <size>0x2</size>
         <input_file_ref idref="fl-16"/>
      </object_component>
      <object_component id="oc-225">
         <name>.ebss:_graph_id</name>
         <uninitialized>true</uninitialized>
         <run_address>0xa132</run_address>
         <size>0x2</size>
         <input_file_ref idref="fl-16"/>
      </object_component>
      <object_component id="oc-21d">
         <name>.ebss:_send_begin</name>
         <uninitialized>true</uninitialized>
         <run_address>0xa122</run_address>
         <size>0x3</size>
         <input_file_ref idref="fl-16"/>
      </object_component>
      <object_component id="oc-220">
         <name>.ebss:_send_begin_hide</name>
         <uninitialized>true</uninitialized>
         <run_address>0xa125</run_address>
         <size>0x3</size>
         <input_file_ref idref="fl-16"/>
      </object_component>
      <object_component id="oc-20d">
         <name>.ebss:_send_end</name>
         <uninitialized>true</uninitialized>
         <run_address>0xa0fc</run_address>
         <size>0x4</size>
         <input_file_ref idref="fl-16"/>
      </object_component>
      <object_component id="oc-20b">
         <name>.ebss:_set_timer</name>
         <uninitialized>true</uninitialized>
         <run_address>0xa079</run_address>
         <size>0x7</size>
         <input_file_ref idref="fl-16"/>
      </object_component>
      <object_component id="oc-211">
         <name>.ebss:_stop_timer</name>
         <uninitialized>true</uninitialized>
         <run_address>0xa0b2</run_address>
         <size>0x7</size>
         <input_file_ref idref="fl-16"/>
      </object_component>
      <object_component id="oc-20f">
         <name>.ebss:_start_timer</name>
         <uninitialized>true</uninitialized>
         <run_address>0xa032</run_address>
         <size>0xb</size>
         <input_file_ref idref="fl-16"/>
      </object_component>
      <object_component id="oc-11c">
         <name>.ebss</name>
         <uninitialized>true</uninitialized>
         <run_address>0xa118</run_address>
         <size>0x6</size>
         <input_file_ref idref="fl-24"/>
      </object_component>
      <object_component id="oc-23c">
         <name>.ebss:__lock</name>
         <uninitialized>true</uninitialized>
         <run_address>0xa12e</run_address>
         <size>0x2</size>
         <input_file_ref idref="fl-25"/>
      </object_component>
      <object_component id="oc-240">
         <name>.ebss:__unlock</name>
         <uninitialized>true</uninitialized>
         <run_address>0xa130</run_address>
         <size>0x2</size>
         <input_file_ref idref="fl-25"/>
      </object_component>
      <object_component id="oc-12f">
         <name>.ebss</name>
         <uninitialized>true</uninitialized>
         <run_address>0xa11e</run_address>
         <size>0x4</size>
         <input_file_ref idref="fl-28"/>
      </object_component>
      <object_component id="oc-1dd">
         <name>.ebss</name>
         <uninitialized>true</uninitialized>
         <run_address>0xa0b9</run_address>
         <size>0x1</size>
         <input_file_ref idref="fl-49"/>
      </object_component>
      <object_component id="oc-130">
         <name>.esysmem</name>
         <uninitialized>true</uninitialized>
         <run_address>0x8c00</run_address>
         <size>0x4</size>
         <input_file_ref idref="fl-28"/>
      </object_component>
      <object_component id="oc-2b9">
         <name>.esysmem</name>
         <uninitialized>true</uninitialized>
         <run_address>0x8c00</run_address>
         <size>0x0</size>
      </object_component>
      <object_component id="oc-23f">
         <name>.econst:.string:__ctypes_</name>
         <load_address>0x3dc000</load_address>
         <run_address>0x3dc000</run_address>
         <size>0x101</size>
         <input_file_ref idref="fl-27"/>
      </object_component>
      <object_component id="oc-244">
         <name>.econst:_PieVectTableInit</name>
         <load_address>0x3dc102</load_address>
         <run_address>0x3dc102</run_address>
         <size>0x100</size>
         <input_file_ref idref="fl-d"/>
      </object_component>
      <object_component id="oc-257">
         <name>.econst:_digits</name>
         <load_address>0x3dc202</load_address>
         <run_address>0x3dc202</run_address>
         <size>0x40</size>
         <input_file_ref idref="fl-45"/>
      </object_component>
      <object_component id="oc-141">
         <name>.econst:.string</name>
         <load_address>0x3dc242</load_address>
         <run_address>0x3dc242</run_address>
         <size>0x26</size>
         <input_file_ref idref="fl-2b"/>
      </object_component>
      <object_component id="oc-258">
         <name>.econst:_powerof10</name>
         <load_address>0x3dc268</load_address>
         <run_address>0x3dc268</run_address>
         <size>0x24</size>
         <input_file_ref idref="fl-45"/>
      </object_component>
      <object_component id="oc-259">
         <name>.econst:_digits</name>
         <load_address>0x3dc28c</load_address>
         <run_address>0x3dc28c</run_address>
         <size>0x20</size>
         <input_file_ref idref="fl-43"/>
      </object_component>
      <object_component id="oc-140">
         <name>.econst</name>
         <load_address>0x3dc2ac</load_address>
         <run_address>0x3dc2ac</run_address>
         <size>0x1c</size>
         <input_file_ref idref="fl-2b"/>
      </object_component>
      <object_component id="oc-153">
         <name>.econst</name>
         <load_address>0x3dc2c8</load_address>
         <run_address>0x3dc2c8</run_address>
         <size>0x1c</size>
         <input_file_ref idref="fl-2e"/>
      </object_component>
      <object_component id="oc-d1">
         <name>.econst</name>
         <load_address>0x3dc2e4</load_address>
         <run_address>0x3dc2e4</run_address>
         <size>0x15</size>
         <input_file_ref idref="fl-12"/>
      </object_component>
      <object_component id="oc-df">
         <name>.econst:.string</name>
         <load_address>0x3dc2fa</load_address>
         <run_address>0x3dc2fa</run_address>
         <size>0xf</size>
         <input_file_ref idref="fl-14"/>
      </object_component>
      <object_component id="oc-147">
         <name>.econst:.string</name>
         <load_address>0x3dc30a</load_address>
         <run_address>0x3dc30a</run_address>
         <size>0xe</size>
         <input_file_ref idref="fl-2c"/>
      </object_component>
      <object_component id="oc-ec">
         <name>.econst:.string</name>
         <load_address>0x3dc318</load_address>
         <run_address>0x3dc318</run_address>
         <size>0xd</size>
         <input_file_ref idref="fl-16"/>
      </object_component>
      <object_component id="oc-25a">
         <name>.econst:_powerof10</name>
         <load_address>0x3dc326</load_address>
         <run_address>0x3dc326</run_address>
         <size>0xc</size>
         <input_file_ref idref="fl-43"/>
      </object_component>
      <object_component id="oc-1c7">
         <name>.econst</name>
         <load_address>0x3dc332</load_address>
         <run_address>0x3dc332</run_address>
         <size>0xc</size>
         <input_file_ref idref="fl-45"/>
      </object_component>
      <object_component id="oc-14d">
         <name>.econst</name>
         <load_address>0x3dc33e</load_address>
         <run_address>0x3dc33e</run_address>
         <size>0x8</size>
         <input_file_ref idref="fl-2d"/>
      </object_component>
      <object_component id="oc-248">
         <name>.econst:.string:_flit$1</name>
         <load_address>0x3dc346</load_address>
         <run_address>0x3dc346</run_address>
         <size>0x7</size>
         <input_file_ref idref="fl-2c"/>
      </object_component>
      <object_component id="oc-24a">
         <name>.econst:.string:_barr$2</name>
         <load_address>0x3dc34d</load_address>
         <run_address>0x3dc34d</run_address>
         <size>0x6</size>
         <input_file_ref idref="fl-2c"/>
      </object_component>
      <object_component id="oc-1ea">
         <name>.econst</name>
         <load_address>0x3dc354</load_address>
         <run_address>0x3dc354</run_address>
         <size>0x6</size>
         <input_file_ref idref="fl-4c"/>
      </object_component>
      <object_component id="oc-224">
         <name>.econst:.string:_$P$T0$1</name>
         <load_address>0x3dc35a</load_address>
         <run_address>0x3dc35a</run_address>
         <size>0x3</size>
         <input_file_ref idref="fl-16"/>
      </object_component>
      <object_component id="oc-228">
         <name>.econst:.string:_$P$T2$3</name>
         <load_address>0x3dc35d</load_address>
         <run_address>0x3dc35d</run_address>
         <size>0x3</size>
         <input_file_ref idref="fl-16"/>
      </object_component>
      <object_component id="oc-227">
         <name>.econst:.string:_$P$T1$2</name>
         <load_address>0x3dc360</load_address>
         <run_address>0x3dc360</run_address>
         <size>0x2</size>
         <input_file_ref idref="fl-16"/>
      </object_component>
      <object_component id="oc-229">
         <name>.econst:.string:_$P$T3$4</name>
         <load_address>0x3dc362</load_address>
         <run_address>0x3dc362</run_address>
         <size>0x2</size>
         <input_file_ref idref="fl-16"/>
      </object_component>
      <object_component id="oc-101">
         <name>.reset</name>
         <load_address>0x3fffc0</load_address>
         <run_address>0x3fffc0</run_address>
         <size>0x2</size>
         <input_file_ref idref="fl-1f"/>
      </object_component>
      <object_component id="oc-b1">
         <name>PieVectTableFile</name>
         <uninitialized>true</uninitialized>
         <run_address>0xd00</run_address>
         <size>0x100</size>
         <input_file_ref idref="fl-b"/>
      </object_component>
      <object_component id="oc-7b">
         <name>EmuKeyVar</name>
         <uninitialized>true</uninitialized>
         <run_address>0xd00</run_address>
         <size>0x1</size>
         <input_file_ref idref="fl-b"/>
      </object_component>
      <object_component id="oc-7c">
         <name>EmuBModeVar</name>
         <uninitialized>true</uninitialized>
         <run_address>0xd01</run_address>
         <size>0x1</size>
         <input_file_ref idref="fl-b"/>
      </object_component>
      <object_component id="oc-7e">
         <name>FlashCallbackVar</name>
         <uninitialized>true</uninitialized>
         <run_address>0xd02</run_address>
         <size>0x2</size>
         <input_file_ref idref="fl-b"/>
      </object_component>
      <object_component id="oc-7d">
         <name>FlashScalingVar</name>
         <uninitialized>true</uninitialized>
         <run_address>0xd04</run_address>
         <size>0x2</size>
         <input_file_ref idref="fl-b"/>
      </object_component>
      <object_component id="oc-80">
         <name>DevEmuRegsFile</name>
         <uninitialized>true</uninitialized>
         <run_address>0x880</run_address>
         <size>0x4</size>
         <input_file_ref idref="fl-b"/>
      </object_component>
      <object_component id="oc-7f">
         <name>SysPwrCtrlRegsFile</name>
         <uninitialized>true</uninitialized>
         <run_address>0x985</run_address>
         <size>0x3</size>
         <input_file_ref idref="fl-b"/>
      </object_component>
      <object_component id="oc-85">
         <name>FlashRegsFile</name>
         <uninitialized>true</uninitialized>
         <run_address>0xa80</run_address>
         <size>0x8</size>
         <input_file_ref idref="fl-b"/>
      </object_component>
      <object_component id="oc-87">
         <name>CsmRegsFile</name>
         <uninitialized>true</uninitialized>
         <run_address>0xae0</run_address>
         <size>0x10</size>
         <input_file_ref idref="fl-b"/>
      </object_component>
      <object_component id="oc-86">
         <name>AdcResultFile</name>
         <uninitialized>true</uninitialized>
         <run_address>0xb00</run_address>
         <size>0x10</size>
         <input_file_ref idref="fl-b"/>
      </object_component>
      <object_component id="oc-81">
         <name>CpuTimer0RegsFile</name>
         <uninitialized>true</uninitialized>
         <run_address>0xc00</run_address>
         <size>0x8</size>
         <input_file_ref idref="fl-b"/>
      </object_component>
      <object_component id="oc-82">
         <name>CpuTimer1RegsFile</name>
         <uninitialized>true</uninitialized>
         <run_address>0xc08</run_address>
         <size>0x8</size>
         <input_file_ref idref="fl-b"/>
      </object_component>
      <object_component id="oc-83">
         <name>CpuTimer2RegsFile</name>
         <uninitialized>true</uninitialized>
         <run_address>0xc10</run_address>
         <size>0x8</size>
         <input_file_ref idref="fl-b"/>
      </object_component>
      <object_component id="oc-91">
         <name>PieCtrlRegsFile</name>
         <uninitialized>true</uninitialized>
         <run_address>0xce0</run_address>
         <size>0x1a</size>
         <input_file_ref idref="fl-b"/>
      </object_component>
      <object_component id="oc-a1">
         <name>Cla1RegsFile</name>
         <uninitialized>true</uninitialized>
         <run_address>0x1400</run_address>
         <size>0x40</size>
         <input_file_ref idref="fl-b"/>
      </object_component>
      <object_component id="oc-af">
         <name>DmaRegsFile</name>
         <uninitialized>true</uninitialized>
         <run_address>0x1000</run_address>
         <size>0xe0</size>
         <input_file_ref idref="fl-b"/>
      </object_component>
      <object_component id="oc-a0">
         <name>ECanaRegsFile</name>
         <uninitialized>true</uninitialized>
         <run_address>0x6000</run_address>
         <size>0x34</size>
         <input_file_ref idref="fl-b"/>
      </object_component>
      <object_component id="oc-a2">
         <name>ECanaLAMRegsFile</name>
         <uninitialized>true</uninitialized>
         <run_address>0x6040</run_address>
         <size>0x40</size>
         <input_file_ref idref="fl-b"/>
      </object_component>
      <object_component id="oc-b0">
         <name>ECanaMboxesFile</name>
         <uninitialized>true</uninitialized>
         <run_address>0x6100</run_address>
         <size>0x100</size>
         <input_file_ref idref="fl-b"/>
      </object_component>
      <object_component id="oc-a3">
         <name>ECanaMOTSRegsFile</name>
         <uninitialized>true</uninitialized>
         <run_address>0x6080</run_address>
         <size>0x40</size>
         <input_file_ref idref="fl-b"/>
      </object_component>
      <object_component id="oc-a4">
         <name>ECanaMOTORegsFile</name>
         <uninitialized>true</uninitialized>
         <run_address>0x60c0</run_address>
         <size>0x40</size>
         <input_file_ref idref="fl-b"/>
      </object_component>
      <object_component id="oc-92">
         <name>ECap1RegsFile</name>
         <uninitialized>true</uninitialized>
         <run_address>0x6a00</run_address>
         <size>0x20</size>
         <input_file_ref idref="fl-b"/>
      </object_component>
      <object_component id="oc-93">
         <name>ECap2RegsFile</name>
         <uninitialized>true</uninitialized>
         <run_address>0x6a20</run_address>
         <size>0x20</size>
         <input_file_ref idref="fl-b"/>
      </object_component>
      <object_component id="oc-94">
         <name>ECap3RegsFile</name>
         <uninitialized>true</uninitialized>
         <run_address>0x6a40</run_address>
         <size>0x20</size>
         <input_file_ref idref="fl-b"/>
      </object_component>
      <object_component id="oc-9b">
         <name>EQep1RegsFile</name>
         <uninitialized>true</uninitialized>
         <run_address>0x6b00</run_address>
         <size>0x22</size>
         <input_file_ref idref="fl-b"/>
      </object_component>
      <object_component id="oc-9c">
         <name>EQep2RegsFile</name>
         <uninitialized>true</uninitialized>
         <run_address>0x6b40</run_address>
         <size>0x22</size>
         <input_file_ref idref="fl-b"/>
      </object_component>
      <object_component id="oc-ad">
         <name>GpioCtrlRegsFile</name>
         <uninitialized>true</uninitialized>
         <run_address>0x6f80</run_address>
         <size>0x40</size>
         <input_file_ref idref="fl-b"/>
      </object_component>
      <object_component id="oc-95">
         <name>GpioDataRegsFile</name>
         <uninitialized>true</uninitialized>
         <run_address>0x6fc0</run_address>
         <size>0x20</size>
         <input_file_ref idref="fl-b"/>
      </object_component>
      <object_component id="oc-96">
         <name>GpioIntRegsFile</name>
         <uninitialized>true</uninitialized>
         <run_address>0x6fe0</run_address>
         <size>0x20</size>
         <input_file_ref idref="fl-b"/>
      </object_component>
      <object_component id="oc-97">
         <name>HRCap1RegsFile</name>
         <uninitialized>true</uninitialized>
         <run_address>0x6ac0</run_address>
         <size>0x20</size>
         <input_file_ref idref="fl-b"/>
      </object_component>
      <object_component id="oc-98">
         <name>HRCap2RegsFile</name>
         <uninitialized>true</uninitialized>
         <run_address>0x6ae0</run_address>
         <size>0x20</size>
         <input_file_ref idref="fl-b"/>
      </object_component>
      <object_component id="oc-99">
         <name>HRCap3RegsFile</name>
         <uninitialized>true</uninitialized>
         <run_address>0x6c80</run_address>
         <size>0x20</size>
         <input_file_ref idref="fl-b"/>
      </object_component>
      <object_component id="oc-9a">
         <name>HRCap4RegsFile</name>
         <uninitialized>true</uninitialized>
         <run_address>0x6ca0</run_address>
         <size>0x20</size>
         <input_file_ref idref="fl-b"/>
      </object_component>
      <object_component id="oc-9f">
         <name>SysCtrlRegsFile</name>
         <uninitialized>true</uninitialized>
         <run_address>0x7010</run_address>
         <size>0x30</size>
         <input_file_ref idref="fl-b"/>
      </object_component>
      <object_component id="oc-8b">
         <name>SpiaRegsFile</name>
         <uninitialized>true</uninitialized>
         <run_address>0x7040</run_address>
         <size>0x10</size>
         <input_file_ref idref="fl-b"/>
      </object_component>
      <object_component id="oc-8c">
         <name>SpibRegsFile</name>
         <uninitialized>true</uninitialized>
         <run_address>0x7740</run_address>
         <size>0x10</size>
         <input_file_ref idref="fl-b"/>
      </object_component>
      <object_component id="oc-89">
         <name>SciaRegsFile</name>
         <uninitialized>true</uninitialized>
         <run_address>0x7050</run_address>
         <size>0x10</size>
         <input_file_ref idref="fl-b"/>
      </object_component>
      <object_component id="oc-8a">
         <name>ScibRegsFile</name>
         <uninitialized>true</uninitialized>
         <run_address>0x7750</run_address>
         <size>0x10</size>
         <input_file_ref idref="fl-b"/>
      </object_component>
      <object_component id="oc-88">
         <name>NmiIntruptRegsFile</name>
         <uninitialized>true</uninitialized>
         <run_address>0x7060</run_address>
         <size>0x10</size>
         <input_file_ref idref="fl-b"/>
      </object_component>
      <object_component id="oc-8d">
         <name>XIntruptRegsFile</name>
         <uninitialized>true</uninitialized>
         <run_address>0x7070</run_address>
         <size>0x10</size>
         <input_file_ref idref="fl-b"/>
      </object_component>
      <object_component id="oc-ae">
         <name>AdcRegsFile</name>
         <uninitialized>true</uninitialized>
         <run_address>0x7100</run_address>
         <size>0x50</size>
         <input_file_ref idref="fl-b"/>
      </object_component>
      <object_component id="oc-9d">
         <name>I2caRegsFile</name>
         <uninitialized>true</uninitialized>
         <run_address>0x7900</run_address>
         <size>0x22</size>
         <input_file_ref idref="fl-b"/>
      </object_component>
      <object_component id="oc-8e">
         <name>Comp1RegsFile</name>
         <uninitialized>true</uninitialized>
         <run_address>0x6400</run_address>
         <size>0x14</size>
         <input_file_ref idref="fl-b"/>
      </object_component>
      <object_component id="oc-8f">
         <name>Comp2RegsFile</name>
         <uninitialized>true</uninitialized>
         <run_address>0x6420</run_address>
         <size>0x14</size>
         <input_file_ref idref="fl-b"/>
      </object_component>
      <object_component id="oc-90">
         <name>Comp3RegsFile</name>
         <uninitialized>true</uninitialized>
         <run_address>0x6440</run_address>
         <size>0x14</size>
         <input_file_ref idref="fl-b"/>
      </object_component>
      <object_component id="oc-a5">
         <name>EPwm1RegsFile</name>
         <uninitialized>true</uninitialized>
         <run_address>0x6800</run_address>
         <size>0x40</size>
         <input_file_ref idref="fl-b"/>
      </object_component>
      <object_component id="oc-a6">
         <name>EPwm2RegsFile</name>
         <uninitialized>true</uninitialized>
         <run_address>0x6840</run_address>
         <size>0x40</size>
         <input_file_ref idref="fl-b"/>
      </object_component>
      <object_component id="oc-a7">
         <name>EPwm3RegsFile</name>
         <uninitialized>true</uninitialized>
         <run_address>0x6880</run_address>
         <size>0x40</size>
         <input_file_ref idref="fl-b"/>
      </object_component>
      <object_component id="oc-a8">
         <name>EPwm4RegsFile</name>
         <uninitialized>true</uninitialized>
         <run_address>0x68c0</run_address>
         <size>0x40</size>
         <input_file_ref idref="fl-b"/>
      </object_component>
      <object_component id="oc-a9">
         <name>EPwm5RegsFile</name>
         <uninitialized>true</uninitialized>
         <run_address>0x6900</run_address>
         <size>0x40</size>
         <input_file_ref idref="fl-b"/>
      </object_component>
      <object_component id="oc-aa">
         <name>EPwm6RegsFile</name>
         <uninitialized>true</uninitialized>
         <run_address>0x6940</run_address>
         <size>0x40</size>
         <input_file_ref idref="fl-b"/>
      </object_component>
      <object_component id="oc-ab">
         <name>EPwm7RegsFile</name>
         <uninitialized>true</uninitialized>
         <run_address>0x6980</run_address>
         <size>0x40</size>
         <input_file_ref idref="fl-b"/>
      </object_component>
      <object_component id="oc-ac">
         <name>EPwm8RegsFile</name>
         <uninitialized>true</uninitialized>
         <run_address>0x69c0</run_address>
         <size>0x40</size>
         <input_file_ref idref="fl-b"/>
      </object_component>
      <object_component id="oc-9e">
         <name>McbspaRegsFile</name>
         <uninitialized>true</uninitialized>
         <run_address>0x5000</run_address>
         <size>0x24</size>
         <input_file_ref idref="fl-b"/>
      </object_component>
      <object_component id="oc-b2">
         <name>Usb0RegsFile</name>
         <uninitialized>true</uninitialized>
         <run_address>0x4000</run_address>
         <size>0x454</size>
         <input_file_ref idref="fl-b"/>
      </object_component>
      <object_component id="oc-84">
         <name>CsmPwlFile</name>
         <uninitialized>true</uninitialized>
         <run_address>0x3f7ff8</run_address>
         <size>0x8</size>
         <input_file_ref idref="fl-b"/>
      </object_component>
      <object_component id="oc-7a">
         <name>PartIdRegsFile</name>
         <uninitialized>true</uninitialized>
         <run_address>0x3d7e80</run_address>
         <size>0x1</size>
         <input_file_ref idref="fl-b"/>
      </object_component>
      <object_component id="oc-54">
         <name>.debug_info</name>
         <load_address>0x0</load_address>
         <run_address>0x0</run_address>
         <size>0x1ae6</size>
         <input_file_ref idref="fl-4"/>
      </object_component>
      <object_component id="oc-59">
         <name>.debug_info</name>
         <load_address>0x1ae6</load_address>
         <run_address>0x1ae6</run_address>
         <size>0x4efa</size>
         <input_file_ref idref="fl-5"/>
      </object_component>
      <object_component id="oc-60">
         <name>.debug_info</name>
         <load_address>0x69e0</load_address>
         <run_address>0x69e0</run_address>
         <size>0x1f7</size>
         <input_file_ref idref="fl-6"/>
      </object_component>
      <object_component id="oc-63">
         <name>.debug_info</name>
         <load_address>0x6bd7</load_address>
         <run_address>0x6bd7</run_address>
         <size>0xadd</size>
         <input_file_ref idref="fl-7"/>
      </object_component>
      <object_component id="oc-69">
         <name>.debug_info</name>
         <load_address>0x76b4</load_address>
         <run_address>0x76b4</run_address>
         <size>0x51e0</size>
         <input_file_ref idref="fl-8"/>
      </object_component>
      <object_component id="oc-6f">
         <name>.debug_info</name>
         <load_address>0xc894</load_address>
         <run_address>0xc894</run_address>
         <size>0x18cf</size>
         <input_file_ref idref="fl-9"/>
      </object_component>
      <object_component id="oc-74">
         <name>.debug_info</name>
         <load_address>0xe163</load_address>
         <run_address>0xe163</run_address>
         <size>0x18cf</size>
         <input_file_ref idref="fl-a"/>
      </object_component>
      <object_component id="oc-79">
         <name>.debug_info</name>
         <load_address>0xfa32</load_address>
         <run_address>0xfa32</run_address>
         <size>0x1b088</size>
         <input_file_ref idref="fl-b"/>
      </object_component>
      <object_component id="oc-b4">
         <name>.debug_info</name>
         <load_address>0x2aaba</load_address>
         <run_address>0x2aaba</run_address>
         <size>0xc77</size>
         <input_file_ref idref="fl-c"/>
      </object_component>
      <object_component id="oc-b9">
         <name>.debug_info</name>
         <load_address>0x2b731</load_address>
         <run_address>0x2b731</run_address>
         <size>0x2537</size>
         <input_file_ref idref="fl-d"/>
      </object_component>
      <object_component id="oc-be">
         <name>.debug_info</name>
         <load_address>0x2dc68</load_address>
         <run_address>0x2dc68</run_address>
         <size>0x1c3e</size>
         <input_file_ref idref="fl-e"/>
      </object_component>
      <object_component id="oc-c3">
         <name>.debug_info</name>
         <load_address>0x2f8a6</load_address>
         <run_address>0x2f8a6</run_address>
         <size>0x2f45</size>
         <input_file_ref idref="fl-f"/>
      </object_component>
      <object_component id="oc-ca">
         <name>.debug_info</name>
         <load_address>0x327eb</load_address>
         <run_address>0x327eb</run_address>
         <size>0x182</size>
         <input_file_ref idref="fl-10"/>
      </object_component>
      <object_component id="oc-cd">
         <name>.debug_info</name>
         <load_address>0x3296d</load_address>
         <run_address>0x3296d</run_address>
         <size>0x19b</size>
         <input_file_ref idref="fl-11"/>
      </object_component>
      <object_component id="oc-cf">
         <name>.debug_info</name>
         <load_address>0x32b08</load_address>
         <run_address>0x32b08</run_address>
         <size>0xab3</size>
         <input_file_ref idref="fl-12"/>
      </object_component>
      <object_component id="oc-d4">
         <name>.debug_info</name>
         <load_address>0x335bb</load_address>
         <run_address>0x335bb</run_address>
         <size>0x45a5</size>
         <input_file_ref idref="fl-13"/>
      </object_component>
      <object_component id="oc-dc">
         <name>.debug_info</name>
         <load_address>0x37b60</load_address>
         <run_address>0x37b60</run_address>
         <size>0xb09b</size>
         <input_file_ref idref="fl-14"/>
      </object_component>
      <object_component id="oc-e4">
         <name>.debug_info</name>
         <load_address>0x42bfb</load_address>
         <run_address>0x42bfb</run_address>
         <size>0x1420</size>
         <input_file_ref idref="fl-15"/>
      </object_component>
      <object_component id="oc-e9">
         <name>.debug_info</name>
         <load_address>0x4401b</load_address>
         <run_address>0x4401b</run_address>
         <size>0x2e61</size>
         <input_file_ref idref="fl-16"/>
      </object_component>
      <object_component id="oc-f2">
         <name>.debug_info</name>
         <load_address>0x46e7c</load_address>
         <run_address>0x46e7c</run_address>
         <size>0x142</size>
         <input_file_ref idref="fl-1c"/>
      </object_component>
      <object_component id="oc-f5">
         <name>.debug_info</name>
         <load_address>0x46fbe</load_address>
         <run_address>0x46fbe</run_address>
         <size>0x64c</size>
         <input_file_ref idref="fl-1d"/>
      </object_component>
      <object_component id="oc-fa">
         <name>.debug_info</name>
         <load_address>0x4760a</load_address>
         <run_address>0x4760a</run_address>
         <size>0x7bc</size>
         <input_file_ref idref="fl-1e"/>
      </object_component>
      <object_component id="oc-102">
         <name>.debug_info</name>
         <load_address>0x47dc6</load_address>
         <run_address>0x47dc6</run_address>
         <size>0x173</size>
         <input_file_ref idref="fl-1f"/>
      </object_component>
      <object_component id="oc-106">
         <name>.debug_info</name>
         <load_address>0x47f39</load_address>
         <run_address>0x47f39</run_address>
         <size>0x561</size>
         <input_file_ref idref="fl-20"/>
      </object_component>
      <object_component id="oc-10b">
         <name>.debug_info</name>
         <load_address>0x4849a</load_address>
         <run_address>0x4849a</run_address>
         <size>0x43a</size>
         <input_file_ref idref="fl-21"/>
      </object_component>
      <object_component id="oc-110">
         <name>.debug_info</name>
         <load_address>0x488d4</load_address>
         <run_address>0x488d4</run_address>
         <size>0x3ad</size>
         <input_file_ref idref="fl-22"/>
      </object_component>
      <object_component id="oc-115">
         <name>.debug_info</name>
         <load_address>0x48c81</load_address>
         <run_address>0x48c81</run_address>
         <size>0x3aa</size>
         <input_file_ref idref="fl-23"/>
      </object_component>
      <object_component id="oc-11a">
         <name>.debug_info</name>
         <load_address>0x4902b</load_address>
         <run_address>0x4902b</run_address>
         <size>0x544</size>
         <input_file_ref idref="fl-24"/>
      </object_component>
      <object_component id="oc-121">
         <name>.debug_info</name>
         <load_address>0x4956f</load_address>
         <run_address>0x4956f</run_address>
         <size>0x4cc</size>
         <input_file_ref idref="fl-25"/>
      </object_component>
      <object_component id="oc-126">
         <name>.debug_info</name>
         <load_address>0x49a3b</load_address>
         <run_address>0x49a3b</run_address>
         <size>0x467</size>
         <input_file_ref idref="fl-26"/>
      </object_component>
      <object_component id="oc-12b">
         <name>.debug_info</name>
         <load_address>0x49ea2</load_address>
         <run_address>0x49ea2</run_address>
         <size>0x1e7</size>
         <input_file_ref idref="fl-27"/>
      </object_component>
      <object_component id="oc-12d">
         <name>.debug_info</name>
         <load_address>0x4a089</load_address>
         <run_address>0x4a089</run_address>
         <size>0xf62</size>
         <input_file_ref idref="fl-28"/>
      </object_component>
      <object_component id="oc-135">
         <name>.debug_info</name>
         <load_address>0x4afeb</load_address>
         <run_address>0x4afeb</run_address>
         <size>0x502</size>
         <input_file_ref idref="fl-29"/>
      </object_component>
      <object_component id="oc-13a">
         <name>.debug_info</name>
         <load_address>0x4b4ed</load_address>
         <run_address>0x4b4ed</run_address>
         <size>0x4aa</size>
         <input_file_ref idref="fl-2a"/>
      </object_component>
      <object_component id="oc-13f">
         <name>.debug_info</name>
         <load_address>0x4b997</load_address>
         <run_address>0x4b997</run_address>
         <size>0x26e8</size>
         <input_file_ref idref="fl-2b"/>
      </object_component>
      <object_component id="oc-146">
         <name>.debug_info</name>
         <load_address>0x4e07f</load_address>
         <run_address>0x4e07f</run_address>
         <size>0x1ab7</size>
         <input_file_ref idref="fl-2c"/>
      </object_component>
      <object_component id="oc-14c">
         <name>.debug_info</name>
         <load_address>0x4fb36</load_address>
         <run_address>0x4fb36</run_address>
         <size>0x4a6</size>
         <input_file_ref idref="fl-2d"/>
      </object_component>
      <object_component id="oc-152">
         <name>.debug_info</name>
         <load_address>0x4ffdc</load_address>
         <run_address>0x4ffdc</run_address>
         <size>0x532</size>
         <input_file_ref idref="fl-2e"/>
      </object_component>
      <object_component id="oc-159">
         <name>.debug_info</name>
         <load_address>0x5050e</load_address>
         <run_address>0x5050e</run_address>
         <size>0x114</size>
         <input_file_ref idref="fl-2f"/>
      </object_component>
      <object_component id="oc-15e">
         <name>.debug_info</name>
         <load_address>0x50622</load_address>
         <run_address>0x50622</run_address>
         <size>0x120</size>
         <input_file_ref idref="fl-30"/>
      </object_component>
      <object_component id="oc-163">
         <name>.debug_info</name>
         <load_address>0x50742</load_address>
         <run_address>0x50742</run_address>
         <size>0x114</size>
         <input_file_ref idref="fl-31"/>
      </object_component>
      <object_component id="oc-168">
         <name>.debug_info</name>
         <load_address>0x50856</load_address>
         <run_address>0x50856</run_address>
         <size>0x114</size>
         <input_file_ref idref="fl-32"/>
      </object_component>
      <object_component id="oc-16d">
         <name>.debug_info</name>
         <load_address>0x5096a</load_address>
         <run_address>0x5096a</run_address>
         <size>0x122</size>
         <input_file_ref idref="fl-33"/>
      </object_component>
      <object_component id="oc-172">
[...]
      <symbol id="sm-44f">
         <name>_sort_operation</name>
         <value>0x3f6f77</value>
         <object_component_ref idref="oc-202"/>
      </symbol>
      <symbol id="sm-451">
         <name>_operation</name>
         <value>0xa0c0</value>
         <object_component_ref idref="oc-239"/>
      </symbol>
      <symbol id="sm-452">
         <name>_init_operation</name>
         <value>0x3f6ebc</value>
         <object_component_ref idref="oc-202"/>
      </symbol>
      <symbol id="sm-454">
         <name>_GPA_CLEAR</name>
         <value>0x3f6eb1</value>
         <object_component_ref idref="oc-202"/>
      </symbol>
      <symbol id="sm-456">
         <name>_swap_operation</name>
         <value>0x3f6f52</value>
         <object_component_ref idref="oc-202"/>
      </symbol>
      <symbol id="sm-4f7">
         <name>_test_uart_flag</name>
         <value>0xa12d</value>
         <object_component_ref idref="oc-eb"/>
      </symbol>
      <symbol id="sm-4f8">
         <name>_stop_off_icon</name>
         <value>0xa13a</value>
         <object_component_ref idref="oc-230"/>
      </symbol>
      <symbol id="sm-4f9">
         <name>_add_data</name>
         <value>0x3f5919</value>
         <object_component_ref idref="oc-1ff"/>
      </symbol>
      <symbol id="sm-4fb">
         <name>_icon_off_state</name>
         <value>0x3f5970</value>
         <object_component_ref idref="oc-1ff"/>
      </symbol>
      <symbol id="sm-4fd">
         <name>_stop_on_icon</name>
         <value>0xa13c</value>
         <object_component_ref idref="oc-22e"/>
      </symbol>
      <symbol id="sm-4fe">
         <name>_update_touch_int</name>
         <value>0x3f5810</value>
         <object_component_ref idref="oc-1ff"/>
      </symbol>
      <symbol id="sm-500">
         <name>_send_begin_hide</name>
         <value>0xa125</value>
         <object_component_ref idref="oc-220"/>
      </symbol>
      <symbol id="sm-501">
         <name>_graph_id</name>
         <value>0xa132</value>
         <object_component_ref idref="oc-225"/>
      </symbol>
      <symbol id="sm-502">
         <name>_send_end</name>
         <value>0xa0fc</value>
         <object_component_ref idref="oc-20d"/>
      </symbol>
      <symbol id="sm-503">
         <name>_substring</name>
         <value>0x3f578b</value>
         <object_component_ref idref="oc-1ff"/>
      </symbol>
      <symbol id="sm-505">
         <name>_stop_timer</name>
         <value>0xa0b2</value>
         <object_component_ref idref="oc-211"/>
      </symbol>
      <symbol id="sm-506">
         <name>_screen_id0</name>
         <value>0xa134</value>
         <object_component_ref idref="oc-222"/>
      </symbol>
      <symbol id="sm-507">
         <name>_set_timer</name>
         <value>0xa079</value>
         <object_component_ref idref="oc-20b"/>
      </symbol>
      <symbol id="sm-508">
         <name>_sci_msg</name>
         <value>0x3f5777</value>
         <object_component_ref idref="oc-1ff"/>
      </symbol>
      <symbol id="sm-50a">
         <name>_start_on_icon</name>
         <value>0xa138</value>
         <object_component_ref idref="oc-22a"/>
      </symbol>
      <symbol id="sm-50b">
         <name>_change_icon_state</name>
         <value>0x3f58c1</value>
         <object_component_ref idref="oc-1ff"/>
      </symbol>
      <symbol id="sm-50d">
         <name>_valid_cmd</name>
         <value>0x3f57b2</value>
         <object_component_ref idref="oc-1ff"/>
      </symbol>
      <symbol id="sm-50f">
         <name>_icon_on_state</name>
         <value>0x3f5957</value>
         <object_component_ref idref="oc-1ff"/>
      </symbol>
      <symbol id="sm-511">
         <name>_sci_xmit</name>
         <value>0x3f5731</value>
         <object_component_ref idref="oc-1ff"/>
      </symbol>
      <symbol id="sm-513">
         <name>_start_timer</name>
         <value>0xa032</value>
         <object_component_ref idref="oc-20f"/>
      </symbol>
      <symbol id="sm-514">
         <name>_wait_flag</name>
         <value>0xa12c</value>
         <object_component_ref idref="oc-eb"/>
      </symbol>
      <symbol id="sm-515">
         <name>_scia_echoback_init</name>
         <value>0x3f56fb</value>
         <object_component_ref idref="oc-1ff"/>
      </symbol>
      <symbol id="sm-517">
         <name>_scib_echoback_init</name>
         <value>0x3f5716</value>
         <object_component_ref idref="oc-1ff"/>
      </symbol>
      <symbol id="sm-519">
         <name>_update_PC_data</name>
         <value>0x3f5831</value>
         <object_component_ref idref="oc-1ff"/>
      </symbol>
      <symbol id="sm-51b">
         <name>_cmd_len</name>
         <value>0xa12b</value>
         <object_component_ref idref="oc-eb"/>
      </symbol>
      <symbol id="sm-51c">
         <name>_send_two_byte_data</name>
         <value>0x3f5859</value>
         <object_component_ref idref="oc-1ff"/>
      </symbol>
      <symbol id="sm-51e">
         <name>_sci_xmit_2byte</name>
         <value>0x3f574e</value>
         <object_component_ref idref="oc-1ff"/>
      </symbol>
      <symbol id="sm-520">
         <name>_update_touch_data</name>
         <value>0x3f57dd</value>
         <object_component_ref idref="oc-1ff"/>
      </symbol>
      <symbol id="sm-522">
         <name>_update_progress</name>
         <value>0x3f587a</value>
         <object_component_ref idref="oc-1ff"/>
      </symbol>
      <symbol id="sm-524">
         <name>_update_channel</name>
         <value>0x3f58a2</value>
         <object_component_ref idref="oc-1ff"/>
      </symbol>
      <symbol id="sm-526">
         <name>_start_off_icon</name>
         <value>0xa136</value>
         <object_component_ref idref="oc-22c"/>
      </symbol>
      <symbol id="sm-527">
         <name>_process_cmd</name>
         <value>0x3f54b7</value>
         <object_component_ref idref="oc-1ff"/>
      </symbol>
      <symbol id="sm-529">
         <name>_send_begin</name>
         <value>0xa122</value>
         <object_component_ref idref="oc-21d"/>
      </symbol>
      <symbol id="sm-52a">
         <name>_add_data_channel</name>
         <value>0x3f58e8</value>
         <object_component_ref idref="oc-1ff"/>
      </symbol>
      <symbol id="sm-533">
         <name>FS$$DIV</name>
         <value>0x3f7bf0</value>
         <object_component_ref idref="oc-f1"/>
      </symbol>
      <symbol id="sm-541">
         <name>_sprintf</name>
         <value>0x3f7927</value>
         <object_component_ref idref="oc-21c"/>
      </symbol>
      <symbol id="sm-55c">
         <name>_sscanf</name>
         <value>0x3f77c2</value>
         <object_component_ref idref="oc-209"/>
      </symbol>
      <symbol id="sm-55e">
         <name>_vsscanf</name>
         <value>0x3f77b2</value>
         <object_component_ref idref="oc-209"/>
      </symbol>
      <symbol id="sm-57a">
         <name>_c_int00</name>
         <value>0x3f78d1</value>
         <object_component_ref idref="oc-ff"/>
      </symbol>
      <symbol id="sm-57b">
         <name>__stack</name>
         <value>0x50</value>
         <object_component_ref idref="oc-100"/>
      </symbol>
      <symbol id="sm-58a">
         <name>_copy_in</name>
         <value>0x3f7ada</value>
         <object_component_ref idref="oc-205"/>
      </symbol>
      <symbol id="sm-59c">
         <name>_memcpy</name>
         <value>0x3f7b9b</value>
         <object_component_ref idref="oc-236"/>
      </symbol>
      <symbol id="sm-5a9">
         <name>__system_pre_init</name>
         <value>0x3f7cc4</value>
         <object_component_ref idref="oc-204"/>
      </symbol>
      <symbol id="sm-5b7">
         <name>__system_post_cinit</name>
         <value>0x3f7cc6</value>
         <object_component_ref idref="oc-206"/>
      </symbol>
      <symbol id="sm-5cc">
         <name>C$$EXIT</name>
         <value>0x3f7a3e</value>
         <object_component_ref idref="oc-208"/>
      </symbol>
      <symbol id="sm-5cd">
         <name>_exit</name>
         <value>0x3f7a40</value>
         <object_component_ref idref="oc-208"/>
      </symbol>
      <symbol id="sm-5cf">
         <name>___TI_cleanup_ptr</name>
         <value>0xa11a</value>
         <object_component_ref idref="oc-11c"/>
      </symbol>
      <symbol id="sm-5d0">
         <name>___TI_enable_exit_profile_output</name>
         <value>0xa118</value>
         <object_component_ref idref="oc-11c"/>
      </symbol>
      <symbol id="sm-5d1">
         <name>_abort</name>
         <value>0x3f7a3e</value>
         <object_component_ref idref="oc-208"/>
      </symbol>
      <symbol id="sm-5d3">
         <name>___TI_dtors_ptr</name>
         <value>0xa11c</value>
         <object_component_ref idref="oc-11c"/>
      </symbol>
      <symbol id="sm-5e7">
         <name>__unlock</name>
         <value>0xa130</value>
         <object_component_ref idref="oc-240"/>
      </symbol>
      <symbol id="sm-5e8">
         <name>__lock</name>
         <value>0xa12e</value>
         <object_component_ref idref="oc-23c"/>
      </symbol>
      <symbol id="sm-5e9">
         <name>__register_lock</name>
         <value>0x3f7c91</value>
         <object_component_ref idref="oc-245"/>
      </symbol>
      <symbol id="sm-5eb">
         <name>__nop</name>
         <value>0x3f7c95</value>
         <object_component_ref idref="oc-245"/>
      </symbol>
      <symbol id="sm-5ed">
         <name>__register_unlock</name>
         <value>0x3f7c8d</value>
         <object_component_ref idref="oc-245"/>
      </symbol>
      <symbol id="sm-5fd">
         <name>__args_main</name>
         <value>0x3f7c35</value>
         <object_component_ref idref="oc-207"/>
      </symbol>
      <symbol id="sm-606">
         <name>__ctypes_</name>
         <value>0x3dc000</value>
         <object_component_ref idref="oc-23f"/>
      </symbol>
      <symbol id="sm-663">
         <name>__sys_memory</name>
         <value>0x8c00</value>
         <object_component_ref idref="oc-130"/>
      </symbol>
      <symbol id="sm-664">
         <name>___TI_heap_total_available</name>
         <value>0x3f63de</value>
         <object_component_ref idref="oc-21b"/>
      </symbol>
      <symbol id="sm-666">
         <name>_realloc</name>
         <value>0x3f6283</value>
         <object_component_ref idref="oc-21b"/>
      </symbol>
      <symbol id="sm-668">
         <name>___TI_heap_check</name>
         <value>0x3f6418</value>
         <object_component_ref idref="oc-21b"/>
      </symbol>
      <symbol id="sm-66a">
         <name>_free</name>
         <value>0x3f61b9</value>
         <object_component_ref idref="oc-21b"/>
      </symbol>
      <symbol id="sm-66c">
         <name>_memalign</name>
         <value>0x3f6338</value>
         <object_component_ref idref="oc-21b"/>
      </symbol>
      <symbol id="sm-66d">
         <name>_calloc</name>
         <value>0x3f630b</value>
         <object_component_ref idref="oc-21b"/>
      </symbol>
      <symbol id="sm-66f">
         <name>_malloc</name>
         <value>0x3f618e</value>
         <object_component_ref idref="oc-21b"/>
      </symbol>
      <symbol id="sm-671">
         <name>_aligned_alloc</name>
         <value>0x3f6338</value>
         <object_component_ref idref="oc-21b"/>
      </symbol>
      <symbol id="sm-673">
         <name>_minit</name>
         <value>0x3f6307</value>
         <object_component_ref idref="oc-21b"/>
      </symbol>
      <symbol id="sm-675">
         <name>___TI_heap_largest_available</name>
         <value>0x3f63fb</value>
         <object_component_ref idref="oc-21b"/>
      </symbol>
      <symbol id="sm-684">
         <name>_memset</name>
         <value>0x3f7cb8</value>
         <object_component_ref idref="oc-242"/>
      </symbol>
      <symbol id="sm-692">
         <name>_strlen</name>
         <value>0x3f7cb0</value>
         <object_component_ref idref="oc-21f"/>
      </symbol>
      <symbol id="sm-7f3">
         <name>___TI_printfi</name>
         <value>0x3f4b53</value>
         <object_component_ref idref="oc-243"/>
      </symbol>
      <symbol id="sm-8ff">
         <name>___TI_scanfi</name>
         <value>0x3f51bd</value>
         <object_component_ref idref="oc-23e"/>
      </symbol>
      <symbol id="sm-913">
         <name>_frexpl</name>
         <value>0x3f781f</value>
         <object_component_ref idref="oc-253"/>
      </symbol>
      <symbol id="sm-932">
         <name>_scalbnl</name>
         <value>0x3f74e4</value>
         <object_component_ref idref="oc-254"/>
      </symbol>
      <symbol id="sm-934">
         <name>_ldexpl</name>
         <value>0x3f74e4</value>
         <object_component_ref idref="oc-254"/>
      </symbol>
      <symbol id="sm-94f">
         <name>FD$$ADD</name>
         <value>0x3f7592</value>
         <object_component_ref idref="oc-158"/>
      </symbol>
      <symbol id="sm-95f">
         <name>FD$$CMP</name>
         <value>0x3f79ea</value>
         <object_component_ref idref="oc-15d"/>
      </symbol>
      <symbol id="sm-971">
         <name>FD$$MPY</name>
         <value>0x3f76b9</value>
         <object_component_ref idref="oc-162"/>
      </symbol>
      <symbol id="sm-97e">
         <name>FD$$NEG</name>
         <value>0x3f7c96</value>
         <object_component_ref idref="oc-167"/>
      </symbol>
      <symbol id="sm-98a">
         <name>FD$$SUB</name>
         <value>0x3f7c68</value>
         <object_component_ref idref="oc-16c"/>
      </symbol>
      <symbol id="sm-999">
         <name>FD$$TOI</name>
         <value>0x3f7b20</value>
         <object_component_ref idref="oc-171"/>
      </symbol>
      <symbol id="sm-9a8">
         <name>FD$$TOL</name>
         <value>0x3f7b41</value>
         <object_component_ref idref="oc-176"/>
      </symbol>
      <symbol id="sm-9b4">
         <name>LL$$AND</name>
         <value>0x3f7c09</value>
         <object_component_ref idref="oc-17b"/>
      </symbol>
      <symbol id="sm-9b5">
         <name>LL$$OR</name>
         <value>0x3f7c11</value>
         <object_component_ref idref="oc-17b"/>
      </symbol>
      <symbol id="sm-9b6">
         <name>LL$$XOR</name>
         <value>0x3f7c19</value>
         <object_component_ref idref="oc-17b"/>
      </symbol>
      <symbol id="sm-9c4">
         <name>ULL$$CMP</name>
         <value>0x3f7b72</value>
         <object_component_ref idref="oc-180"/>
      </symbol>
      <symbol id="sm-9c5">
         <name>LL$$CMP</name>
         <value>0x3f7b60</value>
         <object_component_ref idref="oc-180"/>
      </symbol>
      <symbol id="sm-9f1">
         <name>ULL$$MOD</name>
         <value>0x3f71fb</value>
         <object_component_ref idref="oc-185"/>
      </symbol>
      <symbol id="sm-9f2">
         <name>ULL$$DIV</name>
         <value>0x3f71cc</value>
         <object_component_ref idref="oc-185"/>
      </symbol>
      <symbol id="sm-9f3">
         <name>LL$$MOD</name>
         <value>0x3f7192</value>
         <object_component_ref idref="oc-185"/>
      </symbol>
      <symbol id="sm-9f4">
         <name>LL$$DIV</name>
         <value>0x3f7156</value>
         <object_component_ref idref="oc-185"/>
      </symbol>
      <symbol id="sm-a04">
         <name>I$$TOFD</name>
         <value>0x3f7b7e</value>
         <object_component_ref idref="oc-18a"/>
      </symbol>
      <symbol id="sm-a14">
         <name>L$$TOFD</name>
         <value>0x3f7bd4</value>
         <object_component_ref idref="oc-18f"/>
      </symbol>
      <symbol id="sm-a24">
         <name>FS$$TOFD</name>
         <value>0x3f7bb8</value>
         <object_component_ref idref="oc-194"/>
      </symbol>
      <symbol id="sm-a3b">
         <name>FD$$DIV</name>
         <value>0x3f762e</value>
         <object_component_ref idref="oc-199"/>
      </symbol>
      <symbol id="sm-a49">
         <name>___TI_ltoa</name>
         <value>0x3f79ba</value>
         <object_component_ref idref="oc-252"/>
      </symbol>
      <symbol id="sm-a5e">
         <name>_atoi</name>
         <value>0x3f7959</value>
         <object_component_ref idref="oc-246"/>
      </symbol>
      <symbol id="sm-a6e">
         <name>_memccpy</name>
         <value>0x3f7c58</value>
         <object_component_ref idref="oc-255"/>
      </symbol>
      <symbol id="sm-a7e">
         <name>_strchr</name>
         <value>0x3f7c76</value>
         <object_component_ref idref="oc-249"/>
      </symbol>
      <symbol id="sm-a8c">
         <name>_strcpy</name>
         <value>0x3f7cbf</value>
         <object_component_ref idref="oc-251"/>
      </symbol>
      <symbol id="sm-a9c">
         <name>_strrchr</name>
         <value>0x3f7c82</value>
         <object_component_ref idref="oc-247"/>
      </symbol>
      <symbol id="sm-af9">
         <name>_strtod</name>
         <value>0x3f6b0f</value>
         <object_component_ref idref="oc-24e"/>
      </symbol>
      <symbol id="sm-afb">
         <name>_strtof</name>
         <value>0x3f6b0f</value>
         <object_component_ref idref="oc-24e"/>
      </symbol>
      <symbol id="sm-b20">
         <name>_strtol</name>
         <value>0x3f7360</value>
         <object_component_ref idref="oc-250"/>
      </symbol>
      <symbol id="sm-b88">
         <name>_strtold</name>
         <value>0x3f641a</value>
         <object_component_ref idref="oc-24d"/>
      </symbol>
      <symbol id="sm-baf">
         <name>_strtoll</name>
         <value>0x3f7017</value>
         <object_component_ref idref="oc-24f"/>
      </symbol>
      <symbol id="sm-bd3">
         <name>_strtoul</name>
         <value>0x3f7433</value>
         <object_component_ref idref="oc-24c"/>
      </symbol>
      <symbol id="sm-bf6">
         <name>_strtoull</name>
         <value>0x3f725d</value>
         <object_component_ref idref="oc-24b"/>
      </symbol>
      <symbol id="sm-c01">
         <name>_errno</name>
         <value>0xa0b9</value>
         <object_component_ref idref="oc-1dd"/>
      </symbol>
      <symbol id="sm-c0e">
         <name>_copysignl</name>
         <value>0x3f7ab5</value>
         <object_component_ref idref="oc-25c"/>
      </symbol>
      <symbol id="sm-c1d">
         <name>_wcslen</name>
         <value>0x3f7c9f</value>
         <object_component_ref idref="oc-256"/>
      </symbol>
      <symbol id="sm-c36">
         <name>_scalbn</name>
         <value>0x3f7879</value>
         <object_component_ref idref="oc-25b"/>
      </symbol>
      <symbol id="sm-c37">
         <name>_ldexp</name>
         <value>0x3f7879</value>
         <object_component_ref idref="oc-25b"/>
      </symbol>
      <symbol id="sm-c38">
         <name>_scalbnf</name>
         <value>0x3f7879</value>
         <object_component_ref idref="oc-25b"/>
      </symbol>
      <symbol id="sm-c3a">
         <name>_ldexpf</name>
         <value>0x3f7879</value>
         <object_component_ref idref="oc-25b"/>
      </symbol>
      <symbol id="sm-c46">
         <name>LL$$MPY</name>
         <value>0x3f7c21</value>
         <object_component_ref idref="oc-1ef"/>
      </symbol>
      <symbol id="sm-c52">
         <name>UL$$MOD</name>
         <value>0x3f7a38</value>
         <object_component_ref idref="oc-1f4"/>
      </symbol>
      <symbol id="sm-c53">
         <name>L$$MOD</name>
         <value>0x3f7a23</value>
         <object_component_ref idref="oc-1f4"/>
      </symbol>
      <symbol id="sm-c54">
         <name>L$$DIV</name>
         <value>0x3f7a14</value>
         <object_component_ref idref="oc-1f4"/>
      </symbol>
      <symbol id="sm-c55">
         <name>UL$$DIV</name>
         <value>0x3f7a31</value>
         <object_component_ref idref="oc-1f4"/>
      </symbol>
      <symbol id="sm-c61">
         <name>_copysignf</name>
         <value>0x3f7c47</value>
         <object_component_ref idref="oc-25d"/>
      </symbol>
      <symbol id="sm-c63">
         <name>_copysign</name>
         <value>0x3f7c47</value>
         <object_component_ref idref="oc-25d"/>
      </symbol>
   </symbol_table>
   <title>Link successful</title>
</link_info>
