******************************************************************************
             TMS320C2000 Linker PC v20.2.5                     
******************************************************************************
>> Linked Sat Nov 19 10:55:36 2022

OUTPUT FILE NAME:   <Example_2806xSci_Echoback.out>
ENTRY POINT SYMBOL: "code_start"  address: 003f7ff6


MEMORY CONFIGURATION

         name            origin    length      used     unused   attr    fill
----------------------  --------  ---------  --------  --------  ----  --------
PAGE 0:
  RAML0                 00008000   00000800  0000001f  000007e1  RWIX
  RAML1                 00008800   00000400  00000000  00000400  RWIX
  OTP                   003d7800   00000400  00000000  00000400  RWIX
  FLASHH                003d8000   00004000  00000000  00004000  RWIX
  FLASHG                003dc000   00004000  00000364  00003c9c  RWIX
  FLASHF                003e0000   00004000  00000000  00004000  RWIX
  FLASHE                003e4000   00004000  00000000  00004000  RWIX
  FLASHD                003e8000   00004000  0000001f  00003fe1  RWIX
  FLASHC                003ec000   00004000  00000000  00004000  RWIX
  FLASHA                003f4000   00003f80  00003e18  00000168  RWIX
  CSM_RSVD              003f7f80   00000076  00000000  00000076  RWIX
  BEGIN                 003f7ff6   00000002  00000002  00000000  RWIX
  CSM_PWL_P0            003f7ff8   00000008  00000000  00000008  RWIX
  FPUTABLES             003fd860   000006a0  00000000  000006a0  RWIX
  IQTABLES              003fdf00   00000b50  00000000  00000b50  RWIX
  IQTABLES2             003fea50   0000008c  00000000  0000008c  RWIX
  IQTABLES3             003feadc   000000aa  00000000  000000aa  RWIX
  ROM                   003ff3b0   00000c10  00000000  00000c10  RWIX
  RESET                 003fffc0   00000002  00000000  00000002  RWIX
  VECTORS               003fffc2   0000003e  00000000  0000003e  RWIX

PAGE 1:
  BOOT_RSVD             00000000   00000050  00000000  00000050  RWIX
  RAMM0                 00000050   000003b0  00000200  000001b0  RWIX
  RAMM1                 00000400   00000400  00000000  00000400  RWIX
  DEV_EMU               00000880   00000105  00000004  00000101  RWIX
  SYS_PWR_CTL           00000985   00000003  00000003  00000000  RWIX
  FLASH_REGS            00000a80   00000060  00000008  00000058  RWIX
  CSM                   00000ae0   00000020  00000010  00000010  RWIX
  ADC_RESULT            00000b00   00000020  00000010  00000010  RWIX
  CPU_TIMER0            00000c00   00000008  00000008  00000000  RWIX
  CPU_TIMER1            00000c08   00000008  00000008  00000000  RWIX
  CPU_TIMER2            00000c10   00000008  00000008  00000000  RWIX
  PIE_CTRL              00000ce0   00000020  0000001a  00000006  RWIX
  PIE_VECT              00000d00   00000100  00000100  00000000  RWIX
  DMA                   00001000   00000200  000000e0  00000120  RWIX
  CLA1                  00001400   00000080  00000040  00000040  RWIX
  USB0                  00004000   00001000  00000454  00000bac  RWIX
  McBSPA                00005000   00000040  00000024  0000001c  RWIX
  ECANA                 00006000   00000040  00000034  0000000c  RWIX
  ECANA_LAM             00006040   00000040  00000040  00000000  RWIX
  ECANA_MOTS            00006080   00000040  00000040  00000000  RWIX
  ECANA_MOTO            000060c0   00000040  00000040  00000000  RWIX
  ECANA_MBOX            00006100   00000100  00000100  00000000  RWIX
  COMP1                 00006400   00000020  00000014  0000000c  RWIX
  COMP2                 00006420   00000020  00000014  0000000c  RWIX
  COMP3                 00006440   00000020  00000014  0000000c  RWIX
  EPWM1                 00006800   00000040  00000040  00000000  RWIX
  EPWM2                 00006840   00000040  00000040  00000000  RWIX
  EPWM3                 00006880   00000040  00000040  00000000  RWIX
  EPWM4                 000068c0   00000040  00000040  00000000  RWIX
  EPWM5                 00006900   00000040  00000040  00000000  RWIX
  EPWM6                 00006940   00000040  00000040  00000000  RWIX
  EPWM7                 00006980   00000040  00000040  00000000  RWIX
  EPWM8                 000069c0   00000040  00000040  00000000  RWIX
  ECAP1                 00006a00   00000020  00000020  00000000  RWIX
  ECAP2                 00006a20   00000020  00000020  00000000  RWIX
  ECAP3                 00006a40   00000020  00000020  00000000  RWIX
  HRCAP1                00006ac0   00000020  00000020  00000000  RWIX
  HRCAP2                00006ae0   00000020  00000020  00000000  RWIX
  EQEP1                 00006b00   00000040  00000022  0000001e  RWIX
  EQEP2                 00006b40   00000040  00000022  0000001e  RWIX
  HRCAP3                00006c80   00000020  00000020  00000000  RWIX
  HRCAP4                00006ca0   00000020  00000020  00000000  RWIX
  GPIOCTRL              00006f80   00000040  00000040  00000000  RWIX
  GPIODAT               00006fc0   00000020  00000020  00000000  RWIX
  GPIOINT               00006fe0   00000020  00000020  00000000  RWIX
  SYSTEM                00007010   00000030  00000030  00000000  RWIX
  SPIA                  00007040   00000010  00000010  00000000  RWIX
  SCIA                  00007050   00000010  00000010  00000000  RWIX
  NMIINTRUPT            00007060   00000010  00000010  00000000  RWIX
  XINTRUPT              00007070   00000010  00000010  00000000  RWIX
  ADC                   00007100   00000080  00000050  00000030  RWIX
  SPIB                  00007740   00000010  00000010  00000000  RWIX
  SCIB                  00007750   00000010  00000010  00000000  RWIX
  I2CA                  00007900   00000040  00000022  0000001e  RWIX
  RAML2                 00008c00   00000400  00000400  00000000  RWIX
  RAML3                 00009000   00001000  00000000  00001000  RWIX
  RAML4                 0000a000   00002000  0000013e  00001ec2  RWIX
  RAML5                 0000c000   00002000  00000000  00002000  RWIX
  RAML6                 0000e000   00002000  00000000  00002000  RWIX
  RAML7                 00010000   00002000  00000000  00002000  RWIX
  RAML8                 00012000   00002000  00000000  00002000  RWIX
  USB_RAM               00040000   00000800  00000000  00000800  RWIX
  PARTID                003d7e80   00000001  00000001  00000000  RWIX
  FLASHB                003f0000   00004000  00000000  00004000  RWIX
  CSM_PWL               003f7ff8   00000008  00000008  00000000  RWIX


SECTION ALLOCATION MAP

 output                                  attributes/
section   page    origin      length       input sections
--------  ----  ----------  ----------   ----------------
.cinit     0    003f7cc7    00000151     
                  003f7cc7    00000081     global_variables.obj (.cinit)
                  003f7d48    00000018     isr.obj (.cinit)
                  003f7d60    0000000e     sci_utils.obj (.cinit:_start_timer)
                  003f7d6e    0000000e     rts2800_fpu32.lib : exit.c.obj (.cinit)
                  003f7d7c    0000000c     main.obj (.cinit)
                  003f7d88    0000000c     sci_utils.obj (.cinit)
                  003f7d94    0000000a     multiple_pulse.obj (.cinit:_pin_array)
                  003f7d9e    0000000a     sci_utils.obj (.cinit:_set_timer)
                  003f7da8    0000000a     sci_utils.obj (.cinit:_stop_timer)
                  003f7db2    00000009     global_variables.obj (.cinit:_phase_us)
                  003f7dbb    00000009     global_variables.obj (.cinit:_width1_us)
                  003f7dc4    00000009     global_variables.obj (.cinit:_width2_us)
                  003f7dcd    00000007     sci_utils.obj (.cinit:_send_end)
                  003f7dd4    00000006     global_variables.obj (.cinit:_frequency)
                  003f7dda    00000006     sci_utils.obj (.cinit:_send_begin)
                  003f7de0    00000006     sci_utils.obj (.cinit:_send_begin_hide)
                  003f7de6    00000005     rts2800_fpu32.lib : _lock.c.obj (.cinit:__lock)
                  003f7deb    00000005                       : _lock.c.obj (.cinit:__unlock)
                  003f7df0    00000005     sci_utils.obj (.cinit:_graph_id)
                  003f7df5    00000005     sci_utils.obj (.cinit:_screen_id0)
                  003f7dfa    00000005     sci_utils.obj (.cinit:_start_off_icon)
                  003f7dff    00000005     sci_utils.obj (.cinit:_start_on_icon)
                  003f7e04    00000005     sci_utils.obj (.cinit:_stop_off_icon)
                  003f7e09    00000005     sci_utils.obj (.cinit:_stop_on_icon)
                  003f7e0e    00000004     rts2800_fpu32.lib : errno.c.obj (.cinit)
                  003f7e12    00000004                       : memory.c.obj (.cinit)
                  003f7e16    00000002     --HOLE-- [fill = 0]

.pinit     0    003f4000    00000000     UNINITIALIZED

.econst    0    003dc000    00000364     
                  003dc000    00000101     rts2800_fpu32.lib : ctype.c.obj (.econst:.string:__ctypes_)
                  003dc101    00000001     --HOLE-- [fill = 0]
                  003dc102    00000100     F2806x_PieVect.obj (.econst:_PieVectTableInit)
                  003dc202    00000040     rts2800_fpu32.lib : strtold.c.obj (.econst:_digits)
                  003dc242    00000026                       : _printfi.c.obj (.econst:.string)
                  003dc268    00000024                       : strtold.c.obj (.econst:_powerof10)
                  003dc28c    00000020                       : strtod.c.obj (.econst:_digits)
                  003dc2ac    0000001c                       : _printfi.c.obj (.econst)
                  003dc2c8    0000001c                       : s_scalbn.c.obj (.econst)
                  003dc2e4    00000015     global_variables.obj (.econst)
                  003dc2f9    00000001     --HOLE-- [fill = 0]
                  003dc2fa    0000000f     main.obj (.econst:.string)
                  003dc309    00000001     --HOLE-- [fill = 0]
                  003dc30a    0000000e     rts2800_fpu32.lib : _scanfi.c.obj (.econst:.string)
                  003dc318    0000000d     sci_utils.obj (.econst:.string)
                  003dc325    00000001     --HOLE-- [fill = 0]
                  003dc326    0000000c     rts2800_fpu32.lib : strtod.c.obj (.econst:_powerof10)
                  003dc332    0000000c                       : strtold.c.obj (.econst)
                  003dc33e    00000008                       : s_frexp.c.obj (.econst)
                  003dc346    00000007                       : _scanfi.c.obj (.econst:.string:_flit$1)
                  003dc34d    00000006                       : _scanfi.c.obj (.econst:.string:_barr$2)
                  003dc353    00000001     --HOLE-- [fill = 0]
                  003dc354    00000006                       : s_scalbnf.c.obj (.econst)
                  003dc35a    00000003     sci_utils.obj (.econst:.string:_$P$T0$1)
                  003dc35d    00000003     sci_utils.obj (.econst:.string:_$P$T2$3)
                  003dc360    00000002     sci_utils.obj (.econst:.string:_$P$T1$2)
                  003dc362    00000002     sci_utils.obj (.econst:.string:_$P$T3$4)

ramfuncs   0    003e8000    0000001f     RUN ADDR = 00008000
                  003e8000    0000001b     F2806x_SysCtrl.obj (ramfuncs)
                  003e801b    00000004     F2806x_usDelay.obj (ramfuncs)

.text      0    003f4000    00003cc7     
                  003f4000    00000ce4     rts2800_fpu32.lib : _printfi.c.obj (.text)
                  003f4ce4    000007d3                       : _scanfi.c.obj (.text)
                  003f54b7    000004d2     sci_utils.obj (.text)
                  003f5989    0000046a     main.obj (.text)
                  003f5df3    0000039b     F2806x_DefaultIsr.obj (.text:retain)
                  003f618e    0000028c     rts2800_fpu32.lib : memory.c.obj (.text)
                  003f641a    00000283                       : strtold.c.obj (.text)
                  003f669d    00000261     isr.obj (.text:retain)
                  003f68fe    00000211     F2806x_Adc.obj (.text)
                  003f6b0f    000001ff     rts2800_fpu32.lib : strtod.c.obj (.text)
                  003f6d0e    0000018c     F2806x_SysCtrl.obj (.text)
                  003f6e9a    0000017d     multiple_pulse.obj (.text)
                  003f7017    0000013f     rts2800_fpu32.lib : strtoll.c.obj (.text)
                  003f7156    00000107                       : ll_div28.asm.obj (.text)
                  003f725d    00000103                       : strtoull.c.obj (.text)
                  003f7360    000000d3                       : strtol.c.obj (.text)
                  003f7433    000000b1                       : strtoul.c.obj (.text)
                  003f74e4    000000ae                       : s_scalbn.c.obj (.text)
                  003f7592    0000009c                       : fd_add28.asm.obj (.text)
                  003f762e    0000008b                       : fd_div28.asm.obj (.text)
                  003f76b9    00000083                       : fd_mpy28.asm.obj (.text)
                  003f773c    00000076     F2806x_CpuTimers.obj (.text)
                  003f77b2    0000006d     rts2800_fpu32.lib : sscanf.c.obj (.text)
                  003f781f    0000005a                       : s_frexp.c.obj (.text)
                  003f7879    00000058                       : s_scalbnf.c.obj (.text)
                  003f78d1    00000056                       : boot28.asm.obj (.text)
                  003f7927    00000032                       : sprintf.c.obj (.text)
                  003f7959    00000031                       : atoi.c.obj (.text)
                  003f798a    00000030     F2806x_Sci.obj (.text)
                  003f79ba    00000030     rts2800_fpu32.lib : _ltoa.c.obj (.text)
                  003f79ea    0000002a                       : fd_cmp28.asm.obj (.text)
                  003f7a14    0000002a                       : l_div28.asm.obj (.text)
                  003f7a3e    00000029                       : exit.c.obj (.text)
                  003f7a67    00000028     F2806x_PieCtrl.obj (.text)
                  003f7a8f    00000026     F2806x_PieVect.obj (.text)
                  003f7ab5    00000025     rts2800_fpu32.lib : s_copysign.c.obj (.text)
                  003f7ada    00000024                       : cpy_tbl.c.obj (.text)
                  003f7afe    00000022     APWM_utils.obj (.text)
                  003f7b20    00000021     rts2800_fpu32.lib : fd_toi28.asm.obj (.text)
                  003f7b41    0000001f                       : fd_tol28.asm.obj (.text)
                  003f7b60    0000001e                       : ll_cmp28.asm.obj (.text)
                  003f7b7e    0000001d                       : i_tofd28.asm.obj (.text)
                  003f7b9b    0000001d                       : memcpy.c.obj (.text)
                  003f7bb8    0000001c                       : fs_tofdfpu32.asm.obj (.text)
                  003f7bd4    0000001c                       : l_tofd28.asm.obj (.text)
                  003f7bf0    00000019     rts2800_fpu32_fast_supplement.lib : div_f32.obj (.text)
                  003f7c09    00000018     rts2800_fpu32.lib : ll_aox28.asm.obj (.text)
                  003f7c21    00000014                       : ll_mpy28.asm.obj (.text)
                  003f7c35    00000012                       : args_main.c.obj (.text)
                  003f7c47    00000011                       : s_copysignf.c.obj (.text)
                  003f7c58    00000010                       : memccpy.c.obj (.text)
                  003f7c68    0000000e                       : fd_sub28.asm.obj (.text)
                  003f7c76    0000000c                       : strchr.c.obj (.text)
                  003f7c82    0000000b                       : strrchr.c.obj (.text)
                  003f7c8d    00000009                       : _lock.c.obj (.text)
                  003f7c96    00000009                       : fd_neg28.asm.obj (.text)
                  003f7c9f    00000009                       : wcslen.c.obj (.text)
                  003f7ca8    00000008     F2806x_CodeStartBranch.obj (.text)
                  003f7cb0    00000008     rts2800_fpu32.lib : strlen.c.obj (.text)
                  003f7cb8    00000007                       : memset.c.obj (.text)
                  003f7cbf    00000005                       : strcpy.c.obj (.text)
                  003f7cc4    00000002                       : pre_init.c.obj (.text)
                  003f7cc6    00000001                       : startup.c.obj (.text)

codestart 
*          0    003f7ff6    00000002     
                  003f7ff6    00000002     F2806x_CodeStartBranch.obj (codestart)

.stack     1    00000050    00000200     UNINITIALIZED
                  00000050    00000200     --HOLE--

.esysmem   1    00008c00    00000400     UNINITIALIZED
                  00008c00    00000004     rts2800_fpu32.lib : memory.c.obj (.esysmem)
                  00008c04    000003fc     --HOLE--

.ebss      1    0000a000    0000013e     UNINITIALIZED
                  0000a000    00000032     global_variables.obj (.ebss:_rdataA)
                  0000a032    0000000b     sci_utils.obj (.ebss:_start_timer)
                  0000a03d    00000003     global_variables.obj (.ebss:_frequency)
                  0000a040    00000032     global_variables.obj (.ebss:_rdataB)
                  0000a072    00000007     multiple_pulse.obj (.ebss:_pin_array)
                  0000a079    00000007     sci_utils.obj (.ebss:_set_timer)
                  0000a080    00000032     global_variables.obj (.ebss)
                  0000a0b2    00000007     sci_utils.obj (.ebss:_stop_timer)
                  0000a0b9    00000001     rts2800_fpu32.lib : errno.c.obj (.ebss)
                  0000a0ba    00000006     global_variables.obj (.ebss:_phase_us)
                  0000a0c0    0000002a     multiple_pulse.obj (.ebss:_operation)
                  0000a0ea    00000006     global_variables.obj (.ebss:_width1_us)
                  0000a0f0    00000006     global_variables.obj (.ebss:_width2_us)
                  0000a0f6    00000006     isr.obj (.ebss)
                  0000a0fc    00000004     sci_utils.obj (.ebss:_send_end)
                  0000a100    00000018     F2806x_CpuTimers.obj (.ebss)
                  0000a118    00000006     rts2800_fpu32.lib : exit.c.obj (.ebss)
                  0000a11e    00000004                       : memory.c.obj (.ebss)
                  0000a122    00000003     sci_utils.obj (.ebss:_send_begin)
                  0000a125    00000003     sci_utils.obj (.ebss:_send_begin_hide)
                  0000a128    00000003     main.obj (.ebss)
                  0000a12b    00000003     sci_utils.obj (.ebss)
                  0000a12e    00000002     rts2800_fpu32.lib : _lock.c.obj (.ebss:__lock)
                  0000a130    00000002                       : _lock.c.obj (.ebss:__unlock)
                  0000a132    00000002     sci_utils.obj (.ebss:_graph_id)
                  0000a134    00000002     sci_utils.obj (.ebss:_screen_id0)
                  0000a136    00000002     sci_utils.obj (.ebss:_start_off_icon)
                  0000a138    00000002     sci_utils.obj (.ebss:_start_on_icon)
                  0000a13a    00000002     sci_utils.obj (.ebss:_stop_off_icon)
                  0000a13c    00000002     sci_utils.obj (.ebss:_stop_on_icon)

.reset     0    003fffc0    00000002     DSECT
                  003fffc0    00000002     rts2800_fpu32.lib : boot28.asm.obj (.reset)

vectors    0    003fffc2    00000000     DSECT

DevEmuRegsFile 
*          1    00000880    00000004     UNINITIALIZED
                  00000880    00000004     F2806x_GlobalVariableDefs.obj (DevEmuRegsFile)

SysPwrCtrlRegsFile 
*          1    00000985    00000003     UNINITIALIZED
                  00000985    00000003     F2806x_GlobalVariableDefs.obj (SysPwrCtrlRegsFile)

FlashRegsFile 
*          1    00000a80    00000008     UNINITIALIZED
                  00000a80    00000008     F2806x_GlobalVariableDefs.obj (FlashRegsFile)

CsmRegsFile 
*          1    00000ae0    00000010     UNINITIALIZED
                  00000ae0    00000010     F2806x_GlobalVariableDefs.obj (CsmRegsFile)

AdcResultFile 
*          1    00000b00    00000010     UNINITIALIZED
                  00000b00    00000010     F2806x_GlobalVariableDefs.obj (AdcResultFile)

CpuTimer0RegsFile 
*          1    00000c00    00000008     UNINITIALIZED
                  00000c00    00000008     F2806x_GlobalVariableDefs.obj (CpuTimer0RegsFile)

CpuTimer1RegsFile 
*          1    00000c08    00000008     UNINITIALIZED
                  00000c08    00000008     F2806x_GlobalVariableDefs.obj (CpuTimer1RegsFile)

CpuTimer2RegsFile 
*          1    00000c10    00000008     UNINITIALIZED
                  00000c10    00000008     F2806x_GlobalVariableDefs.obj (CpuTimer2RegsFile)

PieCtrlRegsFile 
*          1    00000ce0    0000001a     UNINITIALIZED
                  00000ce0    0000001a     F2806x_GlobalVariableDefs.obj (PieCtrlRegsFile)

PieVectTableFile 
*          1    00000d00    00000100     UNINITIALIZED
                  00000d00    00000100     F2806x_GlobalVariableDefs.obj (PieVectTableFile)

EmuKeyVar 
*          1    00000d00    00000001     UNINITIALIZED
                  00000d00    00000001     F2806x_GlobalVariableDefs.obj (EmuKeyVar)

EmuBModeVar 
*          1    00000d01    00000001     UNINITIALIZED
                  00000d01    00000001     F2806x_GlobalVariableDefs.obj (EmuBModeVar)

FlashCallbackVar 
*          1    00000d02    00000002     UNINITIALIZED
                  00000d02    00000002     F2806x_GlobalVariableDefs.obj (FlashCallbackVar)

FlashScalingVar 
*          1    00000d04    00000002     UNINITIALIZED
                  00000d04    00000002     F2806x_GlobalVariableDefs.obj (FlashScalingVar)

DmaRegsFile 
*          1    00001000    000000e0     UNINITIALIZED
                  00001000    000000e0     F2806x_GlobalVariableDefs.obj (DmaRegsFile)

Cla1RegsFile 
*          1    00001400    00000040     UNINITIALIZED
                  00001400    00000040     F2806x_GlobalVariableDefs.obj (Cla1RegsFile)

Usb0RegsFile 
*          1    00004000    00000454     UNINITIALIZED
                  00004000    00000454     F2806x_GlobalVariableDefs.obj (Usb0RegsFile)

McbspaRegsFile 
*          1    00005000    00000024     UNINITIALIZED
                  00005000    00000024     F2806x_GlobalVariableDefs.obj (McbspaRegsFile)

ECanaRegsFile 
*          1    00006000    00000034     UNINITIALIZED
                  00006000    00000034     F2806x_GlobalVariableDefs.obj (ECanaRegsFile)

ECanaLAMRegsFile 
*          1    00006040    00000040     UNINITIALIZED
                  00006040    00000040     F2806x_GlobalVariableDefs.obj (ECanaLAMRegsFile)

ECanaMOTSRegsFile 
*          1    00006080    00000040     UNINITIALIZED
                  00006080    00000040     F2806x_GlobalVariableDefs.obj (ECanaMOTSRegsFile)

ECanaMOTORegsFile 
*          1    000060c0    00000040     UNINITIALIZED
                  000060c0    00000040     F2806x_GlobalVariableDefs.obj (ECanaMOTORegsFile)

ECanaMboxesFile 
*          1    00006100    00000100     UNINITIALIZED
                  00006100    00000100     F2806x_GlobalVariableDefs.obj (ECanaMboxesFile)

Comp1RegsFile 
*          1    00006400    00000014     UNINITIALIZED
                  00006400    00000014     F2806x_GlobalVariableDefs.obj (Comp1RegsFile)

Comp2RegsFile 
*          1    00006420    00000014     UNINITIALIZED
                  00006420    00000014     F2806x_GlobalVariableDefs.obj (Comp2RegsFile)

Comp3RegsFile 
*          1    00006440    00000014     UNINITIALIZED
                  00006440    00000014     F2806x_GlobalVariableDefs.obj (Comp3RegsFile)

EPwm1RegsFile 
*          1    00006800    00000040     UNINITIALIZED
                  00006800    00000040     F2806x_GlobalVariableDefs.obj (EPwm1RegsFile)

EPwm2RegsFile 
*          1    00006840    00000040     UNINITIALIZED
                  00006840    00000040     F2806x_GlobalVariableDefs.obj (EPwm2RegsFile)

EPwm3RegsFile 
*          1    00006880    00000040     UNINITIALIZED
                  00006880    00000040     F2806x_GlobalVariableDefs.obj (EPwm3RegsFile)

EPwm4RegsFile 
*          1    000068c0    00000040     UNINITIALIZED
                  000068c0    00000040     F2806x_GlobalVariableDefs.obj (EPwm4RegsFile)

EPwm5RegsFile 
*          1    00006900    00000040     UNINITIALIZED
                  00006900    00000040     F2806x_GlobalVariableDefs.obj (EPwm5RegsFile)

EPwm6RegsFile 
*          1    00006940    00000040     UNINITIALIZED
                  00006940    00000040     F2806x_GlobalVariableDefs.obj (EPwm6RegsFile)

EPwm7RegsFile 
*          1    00006980    00000040     UNINITIALIZED
                  00006980    00000040     F2806x_GlobalVariableDefs.obj (EPwm7RegsFile)

EPwm8RegsFile 
*          1    000069c0    00000040     UNINITIALIZED
                  000069c0    00000040     F2806x_GlobalVariableDefs.obj (EPwm8RegsFile)

ECap1RegsFile 
*          1    00006a00    00000020     UNINITIALIZED
                  00006a00    00000020     F2806x_GlobalVariableDefs.obj (ECap1RegsFile)

ECap2RegsFile 
*          1    00006a20    00000020     UNINITIALIZED
                  00006a20    00000020     F2806x_GlobalVariableDefs.obj (ECap2RegsFile)

ECap3RegsFile 
*          1    00006a40    00000020     UNINITIALIZED
                  00006a40    00000020     F2806x_GlobalVariableDefs.obj (ECap3RegsFile)

HRCap1RegsFile 
*          1    00006ac0    00000020     UNINITIALIZED
                  00006ac0    00000020     F2806x_GlobalVariableDefs.obj (HRCap1RegsFile)

HRCap2RegsFile 
*          1    00006ae0    00000020     UNINITIALIZED
                  00006ae0    00000020     F2806x_GlobalVariableDefs.obj (HRCap2RegsFile)

EQep1RegsFile 
*          1    00006b00    00000022     UNINITIALIZED
                  00006b00    00000022     F2806x_GlobalVariableDefs.obj (EQep1RegsFile)

EQep2RegsFile 
*          1    00006b40    00000022     UNINITIALIZED
                  00006b40    00000022     F2806x_GlobalVariableDefs.obj (EQep2RegsFile)

HRCap3RegsFile 
*          1    00006c80    00000020     UNINITIALIZED
                  00006c80    00000020     F2806x_GlobalVariableDefs.obj (HRCap3RegsFile)

HRCap4RegsFile 
*          1    00006ca0    00000020     UNINITIALIZED
                  00006ca0    00000020     F2806x_GlobalVariableDefs.obj (HRCap4RegsFile)

GpioCtrlRegsFile 
*          1    00006f80    00000040     UNINITIALIZED
                  00006f80    00000040     F2806x_GlobalVariableDefs.obj (GpioCtrlRegsFile)

GpioDataRegsFile 
*          1    00006fc0    00000020     UNINITIALIZED
                  00006fc0    00000020     F2806x_GlobalVariableDefs.obj (GpioDataRegsFile)

GpioIntRegsFile 
*          1    00006fe0    00000020     UNINITIALIZED
                  00006fe0    00000020     F2806x_GlobalVariableDefs.obj (GpioIntRegsFile)

SysCtrlRegsFile 
*          1    00007010    00000030     UNINITIALIZED
                  00007010    00000030     F2806x_GlobalVariableDefs.obj (SysCtrlRegsFile)

SpiaRegsFile 
*          1    00007040    00000010     UNINITIALIZED
                  00007040    00000010     F2806x_GlobalVariableDefs.obj (SpiaRegsFile)

SciaRegsFile 
*          1    00007050    00000010     UNINITIALIZED
                  00007050    00000010     F2806x_GlobalVariableDefs.obj (SciaRegsFile)

NmiIntruptRegsFile 
*          1    00007060    00000010     UNINITIALIZED
                  00007060    00000010     F2806x_GlobalVariableDefs.obj (NmiIntruptRegsFile)

XIntruptRegsFile 
*          1    00007070    00000010     UNINITIALIZED
                  00007070    00000010     F2806x_GlobalVariableDefs.obj (XIntruptRegsFile)

AdcRegsFile 
*          1    00007100    00000050     UNINITIALIZED
                  00007100    00000050     F2806x_GlobalVariableDefs.obj (AdcRegsFile)

SpibRegsFile 
*          1    00007740    00000010     UNINITIALIZED
                  00007740    00000010     F2806x_GlobalVariableDefs.obj (SpibRegsFile)

ScibRegsFile 
*          1    00007750    00000010     UNINITIALIZED
                  00007750    00000010     F2806x_GlobalVariableDefs.obj (ScibRegsFile)

I2caRegsFile 
*          1    00007900    00000022     UNINITIALIZED
                  00007900    00000022     F2806x_GlobalVariableDefs.obj (I2caRegsFile)

PartIdRegsFile 
*          1    003d7e80    00000001     UNINITIALIZED
                  003d7e80    00000001     F2806x_GlobalVariableDefs.obj (PartIdRegsFile)

CsmPwlFile 
*          1    003f7ff8    00000008     UNINITIALIZED
                  003f7ff8    00000008     F2806x_GlobalVariableDefs.obj (CsmPwlFile)

MODULE SUMMARY

       Module                          code    initialized data   uninitialized data
       ------                          ----    ----------------   ------------------
    .\
       F2806x_GlobalVariableDefs.obj   0       0                  3550              
       sci_utils.obj                   1234    118                50                
       main.obj                        1130    27                 3                 
       F2806x_DefaultIsr.obj           923     0                  0                 
       isr.obj                         609     24                 6                 
       F2806x_Adc.obj                  529     0                  0                 
       F2806x_SysCtrl.obj              450     0                  0                 
       multiple_pulse.obj              381     10                 49                
       global_variables.obj            0       183                171               
       F2806x_PieVect.obj              38      256                0                 
       F2806x_CpuTimers.obj            118     0                  24                
       F2806x_Sci.obj                  48      0                  0                 
       F2806x_PieCtrl.obj              40      0                  0                 
       APWM_utils.obj                  34      0                  0                 
       F2806x_CodeStartBranch.obj      10      0                  0                 
       F2806x_usDelay.obj              8       0                  0                 
    +--+-------------------------------+-------+------------------+--------------------+
       Total:                          5552    618                3853              
                                                                                    
    C:/ti/ccs1040/ccs/tools/compiler/ti-cgt-c2000_20.2.5.LTS/lib/rts2800_fpu32.lib
       _printfi.c.obj                  3300    66                 0                 
       _scanfi.c.obj                   2003    27                 0                 
       strtold.c.obj                   643     112                0                 
       memory.c.obj                    652     4                  4                 
       strtod.c.obj                    511     44                 0                 
       strtoll.c.obj                   319     0                  0                 
       ll_div28.asm.obj                263     0                  0                 
       strtoull.c.obj                  259     0                  0                 
       ctype.c.obj                     0       257                0                 
       strtol.c.obj                    211     0                  0                 
       s_scalbn.c.obj                  174     28                 0                 
       strtoul.c.obj                   177     0                  0                 
       fd_add28.asm.obj                156     0                  0                 
       fd_div28.asm.obj                139     0                  0                 
       fd_mpy28.asm.obj                131     0                  0                 
       sscanf.c.obj                    109     0                  0                 
       s_frexp.c.obj                   90      8                  0                 
       s_scalbnf.c.obj                 88      6                  0                 
       boot28.asm.obj                  86      0                  0                 
       exit.c.obj                      41      14                 6                 
       sprintf.c.obj                   50      0                  0                 
       atoi.c.obj                      49      0                  0                 
       _ltoa.c.obj                     48      0                  0                 
       fd_cmp28.asm.obj                42      0                  0                 
       l_div28.asm.obj                 42      0                  0                 
       s_copysign.c.obj                37      0                  0                 
       cpy_tbl.c.obj                   36      0                  0                 
       fd_toi28.asm.obj                33      0                  0                 
       fd_tol28.asm.obj                31      0                  0                 
       ll_cmp28.asm.obj                30      0                  0                 
       i_tofd28.asm.obj                29      0                  0                 
       memcpy.c.obj                    29      0                  0                 
       fs_tofdfpu32.asm.obj            28      0                  0                 
       l_tofd28.asm.obj                28      0                  0                 
       ll_aox28.asm.obj                24      0                  0                 
       _lock.c.obj                     9       10                 4                 
       ll_mpy28.asm.obj                20      0                  0                 
       args_main.c.obj                 18      0                  0                 
       s_copysignf.c.obj               17      0                  0                 
       memccpy.c.obj                   16      0                  0                 
       fd_sub28.asm.obj                14      0                  0                 
       strchr.c.obj                    12      0                  0                 
       strrchr.c.obj                   11      0                  0                 
       fd_neg28.asm.obj                9       0                  0                 
       wcslen.c.obj                    9       0                  0                 
       strlen.c.obj                    8       0                  0                 
       memset.c.obj                    7       0                  0                 
       errno.c.obj                     0       4                  1                 
       strcpy.c.obj                    5       0                  0                 
       pre_init.c.obj                  2       0                  0                 
       startup.c.obj                   1       0                  0                 
    +--+-------------------------------+-------+------------------+--------------------+
       Total:                          10046   580                15                
                                                                                    
    C:/ti/controlSUITE/libs/math/FPUfastRTS/V100/lib/rts2800_fpu32_fast_supplement.lib
       div_f32.obj                     25      0                  0                 
    +--+-------------------------------+-------+------------------+--------------------+
       Total:                          25      0                  0                 
                                                                                    
       Heap:                           0       0                  1024              
       Stack:                          0       0                  512               
    +--+-------------------------------+-------+------------------+--------------------+
       Grand Total:                    15623   1198               5404              


GLOBAL DATA SYMBOLS: SORTED BY DATA PAGE

address     data page           name
--------    ----------------    ----
00000050       1 (00000040)     __stack

00000880      22 (00000880)     _DevEmuRegs

00000985      26 (00000980)     _SysPwrCtrlRegs

00000a80      2a (00000a80)     _FlashRegs

00000ae0      2b (00000ac0)     _CsmRegs

00000b00      2c (00000b00)     _AdcResult

00000c00      30 (00000c00)     _CpuTimer0Regs
00000c08      30 (00000c00)     _CpuTimer1Regs
00000c10      30 (00000c00)     _CpuTimer2Regs

00000ce0      33 (00000cc0)     _PieCtrlRegs

00000d00      34 (00000d00)     _EmuKey
00000d00      34 (00000d00)     _PieVectTable
00000d01      34 (00000d00)     _EmuBMode
00000d02      34 (00000d00)     _Flash_CallbackPtr
00000d04      34 (00000d00)     _Flash_CPUScaleFactor

00001000      40 (00001000)     _DmaRegs

00001400      50 (00001400)     _Cla1Regs

00004000     100 (00004000)     _Usb0Regs

00005000     140 (00005000)     _McbspaRegs

00006000     180 (00006000)     _ECanaRegs

00006040     181 (00006040)     _ECanaLAMRegs

00006080     182 (00006080)     _ECanaMOTSRegs

000060c0     183 (000060c0)     _ECanaMOTORegs

00006100     184 (00006100)     _ECanaMboxes

00006400     190 (00006400)     _Comp1Regs
00006420     190 (00006400)     _Comp2Regs

00006440     191 (00006440)     _Comp3Regs

00006800     1a0 (00006800)     _EPwm1Regs

00006840     1a1 (00006840)     _EPwm2Regs

00006880     1a2 (00006880)     _EPwm3Regs

000068c0     1a3 (000068c0)     _EPwm4Regs

00006900     1a4 (00006900)     _EPwm5Regs

00006940     1a5 (00006940)     _EPwm6Regs

00006980     1a6 (00006980)     _EPwm7Regs

000069c0     1a7 (000069c0)     _EPwm8Regs

00006a00     1a8 (00006a00)     _ECap1Regs
00006a20     1a8 (00006a00)     _ECap2Regs

00006a40     1a9 (00006a40)     _ECap3Regs

00006ac0     1ab (00006ac0)     _HRCap1Regs
00006ae0     1ab (00006ac0)     _HRCap2Regs

00006b00     1ac (00006b00)     _EQep1Regs

00006b40     1ad (00006b40)     _EQep2Regs

00006c80     1b2 (00006c80)     _HRCap3Regs
00006ca0     1b2 (00006c80)     _HRCap4Regs

00006f80     1be (00006f80)     _GpioCtrlRegs

00006fc0     1bf (00006fc0)     _GpioDataRegs
00006fe0     1bf (00006fc0)     _GpioIntRegs

00007010     1c0 (00007000)     _SysCtrlRegs

00007040     1c1 (00007040)     _SpiaRegs
00007050     1c1 (00007040)     _SciaRegs
00007060     1c1 (00007040)     _NmiIntruptRegs
00007070     1c1 (00007040)     _XIntruptRegs

00007100     1c4 (00007100)     _AdcRegs

00007740     1dd (00007740)     _SpibRegs
00007750     1dd (00007740)     _ScibRegs

00007900     1e4 (00007900)     _I2caRegs

00008c00     230 (00008c00)     __sys_memory

0000a000     280 (0000a000)     _rdataA
0000a032     280 (0000a000)     _start_timer
0000a03d     280 (0000a000)     _frequency

0000a040     281 (0000a040)     _rdataB
0000a072     281 (0000a040)     _pin_array
0000a079     281 (0000a040)     _set_timer

0000a080     282 (0000a080)     _index
0000a081     282 (0000a080)     _pulse_source_index
0000a082     282 (0000a080)     _cnt_Tx
0000a083     282 (0000a080)     _period
0000a084     282 (0000a080)     _low_freq_mode
0000a085     282 (0000a080)     _change_flag
0000a086     282 (0000a080)     _num1
0000a087     282 (0000a080)     _state
0000a088     282 (0000a080)     _pre_state
0000a089     282 (0000a080)     _stop_cmd_flag
0000a08a     282 (0000a080)     _one_pulse_flag
0000a08b     282 (0000a080)     _sampled_voltage
0000a08c     282 (0000a080)     _voltage_max
0000a08d     282 (0000a080)     _sample_finished_flag
0000a08e     282 (0000a080)     _PWM_CLK_DIV
0000a090     282 (0000a080)     _cnt
0000a092     282 (0000a080)     _pwm1_prd
0000a094     282 (0000a080)     _pwm1_cmp
0000a096     282 (0000a080)     _pwm2_pha
0000a098     282 (0000a080)     _pwm2_cmp
0000a09a     282 (0000a080)     _pwm2_prd
0000a09c     282 (0000a080)     _low_freq_period
0000a09e     282 (0000a080)     _D1
0000a0a0     282 (0000a080)     _Tw
0000a0a2     282 (0000a080)     _Tc
0000a0a4     282 (0000a080)     _D2
0000a0a6     282 (0000a080)     _M34
0000a0a8     282 (0000a080)     _phase2
0000a0aa     282 (0000a080)     _timer_minute
0000a0ac     282 (0000a080)     _timer_second
0000a0ae     282 (0000a080)     _num2
0000a0b0     282 (0000a080)     _sampled_voltage_conv
0000a0b2     282 (0000a080)     _stop_timer
0000a0b9     282 (0000a080)     _errno
0000a0ba     282 (0000a080)     _phase_us

0000a0c0     283 (0000a0c0)     _operation
0000a0ea     283 (0000a0c0)     _width1_us
0000a0f0     283 (0000a0c0)     _width2_us
0000a0f6     283 (0000a0c0)     _received_len
0000a0f7     283 (0000a0c0)     _takeover_flag
0000a0fc     283 (0000a0c0)     _send_end

0000a100     284 (0000a100)     _CpuTimer0
0000a108     284 (0000a100)     _CpuTimer1
0000a110     284 (0000a100)     _CpuTimer2
0000a118     284 (0000a100)     ___TI_enable_exit_profile_output
0000a11a     284 (0000a100)     ___TI_cleanup_ptr
0000a11c     284 (0000a100)     ___TI_dtors_ptr
0000a122     284 (0000a100)     _send_begin
0000a125     284 (0000a100)     _send_begin_hide
0000a128     284 (0000a100)     _test_flag
0000a129     284 (0000a100)     _test_data
0000a12a     284 (0000a100)     _reset_flag
0000a12b     284 (0000a100)     _cmd_len
0000a12c     284 (0000a100)     _wait_flag
0000a12d     284 (0000a100)     _test_uart_flag
0000a12e     284 (0000a100)     __lock
0000a130     284 (0000a100)     __unlock
0000a132     284 (0000a100)     _graph_id
0000a134     284 (0000a100)     _screen_id0
0000a136     284 (0000a100)     _start_off_icon
0000a138     284 (0000a100)     _start_on_icon
0000a13a     284 (0000a100)     _stop_off_icon
0000a13c     284 (0000a100)     _stop_on_icon

003d7e80    f5fa (003d7e80)     _PartIdRegs

003dc000    f700 (003dc000)     __ctypes_

003dc102    f704 (003dc100)     _PieVectTableInit

003dc2e4    f70b (003dc2c0)     _PULSE1_CONTROL_1
003dc2e5    f70b (003dc2c0)     _PULSE1_CONTROL_2
003dc2e6    f70b (003dc2c0)     _PULSE1_CONTROL_3
003dc2e7    f70b (003dc2c0)     _PULSE2_CONTROL_1
003dc2e8    f70b (003dc2c0)     _PULSE2_CONTROL_2
003dc2e9    f70b (003dc2c0)     _PULSE2_CONTROL_3
003dc2ea    f70b (003dc2c0)     _D1_CONTROL
003dc2eb    f70b (003dc2c0)     _D2_CONTROL
003dc2ec    f70b (003dc2c0)     _PHASE2_CONTROL
003dc2ed    f70b (003dc2c0)     _M34_CONTROL
003dc2ee    f70b (003dc2c0)     _PHASE_CONTROL_1
003dc2ef    f70b (003dc2c0)     _PHASE_CONTROL_2
003dc2f0    f70b (003dc2c0)     _PHASE_CONTROL_3
003dc2f1    f70b (003dc2c0)     _FREQUENCY_CONTROL_1
003dc2f2    f70b (003dc2c0)     _FREQUENCY_CONTROL_2
003dc2f3    f70b (003dc2c0)     _FREQUENCY_CONTROL_3
003dc2f4    f70b (003dc2c0)     _MINIUTE_CONTROL
003dc2f5    f70b (003dc2c0)     _SECOND_CONTROL
003dc2f6    f70b (003dc2c0)     _TC_CONTROL
003dc2f7    f70b (003dc2c0)     _TW_CONTROL
003dc2f8    f70b (003dc2c0)     _INDEX_CONTROL

003f7ff8    fdff (003f7fc0)     _CsmPwl


GLOBAL SYMBOLS: SORTED ALPHABETICALLY BY Name 

page  address   name                            
----  -------   ----                            
0     003f4000  .text                           
0     003f7a3e  C$$EXIT                         
0     003f7592  FD$$ADD                         
0     003f79ea  FD$$CMP                         
0     003f762e  FD$$DIV                         
0     003f76b9  FD$$MPY                         
0     003f7c96  FD$$NEG                         
0     003f7c68  FD$$SUB                         
0     003f7b20  FD$$TOI                         
0     003f7b41  FD$$TOL                         
0     003f7bf0  FS$$DIV                         
0     003f7bb8  FS$$TOFD                        
0     003f7b7e  I$$TOFD                         
0     003f7a14  L$$DIV                          
0     003f7a23  L$$MOD                          
0     003f7bd4  L$$TOFD                         
0     003f7c09  LL$$AND                         
0     003f7b60  LL$$CMP                         
0     003f7156  LL$$DIV                         
0     003f7192  LL$$MOD                         
0     003f7c21  LL$$MPY                         
0     003f7c11  LL$$OR                          
0     003f7c19  LL$$XOR                         
0     003f7a31  UL$$DIV                         
0     003f7a38  UL$$MOD                         
0     003f7b72  ULL$$CMP                        
0     003f71cc  ULL$$DIV                        
0     003f71fb  ULL$$MOD                        
0     003f5eb1  _ADCINT1_ISR                    
0     003f5ebb  _ADCINT2_ISR                    
0     003f60c3  _ADCINT3_ISR                    
0     003f60cd  _ADCINT4_ISR                    
0     003f60d7  _ADCINT5_ISR                    
0     003f60e1  _ADCINT6_ISR                    
0     003f60eb  _ADCINT7_ISR                    
0     003f60f5  _ADCINT8_ISR                    
0     003f5ed9  _ADCINT9_ISR                    
0     003f6972  _AdcChanSelect                  
0     003f69e7  _AdcConversion                  
0     003f694b  _AdcOffsetSelfCal               
1     00007100  _AdcRegs                        
1     00000b00  _AdcResult                      
0     003f60ff  _CLA1_INT1_ISR                  
0     003f6109  _CLA1_INT2_ISR                  
0     003f6113  _CLA1_INT3_ISR                  
0     003f611d  _CLA1_INT4_ISR                  
0     003f6127  _CLA1_INT5_ISR                  
0     003f6131  _CLA1_INT6_ISR                  
0     003f613b  _CLA1_INT7_ISR                  
0     003f6145  _CLA1_INT8_ISR                  
1     00001400  _Cla1Regs                       
1     00006400  _Comp1Regs                      
1     00006420  _Comp2Regs                      
1     00006440  _Comp3Regs                      
0     003f7777  _ConfigCpuTimer                 
1     0000a100  _CpuTimer0                      
1     00000c00  _CpuTimer0Regs                  
1     0000a108  _CpuTimer1                      
1     00000c08  _CpuTimer1Regs                  
1     0000a110  _CpuTimer2                      
1     00000c10  _CpuTimer2Regs                  
1     003f7ff8  _CsmPwl                         
1     00000ae0  _CsmRegs                        
0     003f6e13  _CsmUnlock                      
1     0000a09e  _D1                             
0     003dc2ea  _D1_CONTROL                     
1     0000a0a4  _D2                             
0     003dc2eb  _D2_CONTROL                     
0     003f5e07  _DATALOG_ISR                    
0     003f6037  _DINTCH1_ISR                    
0     003f6041  _DINTCH2_ISR                    
0     003f604b  _DINTCH3_ISR                    
0     003f6055  _DINTCH4_ISR                    
0     003f605f  _DINTCH5_ISR                    
0     003f6069  _DINTCH6_ISR                    
0     0000801b  _DSP28x_usDelay                 
1     00000880  _DevEmuRegs                     
0     003f6d32  _DisableDog                     
1     00001000  _DmaRegs                        
0     003f60af  _ECAN0INTA_ISR                  
0     003f60b9  _ECAN1INTA_ISR                  
0     003f5f97  _ECAP1_INT_ISR                  
0     003f5fa1  _ECAP2_INT_ISR                  
0     003f5fab  _ECAP3_INT_ISR                  
1     00006040  _ECanaLAMRegs                   
1     000060c0  _ECanaMOTORegs                  
1     00006080  _ECanaMOTSRegs                  
1     00006100  _ECanaMboxes                    
1     00006000  _ECanaRegs                      
1     00006a00  _ECap1Regs                      
1     00006a20  _ECap2Regs                      
1     00006a40  _ECap3Regs                      
0     003f616d  _EMPTY_ISR                      
0     003f5e1b  _EMUINT_ISR                     
0     003f5f47  _EPWM1_INT_ISR                  
0     003f5ef7  _EPWM1_TZINT_ISR                
0     003f5f51  _EPWM2_INT_ISR                  
0     003f5f01  _EPWM2_TZINT_ISR                
0     003f5f5b  _EPWM3_INT_ISR                  
0     003f5f0b  _EPWM3_TZINT_ISR                
0     003f5f65  _EPWM4_INT_ISR                  
0     003f5f15  _EPWM4_TZINT_ISR                
0     003f5f6f  _EPWM5_INT_ISR                  
0     003f5f1f  _EPWM5_TZINT_ISR                
0     003f5f79  _EPWM6_INT_ISR                  
0     003f5f29  _EPWM6_TZINT_ISR                
0     003f5f83  _EPWM7_INT_ISR                  
0     003f5f33  _EPWM7_TZINT_ISR                
0     003f5f8d  _EPWM8_INT_ISR                  
0     003f5f3d  _EPWM8_TZINT_ISR                
1     00006800  _EPwm1Regs                      
1     00006840  _EPwm2Regs                      
1     00006880  _EPwm3Regs                      
1     000068c0  _EPwm4Regs                      
1     00006900  _EPwm5Regs                      
1     00006940  _EPwm6Regs                      
1     00006980  _EPwm7Regs                      
1     000069c0  _EPwm8Regs                      
0     003f5fc9  _EQEP1_INT_ISR                  
0     003f5fd3  _EQEP2_INT_ISR                  
1     00006b00  _EQep1Regs                      
1     00006b40  _EQep2Regs                      
1     00000d01  _EmuBMode                       
1     00000d00  _EmuKey                         
0     003f7a86  _EnableInterrupts               
0     003f6e84  _ExtOscSel                      
0     003dc2f1  _FREQUENCY_CONTROL_1            
0     003dc2f2  _FREQUENCY_CONTROL_2            
0     003dc2f3  _FREQUENCY_CONTROL_3            
1     00000a80  _FlashRegs                      
1     00000d04  _Flash_CPUScaleFactor           
1     00000d02  _Flash_CallbackPtr              
0     003f6eb1  _GPA_CLEAR                      
0     003f6ea6  _GPA_SET                        
1     00006f80  _GpioCtrlRegs                   
1     00006fc0  _GpioDataRegs                   
1     00006fe0  _GpioIntRegs                    
0     003f5fb5  _HRCAP1_INT_ISR                 
0     003f5fbf  _HRCAP2_INT_ISR                 
0     003f5fdd  _HRCAP3_INT_ISR                 
0     003f5fe7  _HRCAP4_INT_ISR                 
1     00006ac0  _HRCap1Regs                     
1     00006ae0  _HRCap2Regs                     
1     00006c80  _HRCap3Regs                     
1     00006ca0  _HRCap4Regs                     
0     003f6073  _I2CINT1A_ISR                   
0     003f607d  _I2CINT2A_ISR                   
1     00007900  _I2caRegs                       
0     003f5e2f  _ILLEGAL_ISR                    
0     003dc2f8  _INDEX_CONTROL                  
0     003f5df3  _INT13_ISR                      
0     003f5dfd  _INT14_ISR                      
0     003f68fe  _InitAdc                        
0     003f6929  _InitAdcAio                     
0     003f773c  _InitCpuTimers                  
0     00008000  _InitFlash                      
0     003f6dbd  _InitPeripheralClocks           
0     003f7a67  _InitPieCtrl                    
0     003f7a8f  _InitPieVectTable               
0     003f6d3a  _InitPll                        
0     003f6d8f  _InitPll2                       
0     003f798a  _InitSci                        
0     003f798b  _InitSciGpio                    
0     003f7990  _InitSciaGpio                   
0     003f79a6  _InitScibGpio                   
0     003f6d0e  _InitSysCtrl                    
0     003f6e44  _IntOsc1Sel                     
0     003f6e54  _IntOsc2Sel                     
0     003f6163  _LUF_ISR                        
0     003f6159  _LVF_ISR                        
1     0000a0a6  _M34                            
0     003dc2ed  _M34_CONTROL                    
0     003dc2f4  _MINIUTE_CONTROL                
0     003f6023  _MRINTA_ISR                     
0     003f602d  _MXINTA_ISR                     
1     00005000  _McbspaRegs                     
0     003f5e25  _NMI_ISR                        
1     00007060  _NmiIntruptRegs                 
0     003dc2ec  _PHASE2_CONTROL                 
0     003dc2ee  _PHASE_CONTROL_1                
0     003dc2ef  _PHASE_CONTROL_2                
0     003dc2f0  _PHASE_CONTROL_3                
0     003f617a  _PIE_RESERVED                   
0     003dc2e4  _PULSE1_CONTROL_1               
0     003dc2e5  _PULSE1_CONTROL_2               
0     003dc2e6  _PULSE1_CONTROL_3               
0     003dc2e7  _PULSE2_CONTROL_1               
0     003dc2e8  _PULSE2_CONTROL_2               
0     003dc2e9  _PULSE2_CONTROL_3               
1     0000a08e  _PWM_CLK_DIV                    
1     003d7e80  _PartIdRegs                     
1     00000ce0  _PieCtrlRegs                    
1     00000d00  _PieVectTable                   
0     003dc102  _PieVectTableInit               
0     003f5e11  _RTOSINT_ISR                    
0     003e801f  _RamfuncsLoadEnd                
abs   0000001f  _RamfuncsLoadSize               
0     003e8000  _RamfuncsLoadStart              
0     00008000  _RamfuncsRunStart               
0     003f6087  _SCIRXINTA_ISR                  
0     003f609b  _SCIRXINTB_ISR                  
0     003f6091  _SCITXINTA_ISR                  
0     003f60a5  _SCITXINTB_ISR                  
0     003dc2f5  _SECOND_CONTROL                 
0     003f5ffb  _SPIRXINTA_ISR                  
0     003f600f  _SPIRXINTB_ISR                  
0     003f6005  _SPITXINTA_ISR                  
0     003f6019  _SPITXINTB_ISR                  
1     00007050  _SciaRegs                       
1     00007750  _ScibRegs                       
0     003f6d28  _ServiceDog                     
1     00007040  _SpiaRegs                       
1     00007740  _SpibRegs                       
1     00007010  _SysCtrlRegs                    
1     00000985  _SysPwrCtrlRegs                 
0     003dc2f6  _TC_CONTROL                     
0     003f5ee3  _TINT0_ISR                      
0     003dc2f7  _TW_CONTROL                     
1     0000a0a2  _Tc                             
1     0000a0a0  _Tw                             
0     003f5ff1  _USB0_INT_ISR                   
0     003f5e93  _USER10_ISR                     
0     003f5e9d  _USER11_ISR                     
0     003f5ea7  _USER12_ISR                     
0     003f5e39  _USER1_ISR                      
0     003f5e43  _USER2_ISR                      
0     003f5e4d  _USER3_ISR                      
0     003f5e57  _USER4_ISR                      
0     003f5e61  _USER5_ISR                      
0     003f5e6b  _USER6_ISR                      
0     003f5e75  _USER7_ISR                      
0     003f5e7f  _USER8_ISR                      
0     003f5e89  _USER9_ISR                      
1     00004000  _Usb0Regs                       
0     003f5eed  _WAKEINT_ISR                    
0     003f5ec5  _XINT1_ISR                      
0     003f5ecf  _XINT2_ISR                      
0     003f614f  _XINT3_ISR                      
1     00007070  _XIntruptRegs                   
0     003f6e68  _XtalOscSel                     
1     00000250  __STACK_END                     
abs   00000200  __STACK_SIZE                    
abs   00000400  __SYSMEM_SIZE                   
1     0000a11a  ___TI_cleanup_ptr               
1     0000a11c  ___TI_dtors_ptr                 
1     0000a118  ___TI_enable_exit_profile_output
0     003f6418  ___TI_heap_check                
0     003f63fb  ___TI_heap_largest_available    
0     003f63de  ___TI_heap_total_available      
0     003f79ba  ___TI_ltoa                      
abs   ffffffff  ___TI_pprof_out_hndl            
0     003f4b53  ___TI_printfi                   
abs   ffffffff  ___TI_prof_data_size            
abs   ffffffff  ___TI_prof_data_start           
0     003f51bd  ___TI_scanfi                    
abs   ffffffff  ___binit__                      
abs   ffffffff  ___c_args__                     
0     003f7cc7  ___cinit__                      
0     003f7cc7  ___etext__                      
abs   ffffffff  ___pinit__                      
0     003f4000  ___text__                       
0     003f7c35  __args_main                     
0     003dc000  __ctypes_                       
1     0000a12e  __lock                          
0     003f7c95  __nop                           
0     003f7c91  __register_lock                 
0     003f7c8d  __register_unlock               
1     00000050  __stack                         
1     00008c00  __sys_memory                    
0     003f7cc6  __system_post_cinit             
0     003f7cc4  __system_pre_init               
1     0000a130  __unlock                        
0     003f7a3e  _abort                          
0     003f68e5  _adc_isr                        
0     003f5919  _add_data                       
0     003f58e8  _add_data_channel               
0     003f6338  _aligned_alloc                  
0     003f7959  _atoi                           
0     003f78d1  _c_int00                        
0     003f630b  _calloc                         
1     0000a085  _change_flag                    
0     003f58c1  _change_icon_state              
1     0000a12b  _cmd_len                        
1     0000a090  _cnt                            
1     0000a082  _cnt_Tx                         
0     003f7ada  _copy_in                        
0     003f6f66  _copy_operation                 
0     003f7c47  _copysign                       
0     003f7c47  _copysignf                      
0     003f7ab5  _copysignl                      
0     003f6754  _cpu_timer0_isr                 
0     003f68ac  _cpu_timer1_isr                 
0     003f5989  _delay_us                       
0     003f7b08  _disableAPWMGPIO                
0     003f6820  _ecap2_isr                      
0     003f7afe  _enableAPWMGPIO                 
0     003f5c6a  _enableOnePulseGPIO             
1     0000a0b9  _errno                          
0     003f7a40  _exit                           
0     003f61b9  _free                           
1     0000a03d  _frequency                      
0     003f781f  _frexpl                         
1     0000a132  _graph_id                       
0     003f5970  _icon_off_state                 
0     003f5957  _icon_on_state                  
1     0000a080  _index                          
0     003f5dab  _initAPWM                       
0     003f5caf  _initScreenDate                 
0     003f5c49  _init_ext_int                   
0     003f6ebc  _init_operation                 
0     003f7879  _ldexp                          
0     003f7879  _ldexpf                         
0     003f74e4  _ldexpl                         
1     0000a084  _low_freq_mode                  
1     0000a09c  _low_freq_period                
0     003f59a5  _main                           
0     003f618e  _malloc                         
0     003f6338  _memalign                       
0     003f7c58  _memccpy                        
0     003f7b9b  _memcpy                         
0     003f7cb8  _memset                         
0     003f6307  _minit                          
1     0000a086  _num1                           
1     0000a0ae  _num2                           
1     0000a08a  _one_pulse_flag                 
1     0000a0c0  _operation                      
1     0000a083  _period                         
1     0000a0a8  _phase2                         
1     0000a0ba  _phase_us                       
1     0000a072  _pin_array                      
1     0000a088  _pre_state                      
0     003f54b7  _process_cmd                    
1     0000a081  _pulse_source_index             
1     0000a094  _pwm1_cmp                       
1     0000a092  _pwm1_prd                       
1     0000a098  _pwm2_cmp                       
1     0000a096  _pwm2_pha                       
1     0000a09a  _pwm2_prd                       
1     0000a000  _rdataA                         
1     0000a040  _rdataB                         
0     003f6283  _realloc                        
1     0000a0f6  _received_len                   
1     0000a12a  _reset_flag                     
0     003f6184  _rsvd_ISR                       
1     0000a08d  _sample_finished_flag           
1     0000a08b  _sampled_voltage                
1     0000a0b0  _sampled_voltage_conv           
0     003f7879  _scalbn                         
0     003f7879  _scalbnf                        
0     003f74e4  _scalbnl                        
0     003f5777  _sci_msg                        
0     003f5731  _sci_xmit                       
0     003f574e  _sci_xmit_2byte                 
0     003f669d  _sciaRxFifoIsr                  
0     003f56fb  _scia_echoback_init             
0     003f6706  _scibRxFifoIsr                  
0     003f5716  _scib_echoback_init             
1     0000a134  _screen_id0                     
1     0000a122  _send_begin                     
1     0000a125  _send_begin_hide                
1     0000a0fc  _send_end                       
0     003f5859  _send_two_byte_data             
0     003f5c16  _set_pwm_frequency              
0     003f5c03  _set_pwm_phase                  
0     003f5be3  _set_pwm_width                  
1     0000a079  _set_timer                      
0     003f6fa8  _single_pulse_start             
0     003f6f77  _sort_operation                 
0     003f7927  _sprintf                        
0     003f77c2  _sscanf                         
1     0000a136  _start_off_icon                 
1     0000a138  _start_on_icon                  
1     0000a032  _start_timer                    
1     0000a087  _state                          
0     003f5c31  _stop_PWM                       
1     0000a089  _stop_cmd_flag                  
1     0000a13a  _stop_off_icon                  
1     0000a13c  _stop_on_icon                   
1     0000a0b2  _stop_timer                     
0     003f7c76  _strchr                         
0     003f7cbf  _strcpy                         
0     003f7cb0  _strlen                         
0     003f7c82  _strrchr                        
0     003f6b0f  _strtod                         
0     003f6b0f  _strtof                         
0     003f7360  _strtol                         
0     003f641a  _strtold                        
0     003f7017  _strtoll                        
0     003f7433  _strtoul                        
0     003f725d  _strtoull                       
0     003f578b  _substring                      
0     003f6f52  _swap_operation                 
1     0000a0f7  _takeover_flag                  
1     0000a129  _test_data                      
1     0000a128  _test_flag                      
1     0000a12d  _test_uart_flag                 
1     0000a0aa  _timer_minute                   
1     0000a0ac  _timer_second                   
0     003f5831  _update_PC_data                 
0     003f58a2  _update_channel                 
0     003f587a  _update_progress                
0     003f57dd  _update_touch_data              
0     003f5810  _update_touch_int               
0     003f57b2  _valid_cmd                      
1     0000a08c  _voltage_max                    
0     003f77b2  _vsscanf                        
1     0000a12c  _wait_flag                      
0     003f7c9f  _wcslen                         
1     0000a0ea  _width1_us                      
1     0000a0f0  _width2_us                      
0     003f686e  _xint1_isr                      
abs   ffffffff  binit                           
0     003f7cc7  cinit                           
0     003f7ff6  code_start                      
0     003f7cc7  etext                           
abs   ffffffff  pinit                           


GLOBAL SYMBOLS: SORTED BY Symbol Address 

page  address   name                            
----  -------   ----                            
0     00008000  _InitFlash                      
0     00008000  _RamfuncsRunStart               
0     0000801b  _DSP28x_usDelay                 
0     003dc000  __ctypes_                       
0     003dc102  _PieVectTableInit               
0     003dc2e4  _PULSE1_CONTROL_1               
0     003dc2e5  _PULSE1_CONTROL_2               
0     003dc2e6  _PULSE1_CONTROL_3               
0     003dc2e7  _PULSE2_CONTROL_1               
0     003dc2e8  _PULSE2_CONTROL_2               
0     003dc2e9  _PULSE2_CONTROL_3               
0     003dc2ea  _D1_CONTROL                     
0     003dc2eb  _D2_CONTROL                     
0     003dc2ec  _PHASE2_CONTROL                 
0     003dc2ed  _M34_CONTROL                    
0     003dc2ee  _PHASE_CONTROL_1                
0     003dc2ef  _PHASE_CONTROL_2                
0     003dc2f0  _PHASE_CONTROL_3                
0     003dc2f1  _FREQUENCY_CONTROL_1            
0     003dc2f2  _FREQUENCY_CONTROL_2            
0     003dc2f3  _FREQUENCY_CONTROL_3            
0     003dc2f4  _MINIUTE_CONTROL                
0     003dc2f5  _SECOND_CONTROL                 
0     003dc2f6  _TC_CONTROL                     
0     003dc2f7  _TW_CONTROL                     
0     003dc2f8  _INDEX_CONTROL                  
0     003e8000  _RamfuncsLoadStart              
0     003e801f  _RamfuncsLoadEnd                
0     003f4000  .text                           
0     003f4000  ___text__                       
0     003f4b53  ___TI_printfi                   
0     003f51bd  ___TI_scanfi                    
0     003f54b7  _process_cmd                    
0     003f56fb  _scia_echoback_init             
0     003f5716  _scib_echoback_init             
0     003f5731  _sci_xmit                       
0     003f574e  _sci_xmit_2byte                 
0     003f5777  _sci_msg                        
0     003f578b  _substring                      
0     003f57b2  _valid_cmd                      
0     003f57dd  _update_touch_data              
0     003f5810  _update_touch_int               
0     003f5831  _update_PC_data                 
0     003f5859  _send_two_byte_data             
0     003f587a  _update_progress                
0     003f58a2  _update_channel                 
0     003f58c1  _change_icon_state              
0     003f58e8  _add_data_channel               
0     003f5919  _add_data                       
0     003f5957  _icon_on_state                  
0     003f5970  _icon_off_state                 
0     003f5989  _delay_us                       
0     003f59a5  _main                           
0     003f5be3  _set_pwm_width                  
0     003f5c03  _set_pwm_phase                  
0     003f5c16  _set_pwm_frequency              
0     003f5c31  _stop_PWM                       
0     003f5c49  _init_ext_int                   
0     003f5c6a  _enableOnePulseGPIO             
0     003f5caf  _initScreenDate                 
0     003f5dab  _initAPWM                       
0     003f5df3  _INT13_ISR                      
0     003f5dfd  _INT14_ISR                      
0     003f5e07  _DATALOG_ISR                    
0     003f5e11  _RTOSINT_ISR                    
0     003f5e1b  _EMUINT_ISR                     
0     003f5e25  _NMI_ISR                        
0     003f5e2f  _ILLEGAL_ISR                    
0     003f5e39  _USER1_ISR                      
0     003f5e43  _USER2_ISR                      
0     003f5e4d  _USER3_ISR                      
0     003f5e57  _USER4_ISR                      
0     003f5e61  _USER5_ISR                      
0     003f5e6b  _USER6_ISR                      
0     003f5e75  _USER7_ISR                      
0     003f5e7f  _USER8_ISR                      
0     003f5e89  _USER9_ISR                      
0     003f5e93  _USER10_ISR                     
0     003f5e9d  _USER11_ISR                     
0     003f5ea7  _USER12_ISR                     
0     003f5eb1  _ADCINT1_ISR                    
0     003f5ebb  _ADCINT2_ISR                    
0     003f5ec5  _XINT1_ISR                      
0     003f5ecf  _XINT2_ISR                      
0     003f5ed9  _ADCINT9_ISR                    
0     003f5ee3  _TINT0_ISR                      
0     003f5eed  _WAKEINT_ISR                    
0     003f5ef7  _EPWM1_TZINT_ISR                
0     003f5f01  _EPWM2_TZINT_ISR                
0     003f5f0b  _EPWM3_TZINT_ISR                
0     003f5f15  _EPWM4_TZINT_ISR                
0     003f5f1f  _EPWM5_TZINT_ISR                
0     003f5f29  _EPWM6_TZINT_ISR                
0     003f5f33  _EPWM7_TZINT_ISR                
0     003f5f3d  _EPWM8_TZINT_ISR                
0     003f5f47  _EPWM1_INT_ISR                  
0     003f5f51  _EPWM2_INT_ISR                  
0     003f5f5b  _EPWM3_INT_ISR                  
0     003f5f65  _EPWM4_INT_ISR                  
0     003f5f6f  _EPWM5_INT_ISR                  
0     003f5f79  _EPWM6_INT_ISR                  
0     003f5f83  _EPWM7_INT_ISR                  
0     003f5f8d  _EPWM8_INT_ISR                  
0     003f5f97  _ECAP1_INT_ISR                  
0     003f5fa1  _ECAP2_INT_ISR                  
0     003f5fab  _ECAP3_INT_ISR                  
0     003f5fb5  _HRCAP1_INT_ISR                 
0     003f5fbf  _HRCAP2_INT_ISR                 
0     003f5fc9  _EQEP1_INT_ISR                  
0     003f5fd3  _EQEP2_INT_ISR                  
0     003f5fdd  _HRCAP3_INT_ISR                 
0     003f5fe7  _HRCAP4_INT_ISR                 
0     003f5ff1  _USB0_INT_ISR                   
0     003f5ffb  _SPIRXINTA_ISR                  
0     003f6005  _SPITXINTA_ISR                  
0     003f600f  _SPIRXINTB_ISR                  
0     003f6019  _SPITXINTB_ISR                  
0     003f6023  _MRINTA_ISR                     
0     003f602d  _MXINTA_ISR                     
0     003f6037  _DINTCH1_ISR                    
0     003f6041  _DINTCH2_ISR                    
0     003f604b  _DINTCH3_ISR                    
0     003f6055  _DINTCH4_ISR                    
0     003f605f  _DINTCH5_ISR                    
0     003f6069  _DINTCH6_ISR                    
0     003f6073  _I2CINT1A_ISR                   
0     003f607d  _I2CINT2A_ISR                   
0     003f6087  _SCIRXINTA_ISR                  
0     003f6091  _SCITXINTA_ISR                  
0     003f609b  _SCIRXINTB_ISR                  
0     003f60a5  _SCITXINTB_ISR                  
0     003f60af  _ECAN0INTA_ISR                  
0     003f60b9  _ECAN1INTA_ISR                  
0     003f60c3  _ADCINT3_ISR                    
0     003f60cd  _ADCINT4_ISR                    
0     003f60d7  _ADCINT5_ISR                    
0     003f60e1  _ADCINT6_ISR                    
0     003f60eb  _ADCINT7_ISR                    
0     003f60f5  _ADCINT8_ISR                    
0     003f60ff  _CLA1_INT1_ISR                  
0     003f6109  _CLA1_INT2_ISR                  
0     003f6113  _CLA1_INT3_ISR                  
0     003f611d  _CLA1_INT4_ISR                  
0     003f6127  _CLA1_INT5_ISR                  
0     003f6131  _CLA1_INT6_ISR                  
0     003f613b  _CLA1_INT7_ISR                  
0     003f6145  _CLA1_INT8_ISR                  
0     003f614f  _XINT3_ISR                      
0     003f6159  _LVF_ISR                        
0     003f6163  _LUF_ISR                        
0     003f616d  _EMPTY_ISR                      
0     003f617a  _PIE_RESERVED                   
0     003f6184  _rsvd_ISR                       
0     003f618e  _malloc                         
0     003f61b9  _free                           
0     003f6283  _realloc                        
0     003f6307  _minit                          
0     003f630b  _calloc                         
0     003f6338  _aligned_alloc                  
0     003f6338  _memalign                       
0     003f63de  ___TI_heap_total_available      
0     003f63fb  ___TI_heap_largest_available    
0     003f6418  ___TI_heap_check                
0     003f641a  _strtold                        
0     003f669d  _sciaRxFifoIsr                  
0     003f6706  _scibRxFifoIsr                  
0     003f6754  _cpu_timer0_isr                 
0     003f6820  _ecap2_isr                      
0     003f686e  _xint1_isr                      
0     003f68ac  _cpu_timer1_isr                 
0     003f68e5  _adc_isr                        
0     003f68fe  _InitAdc                        
0     003f6929  _InitAdcAio                     
0     003f694b  _AdcOffsetSelfCal               
0     003f6972  _AdcChanSelect                  
0     003f69e7  _AdcConversion                  
0     003f6b0f  _strtod                         
0     003f6b0f  _strtof                         
0     003f6d0e  _InitSysCtrl                    
0     003f6d28  _ServiceDog                     
0     003f6d32  _DisableDog                     
0     003f6d3a  _InitPll                        
0     003f6d8f  _InitPll2                       
0     003f6dbd  _InitPeripheralClocks           
0     003f6e13  _CsmUnlock                      
0     003f6e44  _IntOsc1Sel                     
0     003f6e54  _IntOsc2Sel                     
0     003f6e68  _XtalOscSel                     
0     003f6e84  _ExtOscSel                      
0     003f6ea6  _GPA_SET                        
0     003f6eb1  _GPA_CLEAR                      
0     003f6ebc  _init_operation                 
0     003f6f52  _swap_operation                 
0     003f6f66  _copy_operation                 
0     003f6f77  _sort_operation                 
0     003f6fa8  _single_pulse_start             
0     003f7017  _strtoll                        
0     003f7156  LL$$DIV                         
0     003f7192  LL$$MOD                         
0     003f71cc  ULL$$DIV                        
0     003f71fb  ULL$$MOD                        
0     003f725d  _strtoull                       
0     003f7360  _strtol                         
0     003f7433  _strtoul                        
0     003f74e4  _ldexpl                         
0     003f74e4  _scalbnl                        
0     003f7592  FD$$ADD                         
0     003f762e  FD$$DIV                         
0     003f76b9  FD$$MPY                         
0     003f773c  _InitCpuTimers                  
0     003f7777  _ConfigCpuTimer                 
0     003f77b2  _vsscanf                        
0     003f77c2  _sscanf                         
0     003f781f  _frexpl                         
0     003f7879  _ldexp                          
0     003f7879  _ldexpf                         
0     003f7879  _scalbn                         
0     003f7879  _scalbnf                        
0     003f78d1  _c_int00                        
0     003f7927  _sprintf                        
0     003f7959  _atoi                           
0     003f798a  _InitSci                        
0     003f798b  _InitSciGpio                    
0     003f7990  _InitSciaGpio                   
0     003f79a6  _InitScibGpio                   
0     003f79ba  ___TI_ltoa                      
0     003f79ea  FD$$CMP                         
0     003f7a14  L$$DIV                          
0     003f7a23  L$$MOD                          
0     003f7a31  UL$$DIV                         
0     003f7a38  UL$$MOD                         
0     003f7a3e  C$$EXIT                         
0     003f7a3e  _abort                          
0     003f7a40  _exit                           
0     003f7a67  _InitPieCtrl                    
0     003f7a86  _EnableInterrupts               
0     003f7a8f  _InitPieVectTable               
0     003f7ab5  _copysignl                      
0     003f7ada  _copy_in                        
0     003f7afe  _enableAPWMGPIO                 
0     003f7b08  _disableAPWMGPIO                
0     003f7b20  FD$$TOI                         
0     003f7b41  FD$$TOL                         
0     003f7b60  LL$$CMP                         
0     003f7b72  ULL$$CMP                        
0     003f7b7e  I$$TOFD                         
0     003f7b9b  _memcpy                         
0     003f7bb8  FS$$TOFD                        
0     003f7bd4  L$$TOFD                         
0     003f7bf0  FS$$DIV                         
0     003f7c09  LL$$AND                         
0     003f7c11  LL$$OR                          
0     003f7c19  LL$$XOR                         
0     003f7c21  LL$$MPY                         
0     003f7c35  __args_main                     
0     003f7c47  _copysign                       
0     003f7c47  _copysignf                      
0     003f7c58  _memccpy                        
0     003f7c68  FD$$SUB                         
0     003f7c76  _strchr                         
0     003f7c82  _strrchr                        
0     003f7c8d  __register_unlock               
0     003f7c91  __register_lock                 
0     003f7c95  __nop                           
0     003f7c96  FD$$NEG                         
0     003f7c9f  _wcslen                         
0     003f7cb0  _strlen                         
0     003f7cb8  _memset                         
0     003f7cbf  _strcpy                         
0     003f7cc4  __system_pre_init               
0     003f7cc6  __system_post_cinit             
0     003f7cc7  ___cinit__                      
0     003f7cc7  ___etext__                      
0     003f7cc7  cinit                           
0     003f7cc7  etext                           
0     003f7ff6  code_start                      
1     00000050  __stack                         
1     00000250  __STACK_END                     
1     00000880  _DevEmuRegs                     
1     00000985  _SysPwrCtrlRegs                 
1     00000a80  _FlashRegs                      
1     00000ae0  _CsmRegs                        
1     00000b00  _AdcResult                      
1     00000c00  _CpuTimer0Regs                  
1     00000c08  _CpuTimer1Regs                  
1     00000c10  _CpuTimer2Regs                  
1     00000ce0  _PieCtrlRegs                    
1     00000d00  _EmuKey                         
1     00000d00  _PieVectTable                   
1     00000d01  _EmuBMode                       
1     00000d02  _Flash_CallbackPtr              
1     00000d04  _Flash_CPUScaleFactor           
1     00001000  _DmaRegs                        
1     00001400  _Cla1Regs                       
1     00004000  _Usb0Regs                       
1     00005000  _McbspaRegs                     
1     00006000  _ECanaRegs                      
1     00006040  _ECanaLAMRegs                   
1     00006080  _ECanaMOTSRegs                  
1     000060c0  _ECanaMOTORegs                  
1     00006100  _ECanaMboxes                    
1     00006400  _Comp1Regs                      
1     00006420  _Comp2Regs                      
1     00006440  _Comp3Regs                      
1     00006800  _EPwm1Regs                      
1     00006840  _EPwm2Regs                      
1     00006880  _EPwm3Regs                      
1     000068c0  _EPwm4Regs                      
1     00006900  _EPwm5Regs                      
1     00006940  _EPwm6Regs                      
1     00006980  _EPwm7Regs                      
1     000069c0  _EPwm8Regs                      
1     00006a00  _ECap1Regs                      
1     00006a20  _ECap2Regs                      
1     00006a40  _ECap3Regs                      
1     00006ac0  _HRCap1Regs                     
1     00006ae0  _HRCap2Regs                     
1     00006b00  _EQep1Regs                      
1     00006b40  _EQep2Regs                      
1     00006c80  _HRCap3Regs                     
1     00006ca0  _HRCap4Regs                     
1     00006f80  _GpioCtrlRegs                   
1     00006fc0  _GpioDataRegs                   
1     00006fe0  _GpioIntRegs                    
1     00007010  _SysCtrlRegs                    
1     00007040  _SpiaRegs                       
1     00007050  _SciaRegs                       
1     00007060  _NmiIntruptRegs                 
1     00007070  _XIntruptRegs                   
1     00007100  _AdcRegs                        
1     00007740  _SpibRegs                       
1     00007750  _ScibRegs                       
1     00007900  _I2caRegs                       
1     00008c00  __sys_memory                    
1     0000a000  _rdataA                         
1     0000a032  _start_timer                    
1     0000a03d  _frequency                      
1     0000a040  _rdataB                         
1     0000a072  _pin_array                      
1     0000a079  _set_timer                      
1     0000a080  _index                          
1     0000a081  _pulse_source_index             
1     0000a082  _cnt_Tx                         
1     0000a083  _period                         
1     0000a084  _low_freq_mode                  
1     0000a085  _change_flag                    
1     0000a086  _num1                           
1     0000a087  _state                          
1     0000a088  _pre_state                      
1     0000a089  _stop_cmd_flag                  
1     0000a08a  _one_pulse_flag                 
1     0000a08b  _sampled_voltage                
1     0000a08c  _voltage_max                    
1     0000a08d  _sample_finished_flag           
1     0000a08e  _PWM_CLK_DIV                    
1     0000a090  _cnt                            
1     0000a092  _pwm1_prd                       
1     0000a094  _pwm1_cmp                       
1     0000a096  _pwm2_pha                       
1     0000a098  _pwm2_cmp                       
1     0000a09a  _pwm2_prd                       
1     0000a09c  _low_freq_period                
1     0000a09e  _D1                             
1     0000a0a0  _Tw                             
1     0000a0a2  _Tc                             
1     0000a0a4  _D2                             
1     0000a0a6  _M34                            
1     0000a0a8  _phase2                         
1     0000a0aa  _timer_minute                   
1     0000a0ac  _timer_second                   
1     0000a0ae  _num2                           
1     0000a0b0  _sampled_voltage_conv           
1     0000a0b2  _stop_timer                     
1     0000a0b9  _errno                          
1     0000a0ba  _phase_us                       
1     0000a0c0  _operation                      
1     0000a0ea  _width1_us                      
1     0000a0f0  _width2_us                      
1     0000a0f6  _received_len                   
1     0000a0f7  _takeover_flag                  
1     0000a0fc  _send_end                       
1     0000a100  _CpuTimer0                      
1     0000a108  _CpuTimer1                      
1     0000a110  _CpuTimer2                      
1     0000a118  ___TI_enable_exit_profile_output
1     0000a11a  ___TI_cleanup_ptr               
1     0000a11c  ___TI_dtors_ptr                 
1     0000a122  _send_begin                     
1     0000a125  _send_begin_hide                
1     0000a128  _test_flag                      
1     0000a129  _test_data                      
1     0000a12a  _reset_flag                     
1     0000a12b  _cmd_len                        
1     0000a12c  _wait_flag                      
1     0000a12d  _test_uart_flag                 
1     0000a12e  __lock                          
1     0000a130  __unlock                        
1     0000a132  _graph_id                       
1     0000a134  _screen_id0                     
1     0000a136  _start_off_icon                 
1     0000a138  _start_on_icon                  
1     0000a13a  _stop_off_icon                  
1     0000a13c  _stop_on_icon                   
1     003d7e80  _PartIdRegs                     
1     003f7ff8  _CsmPwl                         
abs   0000001f  _RamfuncsLoadSize               
abs   00000200  __STACK_SIZE                    
abs   00000400  __SYSMEM_SIZE                   
abs   ffffffff  ___TI_pprof_out_hndl            
abs   ffffffff  ___TI_prof_data_size            
abs   ffffffff  ___TI_prof_data_start           
abs   ffffffff  ___binit__                      
abs   ffffffff  ___c_args__                     
abs   ffffffff  ___pinit__                      
abs   ffffffff  binit                           
abs   ffffffff  pinit                           

[416 symbols]
